Component: ARM Compiler 5.05 update 1 (build 106) Tool: armlink [4d0efa]

==============================================================================

Section Cross References

    main.o(i.assert_nrf_callback) refers to app_error.o(i.app_error_handler) for app_error_handler
    main.o(i.bas_c_evt_handler) refers to nrf_log_frontend.o(i.nrf_log_frontend_std_1) for nrf_log_frontend_std_1
    main.o(i.bas_c_evt_handler) refers to ble_bas_c.o(i.ble_bas_c_handles_assign) for ble_bas_c_handles_assign
    main.o(i.bas_c_evt_handler) refers to app_error.o(i.app_error_handler_bare) for app_error_handler_bare
    main.o(i.bas_c_evt_handler) refers to peer_manager.o(i.pm_conn_secure) for pm_conn_secure
    main.o(i.bas_c_evt_handler) refers to ble_bas_c.o(i.ble_bas_c_bl_read) for ble_bas_c_bl_read
    main.o(i.bas_c_evt_handler) refers to ble_bas_c.o(i.ble_bas_c_bl_notif_enable) for ble_bas_c_bl_notif_enable
    main.o(i.bas_c_evt_handler) refers to nrf_log_frontend.o(log_dynamic_data) for m_nrf_log_app_logs_data_dynamic
    main.o(i.ble_evt_handler) refers to nrf_log_frontend.o(i.nrf_log_frontend_std_6) for nrf_log_frontend_std_6
    main.o(i.ble_evt_handler) refers to memcmp.o(.text) for memcmp
    main.o(i.ble_evt_handler) refers to nrf_log_frontend.o(i.nrf_log_frontend_std_0) for nrf_log_frontend_std_0
    main.o(i.ble_evt_handler) refers to ble_db_discovery.o(i.ble_db_discovery_start) for ble_db_discovery_start
    main.o(i.ble_evt_handler) refers to app_error.o(i.app_error_handler_bare) for app_error_handler_bare
    main.o(i.ble_evt_handler) refers to bsp.o(i.bsp_indication_set) for bsp_indication_set
    main.o(i.ble_evt_handler) refers to ble_conn_state.o(i.ble_conn_state_n_centrals) for ble_conn_state_n_centrals
    main.o(i.ble_evt_handler) refers to strlen.o(.text) for strlen
    main.o(i.ble_evt_handler) refers to main.o(i.adv_report_parse) for adv_report_parse
    main.o(i.ble_evt_handler) refers to nrf_log_frontend.o(i.nrf_log_frontend_std_1) for nrf_log_frontend_std_1
    main.o(i.ble_evt_handler) refers to main.o(i.scan_start) for scan_start
    main.o(i.ble_evt_handler) refers to nrf_log_frontend.o(log_dynamic_data) for m_nrf_log_app_logs_data_dynamic
    main.o(i.ble_evt_handler) refers to main.o(.data) for .data
    main.o(i.ble_evt_handler) refers to main.o(.constdata) for .constdata
    main.o(i.bsp_event_handler) refers to nrf_pwr_mgmt.o(i.nrf_pwr_mgmt_shutdown) for nrf_pwr_mgmt_shutdown
    main.o(i.bsp_event_handler) refers to app_error.o(i.app_error_handler_bare) for app_error_handler_bare
    main.o(i.bsp_event_handler) refers to nrf_log_frontend.o(i.nrf_log_frontend_std_0) for nrf_log_frontend_std_0
    main.o(i.bsp_event_handler) refers to main.o(i.scan_start) for scan_start
    main.o(i.bsp_event_handler) refers to main.o(.data) for .data
    main.o(i.bsp_event_handler) refers to nrf_log_frontend.o(log_dynamic_data) for m_nrf_log_app_logs_data_dynamic
    main.o(i.db_disc_handler) refers to ble_hrs_c.o(i.ble_hrs_on_db_disc_evt) for ble_hrs_on_db_disc_evt
    main.o(i.db_disc_handler) refers to ble_bas_c.o(i.ble_bas_on_db_disc_evt) for ble_bas_on_db_disc_evt
    main.o(i.db_disc_handler) refers to main.o(.bss) for .bss
    main.o(i.gatt_evt_handler) refers to nrf_log_frontend.o(i.nrf_log_frontend_std_2) for nrf_log_frontend_std_2
    main.o(i.gatt_evt_handler) refers to nrf_log_frontend.o(log_dynamic_data) for m_nrf_log_app_logs_data_dynamic
    main.o(i.hrs_c_evt_handler) refers to nrf_log_frontend.o(i.nrf_log_frontend_std_1) for nrf_log_frontend_std_1
    main.o(i.hrs_c_evt_handler) refers to ble_hrs_c.o(i.ble_hrs_c_handles_assign) for ble_hrs_c_handles_assign
    main.o(i.hrs_c_evt_handler) refers to app_error.o(i.app_error_handler_bare) for app_error_handler_bare
    main.o(i.hrs_c_evt_handler) refers to peer_manager.o(i.pm_conn_secure) for pm_conn_secure
    main.o(i.hrs_c_evt_handler) refers to ble_hrs_c.o(i.ble_hrs_c_hrm_notif_enable) for ble_hrs_c_hrm_notif_enable
    main.o(i.hrs_c_evt_handler) refers to nrf_log_frontend.o(log_dynamic_data) for m_nrf_log_app_logs_data_dynamic
    main.o(i.main) refers to app_timer.o(i.app_timer_init) for app_timer_init
    main.o(i.main) refers to app_error.o(i.app_error_handler_bare) for app_error_handler_bare
    main.o(i.main) refers to nrf_pwr_mgmt.o(i.nrf_pwr_mgmt_init) for nrf_pwr_mgmt_init
    main.o(i.main) refers to bsp.o(i.bsp_init) for bsp_init
    main.o(i.main) refers to bsp_btn_ble.o(i.bsp_btn_ble_init) for bsp_btn_ble_init
    main.o(i.main) refers to nrf_log_frontend.o(i.nrf_log_init) for nrf_log_init
    main.o(i.main) refers to nrf_log_default_backends.o(i.nrf_log_default_backends_init) for nrf_log_default_backends_init
    main.o(i.main) refers to nrf_sdh.o(i.nrf_sdh_enable_request) for nrf_sdh_enable_request
    main.o(i.main) refers to nrf_sdh_ble.o(i.nrf_sdh_ble_default_cfg_set) for nrf_sdh_ble_default_cfg_set
    main.o(i.main) refers to nrf_sdh_ble.o(i.nrf_sdh_ble_enable) for nrf_sdh_ble_enable
[...]
    nrf_drv_gpiote_init                      0x00027bc1   Thumb Code    84  nrf_drv_gpiote.o(i.nrf_drv_gpiote_init)
    nrf_drv_gpiote_is_init                   0x00027c1d   Thumb Code    14  nrf_drv_gpiote.o(i.nrf_drv_gpiote_is_init)
    nrf_fprintf                              0x00027c31   Thumb Code    26  nrf_fprintf.o(i.nrf_fprintf)
    nrf_fprintf_buffer_flush                 0x00027c4b   Thumb Code    24  nrf_fprintf.o(i.nrf_fprintf_buffer_flush)
    nrf_fprintf_fmt                          0x00027c63   Thumb Code   474  nrf_fprintf_format.o(i.nrf_fprintf_fmt)
    nrf_fstorage_erase                       0x00027e3d   Thumb Code    78  nrf_fstorage.o(i.nrf_fstorage_erase)
    nrf_fstorage_init                        0x00027e8b   Thumb Code    16  nrf_fstorage.o(i.nrf_fstorage_init)
    nrf_fstorage_is_busy                     0x00027e9d   Thumb Code    70  nrf_fstorage.o(i.nrf_fstorage_is_busy)
    nrf_fstorage_sdh_req_handler             0x00027eed   Thumb Code    18  nrf_fstorage_sd.o(i.nrf_fstorage_sdh_req_handler)
    nrf_fstorage_sdh_state_handler           0x00027f05   Thumb Code    28  nrf_fstorage_sd.o(i.nrf_fstorage_sdh_state_handler)
    nrf_fstorage_sys_evt_handler             0x00027f25   Thumb Code   150  nrf_fstorage_sd.o(i.nrf_fstorage_sys_evt_handler)
    nrf_fstorage_write                       0x00027fc9   Thumb Code   102  nrf_fstorage.o(i.nrf_fstorage_write)
    nrf_log_backend_add                      0x0002811d   Thumb Code    74  nrf_log_frontend.o(i.nrf_log_backend_add)
    nrf_log_backend_rtt_init                 0x0002816f   Thumb Code     4  nrf_log_backend_rtt.o(i.nrf_log_backend_rtt_init)
    nrf_log_backend_serial_put               0x0002818d   Thumb Code   210  nrf_log_backend_serial.o(i.nrf_log_backend_serial_put)
    nrf_log_color_id_get                     0x00028261   Thumb Code    42  nrf_log_frontend.o(i.nrf_log_color_id_get)
    nrf_log_default_backends_init            0x00028291   Thumb Code    22  nrf_log_default_backends.o(i.nrf_log_default_backends_init)
    nrf_log_frontend_dequeue                 0x000282ad   Thumb Code   488  nrf_log_frontend.o(i.nrf_log_frontend_dequeue)
    nrf_log_frontend_std_0                   0x0002849d   Thumb Code     8  nrf_log_frontend.o(i.nrf_log_frontend_std_0)
    nrf_log_frontend_std_1                   0x000284a5   Thumb Code    14  nrf_log_frontend.o(i.nrf_log_frontend_std_1)
    nrf_log_frontend_std_2                   0x000284b3   Thumb Code    16  nrf_log_frontend.o(i.nrf_log_frontend_std_2)
    nrf_log_frontend_std_3                   0x000284c3   Thumb Code    18  nrf_log_frontend.o(i.nrf_log_frontend_std_3)
    nrf_log_frontend_std_6                   0x000284d5   Thumb Code    28  nrf_log_frontend.o(i.nrf_log_frontend_std_6)
    nrf_log_hexdump_entry_process            0x000284f1   Thumb Code   146  nrf_log_str_formatter.o(i.nrf_log_hexdump_entry_process)
    nrf_log_init                             0x0002859d   Thumb Code    70  nrf_log_frontend.o(i.nrf_log_init)
    nrf_log_module_cnt_get                   0x000285f9   Thumb Code    10  nrf_log_frontend.o(i.nrf_log_module_cnt_get)
    nrf_log_module_name_get                  0x0002860d   Thumb Code    24  nrf_log_frontend.o(i.nrf_log_module_name_get)
    nrf_log_panic                            0x00028629   Thumb Code    34  nrf_log_frontend.o(i.nrf_log_panic)
    nrf_log_std_entry_process                0x00028651   Thumb Code   182  nrf_log_str_formatter.o(i.nrf_log_std_entry_process)
    nrf_memobj_alloc                         0x00028707   Thumb Code    96  nrf_memobj.o(i.nrf_memobj_alloc)
    nrf_memobj_free                          0x00028767   Thumb Code    50  nrf_memobj.o(i.nrf_memobj_free)
    nrf_memobj_get                           0x00028799   Thumb Code    14  nrf_memobj.o(i.nrf_memobj_get)
    nrf_memobj_pool_init                     0x000287a7   Thumb Code     4  nrf_memobj.o(i.nrf_memobj_pool_init)
    nrf_memobj_put                           0x000287ab   Thumb Code    34  nrf_memobj.o(i.nrf_memobj_put)
    nrf_memobj_read                          0x000287cd   Thumb Code    12  nrf_memobj.o(i.nrf_memobj_read)
    nrf_memobj_write                         0x000287d9   Thumb Code    12  nrf_memobj.o(i.nrf_memobj_write)
    nrf_pwr_mgmt_init                        0x000287e5   Thumb Code    28  nrf_pwr_mgmt.o(i.nrf_pwr_mgmt_init)
    nrf_pwr_mgmt_run                         0x0002880d   Thumb Code    64  nrf_pwr_mgmt.o(i.nrf_pwr_mgmt_run)
    nrf_pwr_mgmt_shutdown                    0x00028851   Thumb Code    58  nrf_pwr_mgmt.o(i.nrf_pwr_mgmt_shutdown)
    nrf_sdh_ble_app_ram_start_get            0x00028891   Thumb Code    16  nrf_sdh_ble.o(i.nrf_sdh_ble_app_ram_start_get)
    nrf_sdh_ble_default_cfg_set              0x000288a5   Thumb Code   314  nrf_sdh_ble.o(i.nrf_sdh_ble_default_cfg_set)
    nrf_sdh_ble_enable                       0x000289fd   Thumb Code    96  nrf_sdh_ble.o(i.nrf_sdh_ble_enable)
    nrf_sdh_disable_request                  0x00028b25   Thumb Code    54  nrf_sdh.o(i.nrf_sdh_disable_request)
    nrf_sdh_enable_request                   0x00028b61   Thumb Code    96  nrf_sdh.o(i.nrf_sdh_enable_request)
    nrf_sdh_evts_poll                        0x00028bcd   Thumb Code    32  nrf_sdh.o(i.nrf_sdh_evts_poll)
    nrf_sdh_is_enabled                       0x00028bf1   Thumb Code     6  nrf_sdh.o(i.nrf_sdh_is_enabled)
    nrf_sdh_request_continue                 0x00028bfd   Thumb Code    22  nrf_sdh.o(i.nrf_sdh_request_continue)
    nrf_section_iter_init                    0x00028c55   Thumb Code    10  nrf_section_iter.o(i.nrf_section_iter_init)
    nrf_section_iter_next                    0x00028c83   Thumb Code    32  nrf_section_iter.o(i.nrf_section_iter_next)
    nrf_strerror_find                        0x00028ca5   Thumb Code    52  nrf_strerror.o(i.nrf_strerror_find)
    nrf_strerror_get                         0x00028cdd   Thumb Code    14  nrf_strerror.o(i.nrf_strerror_get)
    pdb_init                                 0x00029429   Thumb Code    64  peer_database.o(i.pdb_init)
    pdb_next_deleted_peer_id_get             0x00029471   Thumb Code     4  peer_database.o(i.pdb_next_deleted_peer_id_get)
    pdb_next_peer_id_get                     0x00029475   Thumb Code     4  peer_database.o(i.pdb_next_peer_id_get)
    pdb_pds_evt_handler                      0x00029479   Thumb Code   110  peer_database.o(i.pdb_pds_evt_handler)
    pdb_peer_allocate                        0x000294f1   Thumb Code     4  peer_database.o(i.pdb_peer_allocate)
    pdb_peer_data_load                       0x000294f5   Thumb Code    16  peer_database.o(i.pdb_peer_data_load)
    pdb_peer_data_ptr_get                    0x00029505   Thumb Code     6  peer_database.o(i.pdb_peer_data_ptr_get)
    pdb_peer_free                            0x0002950b   Thumb Code    68  peer_database.o(i.pdb_peer_free)
    pdb_raw_store                            0x0002954f   Thumb Code     8  peer_database.o(i.pdb_raw_store)
    pdb_write_buf_get                        0x00029559   Thumb Code   256  peer_database.o(i.pdb_write_buf_get)
    pdb_write_buf_release                    0x0002965d   Thumb Code    40  peer_database.o(i.pdb_write_buf_release)
    pdb_write_buf_store                      0x00029685   Thumb Code    40  peer_database.o(i.pdb_write_buf_store)
    pdb_write_buf_store_prepare              0x000296ad   Thumb Code    98  peer_database.o(i.pdb_write_buf_store_prepare)
    pds_init                                 0x00029725   Thumb Code    98  peer_data_storage.o(i.pds_init)
    pds_next_deleted_peer_id_get             0x00029791   Thumb Code     4  peer_data_storage.o(i.pds_next_deleted_peer_id_get)
    pds_next_peer_id_get                     0x00029795   Thumb Code     4  peer_data_storage.o(i.pds_next_peer_id_get)
    pds_peer_data_iterate                    0x00029799   Thumb Code    84  peer_data_storage.o(i.pds_peer_data_iterate)
    pds_peer_data_iterate_prepare            0x000297f1   Thumb Code    10  peer_data_storage.o(i.pds_peer_data_iterate_prepare)
    pds_peer_data_read                       0x00029801   Thumb Code   104  peer_data_storage.o(i.pds_peer_data_read)
    pds_peer_data_store                      0x00029869   Thumb Code   150  peer_data_storage.o(i.pds_peer_data_store)
    pds_peer_id_allocate                     0x000298ff   Thumb Code     8  peer_data_storage.o(i.pds_peer_id_allocate)
    pds_peer_id_free                         0x00029907   Thumb Code    22  peer_data_storage.o(i.pds_peer_id_free)
    pds_peer_id_is_allocated                 0x0002991d   Thumb Code     4  peer_data_storage.o(i.pds_peer_id_is_allocated)
    pds_space_reserve                        0x00029921   Thumb Code    46  peer_data_storage.o(i.pds_space_reserve)
    pds_space_reserve_cancel                 0x0002994f   Thumb Code    16  peer_data_storage.o(i.pds_space_reserve_cancel)
    peer_id_allocate                         0x00029a65   Thumb Code     6  peer_id.o(i.peer_id_allocate)
    peer_id_delete                           0x00029a71   Thumb Code    32  peer_id.o(i.peer_id_delete)
    peer_id_free                             0x00029a95   Thumb Code    24  peer_id.o(i.peer_id_free)
    peer_id_get_next_deleted                 0x00029ab1   Thumb Code     6  peer_id.o(i.peer_id_get_next_deleted)
    peer_id_get_next_used                    0x00029abd   Thumb Code    42  peer_id.o(i.peer_id_get_next_used)
    peer_id_init                             0x00029aed   Thumb Code    36  peer_id.o(i.peer_id_init)
    peer_id_is_allocated                     0x00029b15   Thumb Code    16  peer_id.o(i.peer_id_is_allocated)
    peer_id_is_deleted                       0x00029b29   Thumb Code    16  peer_id.o(i.peer_id_is_deleted)
    pm_buffer_block_acquire                  0x00029d8d   Thumb Code    92  pm_buffer.o(i.pm_buffer_block_acquire)
    pm_buffer_init                           0x00029de9   Thumb Code    64  pm_buffer.o(i.pm_buffer_init)
    pm_buffer_ptr_get                        0x00029e29   Thumb Code    40  pm_buffer.o(i.pm_buffer_ptr_get)
    pm_buffer_release                        0x00029e51   Thumb Code    46  pm_buffer.o(i.pm_buffer_release)
    pm_conn_sec_config_reply                 0x00029e7f   Thumb Code    10  peer_manager.o(i.pm_conn_sec_config_reply)
    pm_conn_secure                           0x00029e89   Thumb Code    14  peer_manager.o(i.pm_conn_secure)
    pm_device_identities_list_set            0x00029e9d   Thumb Code    14  peer_manager.o(i.pm_device_identities_list_set)
    pm_gcm_evt_handler                       0x00029fad   Thumb Code     4  peer_manager.o(i.pm_gcm_evt_handler)
    pm_im_evt_handler                        0x00029fb1   Thumb Code    30  peer_manager.o(i.pm_im_evt_handler)
    pm_init                                  0x00029fd5   Thumb Code    84  peer_manager.o(i.pm_init)
    pm_local_database_has_changed            0x0002a02d   Thumb Code    14  peer_manager.o(i.pm_local_database_has_changed)
    pm_mutex_init                            0x0002a041   Thumb Code    14  pm_mutex.o(i.pm_mutex_init)
    pm_mutex_lock                            0x0002a04f   Thumb Code    26  pm_mutex.o(i.pm_mutex_lock)
    pm_mutex_lock_first_available            0x0002a069   Thumb Code    54  pm_mutex.o(i.pm_mutex_lock_first_available)
    pm_mutex_lock_status_get                 0x0002a09f   Thumb Code    24  pm_mutex.o(i.pm_mutex_lock_status_get)
    pm_mutex_unlock                          0x0002a0b7   Thumb Code    58  pm_mutex.o(i.pm_mutex_unlock)
    pm_next_peer_id_get                      0x0002a0f1   Thumb Code    16  peer_manager.o(i.pm_next_peer_id_get)
    pm_pdb_evt_handler                       0x0002a105   Thumb Code   276  peer_manager.o(i.pm_pdb_evt_handler)
    pm_peer_delete                           0x0002a21d   Thumb Code    14  peer_manager.o(i.pm_peer_delete)
    pm_peer_ranks_get                        0x0002a231   Thumb Code   176  peer_manager.o(i.pm_peer_ranks_get)
    pm_peers_delete                          0x0002a2e9   Thumb Code    98  peer_manager.o(i.pm_peers_delete)
    pm_register                              0x0002a351   Thumb Code    34  peer_manager.o(i.pm_register)
    pm_sec_params_set                        0x0002a37d   Thumb Code    14  peer_manager.o(i.pm_sec_params_set)
    pm_sm_evt_handler                        0x0002a391   Thumb Code    46  peer_manager.o(i.pm_sm_evt_handler)
    pm_whitelist_get                         0x0002a3c5   Thumb Code    38  peer_manager.o(i.pm_whitelist_get)
    pm_whitelist_set                         0x0002a3f1   Thumb Code    14  peer_manager.o(i.pm_whitelist_set)
    sdk_mapped_flags_bulk_update_by_key      0x0002ab31   Thumb Code    68  sdk_mapped_flags.o(i.sdk_mapped_flags_bulk_update_by_key)
    sdk_mapped_flags_first_key_index_get     0x0002ab75   Thumb Code    34  sdk_mapped_flags.o(i.sdk_mapped_flags_first_key_index_get)
    sdk_mapped_flags_get_by_key              0x0002aba7   Thumb Code    38  sdk_mapped_flags.o(i.sdk_mapped_flags_get_by_key)
    sdk_mapped_flags_key_list_get            0x0002abcd   Thumb Code    74  sdk_mapped_flags.o(i.sdk_mapped_flags_key_list_get)
    sdk_mapped_flags_n_flags_set             0x0002ac17   Thumb Code    30  sdk_mapped_flags.o(i.sdk_mapped_flags_n_flags_set)
    sdk_mapped_flags_update_by_key           0x0002ac35   Thumb Code    14  sdk_mapped_flags.o(i.sdk_mapped_flags_update_by_key)
    sm_ble_evt_handler                       0x0002b075   Thumb Code    18  security_manager.o(i.sm_ble_evt_handler)
    sm_conn_sec_config_reply                 0x0002b08d   Thumb Code     4  security_manager.o(i.sm_conn_sec_config_reply)
    sm_init                                  0x0002b091   Thumb Code    70  security_manager.o(i.sm_init)
    sm_link_secure                           0x0002b0dd   Thumb Code    10  security_manager.o(i.sm_link_secure)
    sm_pdb_evt_handler                       0x0002b0e9   Thumb Code    60  security_manager.o(i.sm_pdb_evt_handler)
    sm_sec_params_set                        0x0002b129   Thumb Code    46  security_manager.o(i.sm_sec_params_set)
    sm_smd_evt_handler                       0x0002b15d   Thumb Code    92  security_manager.o(i.sm_smd_evt_handler)
    smd_ble_evt_handler                      0x0002b1bd   Thumb Code   272  security_dispatcher.o(i.smd_ble_evt_handler)
    smd_conn_sec_config_reply                0x0002b2d5   Thumb Code    10  security_dispatcher.o(i.smd_conn_sec_config_reply)
    smd_init                                 0x0002b2e5   Thumb Code    84  security_dispatcher.o(i.smd_init)
    smd_link_secure                          0x0002b33d   Thumb Code   102  security_dispatcher.o(i.smd_link_secure)
    smd_params_reply                         0x0002b3a9   Thumb Code   242  security_dispatcher.o(i.smd_params_reply)
    write_buf_store                          0x0002bcc9   Thumb Code   146  peer_database.o(i.write_buf_store)
    nrf_fstorage_sd                          0x0002c28c   Data          32  nrf_fstorage_sd.o(.constdata)
    nrf_log_backend_rtt_api                  0x0002c3d4   Data          12  nrf_log_backend_rtt.o(.constdata)
    m_ram_start                              0x0002c46c   Data           4  nrf_sdh_ble.o(.constdata)
    __ctype_table                            0x0002c498   Data         129  ctype_o.o(.constdata)
    Region$$Table$$Base                      0x0002cc10   Number         0  anon$$obj.o(Region$$Table)
    Region$$Table$$Limit                     0x0002cc30   Number         0  anon$$obj.o(Region$$Table)
    log_const_data$$Base                     0x0002cc30   Number         0  ble_db_discovery.o(log_const_data)
    m_nrf_log_ble_db_disc_logs_data_const    0x0002cc30   Data           8  ble_db_discovery.o(log_const_data)
    m_nrf_log_ble_gatt_logs_data_const       0x0002cc38   Data           8  nrf_ble_gatt.o(log_const_data)
    m_nrf_log_ble_bas_c_logs_data_const      0x0002cc40   Data           8  ble_bas_c.o(log_const_data)
    m_nrf_log_ble_hrs_c_logs_data_const      0x0002cc48   Data           8  ble_hrs_c.o(log_const_data)
    m_nrf_log_clock_logs_data_const          0x0002cc50   Data           8  nrf_drv_clock.o(log_const_data)
    m_nrf_log_gpiote_logs_data_const         0x0002cc58   Data           8  nrf_drv_gpiote.o(log_const_data)
    m_nrf_log_uart_logs_data_const           0x0002cc60   Data           8  nrf_drv_uart.o(log_const_data)
    m_nrf_log_balloc_logs_data_const         0x0002cc68   Data           8  nrf_balloc.o(log_const_data)
    m_nrf_log_pwr_mgmt_logs_data_const       0x0002cc70   Data           8  nrf_pwr_mgmt.o(log_const_data)
    m_nrf_log_app_logs_data_const            0x0002cc78   Data           8  nrf_log_frontend.o(log_const_data)
    m_nrf_log_nrf_sdh_logs_data_const        0x0002cc80   Data           8  nrf_sdh.o(log_const_data)
    m_nrf_log_nrf_sdh_ble_logs_data_const    0x0002cc88   Data           8  nrf_sdh_ble.o(log_const_data)
    m_nrf_log_nrf_sdh_soc_logs_data_const    0x0002cc90   Data           8  nrf_sdh_soc.o(log_const_data)
    log_const_data$$Limit                    0x0002cc98   Number         0  nrf_sdh_soc.o(log_const_data)
    pwr_mgmt_data1$$Base                     0x0002cc98   Number         0  main.o(pwr_mgmt_data1)
    pwr_mgmt_data1$$Limit                    0x0002cc9c   Number         0  main.o(pwr_mgmt_data1)
    sdh_ble_observers0$$Base                 0x0002cc9c   Number         0  ble_conn_state.o(sdh_ble_observers0)
    sdh_ble_observers0$$Limit                0x0002cca4   Number         0  ble_conn_state.o(sdh_ble_observers0)
    sdh_ble_observers1$$Base                 0x0002cca4   Number         0  main.o(sdh_ble_observers1)
    sdh_ble_observers1$$Limit                0x0002ccc4   Number         0  peer_manager.o(sdh_ble_observers1)
    sdh_ble_observers2$$Base                 0x0002ccc4   Number         0  main.o(sdh_ble_observers2)
    sdh_ble_observers2$$Limit                0x0002ccd4   Number         0  main.o(sdh_ble_observers2)
    sdh_ble_observers3$$Base                 0x0002ccd4   Number         0  main.o(sdh_ble_observers3)
    m_req_obs                                0x0002ccdc   Data           8  nrf_fstorage_sd.o(sdh_req_observers0)
    sdh_ble_observers3$$Limit                0x0002ccdc   Number         0  main.o(sdh_ble_observers3)
    sdh_req_observers0$$Base                 0x0002ccdc   Number         0  nrf_fstorage_sd.o(sdh_req_observers0)
    sdh_req_observers0$$Limit                0x0002cce4   Number         0  nrf_fstorage_sd.o(sdh_req_observers0)
    sdh_soc_observers0$$Base                 0x0002cce4   Number         0  nrf_drv_clock.o(sdh_soc_observers0)
    sdh_soc_observers0$$Limit                0x0002ccf4   Number         0  nrf_fstorage_sd.o(sdh_soc_observers0)
    sdh_soc_observers1$$Base                 0x0002ccf4   Number         0  main.o(sdh_soc_observers1)
    sdh_soc_observers1$$Limit                0x0002ccfc   Number         0  main.o(sdh_soc_observers1)
    sdh_stack_observers0$$Base               0x0002ccfc   Number         0  nrf_sdh_ble.o(sdh_stack_observers0)
    sdh_stack_observers0$$Limit              0x0002cd0c   Number         0  nrf_sdh_soc.o(sdh_stack_observers0)
    sdh_state_observers0$$Base               0x0002cd0c   Number         0  nrf_drv_clock.o(sdh_state_observers0)
    sdh_state_observers0$$Limit              0x0002cd1c   Number         0  nrf_fstorage_sd.o(sdh_state_observers0)
    Image$$RW_IRAM1$$Base                    0x200029a0   Number         0  anon$$obj.o ABSOLUTE
    SystemCoreClock                          0x20002dd0   Data           4  system_nrf52.o(.data)
    fs_data$$Base                            0x20002dd4   Number         0  fds.o(fs_data)
    m_fs                                     0x20002dd4   Data          20  fds.o(fs_data)
    fs_data$$Limit                           0x20002de8   Number         0  fds.o(fs_data)
    log_dynamic_data$$Base                   0x20002de8   Number         0  ble_db_discovery.o(log_dynamic_data)
    m_nrf_log_ble_db_disc_logs_data_dynamic  0x20002de8   Data          12  ble_db_discovery.o(log_dynamic_data)
    m_nrf_log_ble_gatt_logs_data_dynamic     0x20002df4   Data          12  nrf_ble_gatt.o(log_dynamic_data)
    m_nrf_log_ble_bas_c_logs_data_dynamic    0x20002e00   Data          12  ble_bas_c.o(log_dynamic_data)
    m_nrf_log_ble_hrs_c_logs_data_dynamic    0x20002e0c   Data          12  ble_hrs_c.o(log_dynamic_data)
    m_nrf_log_clock_logs_data_dynamic        0x20002e18   Data          12  nrf_drv_clock.o(log_dynamic_data)
    m_nrf_log_gpiote_logs_data_dynamic       0x20002e24   Data          12  nrf_drv_gpiote.o(log_dynamic_data)
    m_nrf_log_uart_logs_data_dynamic         0x20002e30   Data          12  nrf_drv_uart.o(log_dynamic_data)
    m_nrf_log_balloc_logs_data_dynamic       0x20002e3c   Data          12  nrf_balloc.o(log_dynamic_data)
    m_nrf_log_pwr_mgmt_logs_data_dynamic     0x20002e48   Data          12  nrf_pwr_mgmt.o(log_dynamic_data)
    m_nrf_log_app_logs_data_dynamic          0x20002e54   Data          12  nrf_log_frontend.o(log_dynamic_data)
    m_nrf_log_nrf_sdh_logs_data_dynamic      0x20002e60   Data          12  nrf_sdh.o(log_dynamic_data)
    m_nrf_log_nrf_sdh_ble_logs_data_dynamic  0x20002e6c   Data          12  nrf_sdh_ble.o(log_dynamic_data)
    m_nrf_log_nrf_sdh_soc_logs_data_dynamic  0x20002e78   Data          12  nrf_sdh_soc.o(log_dynamic_data)
    nrf_nvic_state                           0x20003840   Data          12  app_util_platform.o(.bss)
    _SEGGER_RTT                              0x20003f18   Data         120  segger_rtt.o(.bss)
    __initial_sp                             0x200061a0   Data           0  arm_startup_nrf52.o(STACK)



==============================================================================

Memory Map of the image

  Image Entry point : 0x00023201

  Load Region LR_IROM1 (Base: 0x00023000, Size: 0x0000a200, Max: 0x0005d000, ABSOLUTE, COMPRESSED[0x00009d70])

    Execution Region ER_IROM1 (Base: 0x00023000, Size: 0x00009d1c, Max: 0x0005d000, ABSOLUTE)

    Base Addr    Size         Type   Attr      Idx    E Section Name        Object

    0x00023000   0x00000200   Data   RO         5812    RESET               arm_startup_nrf52.o
    0x00023200   0x00000000   Code   RO         5853  * .ARM.Collect$$$$00000000  mc_w.l(entry.o)
    0x00023200   0x00000004   Code   RO         5905    .ARM.Collect$$$$00000001  mc_w.l(entry2.o)
    0x00023204   0x00000004   Code   RO         5908    .ARM.Collect$$$$00000004  mc_w.l(entry5.o)
    0x00023208   0x00000000   Code   RO         5910    .ARM.Collect$$$$00000008  mc_w.l(entry7b.o)
    0x00023208   0x00000000   Code   RO         5912    .ARM.Collect$$$$0000000A  mc_w.l(entry8b.o)
    0x00023208   0x00000008   Code   RO         5913    .ARM.Collect$$$$0000000B  mc_w.l(entry9a.o)
    0x00023210   0x00000000   Code   RO         5915    .ARM.Collect$$$$0000000D  mc_w.l(entry10a.o)
    0x00023210   0x00000000   Code   RO         5917    .ARM.Collect$$$$0000000F  mc_w.l(entry11a.o)
    0x00023210   0x00000004   Code   RO         5906    .ARM.Collect$$$$00002712  mc_w.l(entry2.o)
    0x00023214   0x0000009a   Code   RO         3822    .emb_text           fds.o
    0x000232ae   0x00000002   PAD
    0x000232b0   0x000000c8   Code   RO         4196    .emb_text           nrf_atfifo.o
    0x00023378   0x0000009a   Code   RO         4455    .emb_text           nrf_fstorage_sd.o
    0x00023412   0x00000002   PAD
    0x00023414   0x0000009a   Code   RO         4569    .emb_text           nrf_memobj.o
    0x000234ae   0x00000002   PAD
    0x000234b0   0x0000009a   Code   RO         4654    .emb_text           nrf_pwr_mgmt.o
    0x0002354a   0x00000002   PAD
    0x0002354c   0x0000009a   Code   RO         5013    .emb_text           nrf_log_frontend.o
    0x000235e6   0x00000002   PAD
    0x000235e8   0x00000024   Code   RO         5813    .text               arm_startup_nrf52.o
    0x0002360c   0x00000062   Code   RO         5861    .text               mc_w.l(uldiv.o)
    0x0002366e   0x00000002   PAD
    0x00023670   0x00000008   Code   RO         5863    .text               mc_w.l(ctype_o.o)
    0x00023678   0x00000024   Code   RO         5891    .text               mc_w.l(memcpya.o)
    0x0002369c   0x00000024   Code   RO         5893    .text               mc_w.l(memseta.o)
    0x000236c0   0x0000000e   Code   RO         5895    .text               mc_w.l(strlen.o)
    0x000236ce   0x0000001a   Code   RO         5899    .text               mc_w.l(memcmp.o)
    0x000236e8   0x00000012   Code   RO         5901    .text               mc_w.l(strcpy.o)
    0x000236fa   0x0000001e   Code   RO         5920    .text               mc_w.l(llshl.o)
    0x00023718   0x00000020   Code   RO         5922    .text               mc_w.l(llushr.o)
    0x00023738   0x00000024   Code   RO         5925    .text               mc_w.l(init.o)
    0x0002375c   0x00000056   Code   RO         5935    .text               mc_w.l(__dczerorl2.o)
    0x000237b2   0x00000002   PAD
    0x000237b4   0x00000174   Code   RO         2899    i.GPIOTE_IRQHandler  nrf_drv_gpiote.o
    0x00023928   0x00000016   Code   RO         3558    i.NVIC_ClearPendingIRQ  app_timer.o
    0x0002393e   0x00000016   Code   RO         3559    i.NVIC_EnableIRQ    app_timer.o
    0x00023954   0x00000016   Code   RO         3560    i.NVIC_SetPendingIRQ  app_timer.o
    0x0002396a   0x00000020   Code   RO         3561    i.NVIC_SetPriority  app_timer.o
    0x0002398a   0x00000002   PAD
    0x0002398c   0x00000058   Code   RO         2693    i.POWER_CLOCK_IRQHandler  nrf_drv_clock.o
    0x000239e4   0x00000024   Code   RO         3562    i.RTC1_IRQHandler   app_timer.o
    0x00023a08   0x00000004   Code   RO         5258    i.SEGGER_RTT_Init   segger_rtt.o
    0x00023a0c   0x0000005c   Code   RO         5272    i.SEGGER_RTT_WriteNoLock  segger_rtt.o
    0x00023a68   0x00000004   Code   RO         3563    i.SWI0_EGU0_IRQHandler  app_timer.o
    0x00023a6c   0x00000004   Code   RO         5600    i.SWI2_EGU2_IRQHandler  nrf_sdh.o
    0x00023a70   0x0000031c   Code   RO         5821    i.SystemInit        system_nrf52.o
    0x00023d8c   0x0000001c   Code   RO         3146    i.UARTE0_UART0_IRQHandler  nrf_drv_uart.o
    0x00023da8   0x00000068   Code   RO         5276    i._DoInit           segger_rtt.o
    0x00023e10   0x00000016   Code   RO         5277    i._GetAvailWriteSpace  segger_rtt.o
    0x00023e26   0x0000005a   Code   RO         5279    i._WriteBlocking    segger_rtt.o
    0x00023e80   0x00000042   Code   RO         5280    i._WriteNoCheck     segger_rtt.o
    0x00023ec2   0x0000000e   Code   RO         5929    i.__scatterload_copy  mc_w.l(handlers.o)
    0x00023ed0   0x00000002   Code   RO         5930    i.__scatterload_null  mc_w.l(handlers.o)
    0x00023ed2   0x0000000e   Code   RO         5931    i.__scatterload_zeroinit  mc_w.l(handlers.o)
    0x00023ee0   0x00000024   Code   RO         5601    i.__sd_nvic_app_accessible_irq  nrf_sdh.o
    0x00023f04   0x00000016   Code   RO         5602    i.__sd_nvic_is_app_accessible_priority  nrf_sdh.o
    0x00023f1a   0x00000026   Code   RO         1212    i.addr_compare      id_manager.o
    0x00023f40   0x0000000c   Code   RO         4387    i.addr_is_aligned32  nrf_fstorage.o
    0x00023f4c   0x00000018   Code   RO         4388    i.addr_within_bounds  nrf_fstorage.o
    0x00023f64   0x0000002e   Code   RO            4    i.adv_report_parse  main.o
    0x00023f92   0x00000036   Code   RO          602    i.advertising_buttons_configure  bsp_btn_ble.o
    0x00023fc8   0x00000052   Code   RO         1213    i.ah                id_manager.o
    0x0002401a   0x00000006   Code   RO          482    i.alert_timer_handler  bsp.o
    0x00024020   0x0000000c   Code   RO         2270    i.allow_repairing   security_dispatcher.o
    0x0002402c   0x00000024   Code   RO         3378    i.app_button_enable  app_button.o
    0x00024050   0x00000070   Code   RO         3379    i.app_button_init   app_button.o
    0x000240c0   0x00000078   Code   RO         3479    i.app_error_fault_handler  app_error_weak.o
    0x00024138   0x00000016   Code   RO         3440    i.app_error_handler_bare  app_error.o
    0x0002414e   0x00000002   PAD
    0x00024150   0x00000024   Code   RO         3566    i.app_timer_create  app_timer.o
    0x00024174   0x00000054   Code   RO         3567    i.app_timer_init    app_timer.o
    0x000241c8   0x00000088   Code   RO         3570    i.app_timer_start   app_timer.o
    0x00024250   0x00000020   Code   RO         3571    i.app_timer_stop    app_timer.o
    0x00024270   0x00000048   Code   RO         3727    i.app_util_critical_region_enter  app_util_platform.o
    0x000242b8   0x00000034   Code   RO         3728    i.app_util_critical_region_exit  app_util_platform.o
    0x000242ec   0x000000dc   Code   RO         2271    i.auth_status_success_process  security_dispatcher.o
    0x000243c8   0x000000b4   Code   RO            6    i.bas_c_evt_handler  main.o
    0x0002447c   0x00000058   Code   RO         2558    i.ble_bas_c_bl_notif_enable  ble_bas_c.o
    0x000244d4   0x00000048   Code   RO         2559    i.ble_bas_c_bl_read  ble_bas_c.o
    0x0002451c   0x00000014   Code   RO         2560    i.ble_bas_c_handles_assign  ble_bas_c.o
    0x00024530   0x00000030   Code   RO         2561    i.ble_bas_c_init    ble_bas_c.o
    0x00024560   0x000000a2   Code   RO         2562    i.ble_bas_c_on_ble_evt  ble_bas_c.o
    0x00024602   0x00000002   PAD
    0x00024604   0x0000007c   Code   RO         2563    i.ble_bas_on_db_disc_evt  ble_bas_c.o
    0x00024680   0x00000010   Code   RO          686    i.ble_conn_state_conn_handles  ble_conn_state.o
    0x00024690   0x00000010   Code   RO          688    i.ble_conn_state_encrypted  ble_conn_state.o
    0x000246a0   0x00000010   Code   RO          691    i.ble_conn_state_n_centrals  ble_conn_state.o
    0x000246b0   0x00000030   Code   RO          695    i.ble_conn_state_role  ble_conn_state.o
    0x000246e0   0x0000002c   Code   RO          697    i.ble_conn_state_user_flag_acquire  ble_conn_state.o
    0x0002470c   0x0000001c   Code   RO          698    i.ble_conn_state_user_flag_collection  ble_conn_state.o
    0x00024728   0x0000002c   Code   RO          699    i.ble_conn_state_user_flag_get  ble_conn_state.o
    0x00024754   0x00000030   Code   RO          700    i.ble_conn_state_user_flag_set  ble_conn_state.o
    0x00024784   0x00000040   Code   RO          837    i.ble_db_discovery_evt_register  ble_db_discovery.o
    0x000247c4   0x0000001c   Code   RO          838    i.ble_db_discovery_init  ble_db_discovery.o
    0x000247e0   0x00000090   Code   RO          839    i.ble_db_discovery_on_ble_evt  ble_db_discovery.o
    0x00024870   0x00000028   Code   RO          840    i.ble_db_discovery_start  ble_db_discovery.o
    0x00024898   0x00000338   Code   RO            7    i.ble_evt_handler   main.o
    0x00024bd0   0x00000070   Code   RO          603    i.ble_evt_handler   bsp_btn_ble.o
    0x00024c40   0x0000010c   Code   RO          702    i.ble_evt_handler   ble_conn_state.o
    0x00024d4c   0x00000028   Code   RO         1891    i.ble_evt_handler   peer_manager.o
    0x00024d74   0x00000014   Code   RO         2624    i.ble_hrs_c_handles_assign  ble_hrs_c.o
    0x00024d88   0x0000004c   Code   RO         2625    i.ble_hrs_c_hrm_notif_enable  ble_hrs_c.o
    0x00024dd4   0x00000030   Code   RO         2626    i.ble_hrs_c_init    ble_hrs_c.o
    0x00024e04   0x00000040   Code   RO         2627    i.ble_hrs_c_on_ble_evt  ble_hrs_c.o
    0x00024e44   0x0000007c   Code   RO         2628    i.ble_hrs_on_db_disc_evt  ble_hrs_c.o
    0x00024ec0   0x0000000c   Code   RO          370    i.bsp_board_button_idx_to_pin  boards.o
    0x00024ecc   0x00000020   Code   RO          371    i.bsp_board_button_state_get  boards.o
    0x00024eec   0x00000024   Code   RO          374    i.bsp_board_led_invert  boards.o
    0x00024f10   0x00000010   Code   RO          375    i.bsp_board_led_off  boards.o
    0x00024f20   0x00000010   Code   RO          376    i.bsp_board_led_on  boards.o
    0x00024f30   0x00000020   Code   RO          377    i.bsp_board_led_state_get  boards.o
    0x00024f50   0x0000002c   Code   RO          378    i.bsp_board_leds_init  boards.o
    0x00024f7c   0x00000012   Code   RO          379    i.bsp_board_leds_off  boards.o
    0x00024f8e   0x00000012   Code   RO          380    i.bsp_board_leds_on  boards.o
    0x00024fa0   0x00000024   Code   RO          381    i.bsp_board_pin_to_button_idx  boards.o
    0x00024fc4   0x00000038   Code   RO          604    i.bsp_btn_ble_init  bsp_btn_ble.o
    0x00024ffc   0x0000001e   Code   RO          605    i.bsp_btn_ble_sleep_mode_prepare  bsp_btn_ble.o
    0x0002501a   0x00000002   PAD
    0x0002501c   0x00000090   Code   RO          483    i.bsp_button_event_handler  bsp.o
    0x000250ac   0x00000004   Code   RO          484    i.bsp_button_is_pressed  bsp.o
    0x000250b0   0x00000080   Code   RO            8    i.bsp_event_handler  main.o
    0x00025130   0x00000044   Code   RO          487    i.bsp_event_to_button_action_assign  bsp.o
    0x00025174   0x00000018   Code   RO          488    i.bsp_indication_set  bsp.o
    0x0002518c   0x00000094   Code   RO          489    i.bsp_init          bsp.o
    0x00025220   0x000001b8   Code   RO          490    i.bsp_led_indication  bsp.o
    0x000253d8   0x00000010   Code   RO          492    i.bsp_wakeup_button_enable  bsp.o
    0x000253e8   0x00000064   Code   RO         5014    i.buf_prealloc      nrf_log_frontend.o
    0x0002544c   0x0000001e   Code   RO         4350    i.buffer_add        nrf_fprintf_format.o
    0x0002546a   0x00000002   PAD
    0x0002546c   0x00000014   Code   RO         5015    i.buffer_is_empty   nrf_log_frontend.o
    0x00025480   0x00000008   Code   RO          493    i.button_timer_handler  bsp.o
    0x00025488   0x0000001c   Code   RO         2900    i.channel_free      nrf_drv_gpiote.o
    0x000254a4   0x00000048   Code   RO         2901    i.channel_port_alloc  nrf_drv_gpiote.o
    0x000254ec   0x00000010   Code   RO         2902    i.channel_port_get  nrf_drv_gpiote.o
    0x000254fc   0x00000042   Code   RO          841    i.characteristics_discover  ble_db_discovery.o
    0x0002553e   0x00000038   Code   RO         1801    i.claim             peer_id.o
    0x00025576   0x00000002   PAD
    0x00025578   0x00000028   Code   RO         2694    i.clock_clk_started_notify  nrf_drv_clock.o
    0x000255a0   0x000000ac   Code   RO         3573    i.compare_reg_update  app_timer.o
    0x0002564c   0x00000044   Code   RO         2272    i.conn_sec_failure  security_dispatcher.o
    0x00025690   0x00000020   Code   RO            9    i.db_disc_handler   main.o
    0x000256b0   0x00000080   Code   RO         3823    i.delete_execute    fds.o
    0x00025730   0x0000008c   Code   RO          842    i.descriptors_discover  ble_db_discovery.o
    0x000257bc   0x00000060   Code   RO         3381    i.detection_delay_timeout_handler  app_button.o
    0x0002581c   0x00000090   Code   RO          843    i.discovery_complete_evt_trigger  ble_db_discovery.o
    0x000258ac   0x0000003c   Code   RO          844    i.discovery_error_evt_trigger  ble_db_discovery.o
    0x000258e8   0x0000005c   Code   RO          845    i.discovery_start   ble_db_discovery.o
    0x00025944   0x00000040   Code   RO         3574    i.elapsed_ticks_acquire  app_timer.o
    0x00025984   0x0000000a   Code   RO         2273    i.encryption_failure  security_dispatcher.o
    0x0002598e   0x00000002   PAD
    0x00025990   0x0000004c   Code   RO         4456    i.erase             nrf_fstorage_sd.o
    0x000259dc   0x00000074   Code   RO         3824    i.event_prepare     fds.o
    0x00025a50   0x00000020   Code   RO         3825    i.event_send        fds.o
    0x00025a70   0x0000004e   Code   RO         4457    i.event_send        nrf_fstorage_sd.o
    0x00025abe   0x00000074   Code   RO         2413    i.events_send_from_err_code  security_manager.o
    0x00025b32   0x00000002   PAD
    0x00025b34   0x0000001c   Code   RO         1024    i.evt_send          gatt_cache_manager.o
    0x00025b50   0x0000002c   Code   RO         1892    i.evt_send          peer_manager.o
    0x00025b7c   0x0000001c   Code   RO         2274    i.evt_send          security_dispatcher.o
    0x00025b98   0x0000000c   Code   RO         2414    i.evt_send          security_manager.o
    0x00025ba4   0x000000d8   Code   RO         1494    i.fds_evt_handler   peer_data_storage.o
    0x00025c7c   0x00000044   Code   RO         3827    i.fds_file_delete   fds.o
    0x00025cc0   0x0000003c   Code   RO         3828    i.fds_gc            fds.o
    0x00025cfc   0x000000d4   Code   RO         3829    i.fds_init          fds.o
    0x00025dd0   0x00000040   Code   RO         3830    i.fds_record_close  fds.o
    0x00025e10   0x0000000e   Code   RO         3832    i.fds_record_find   fds.o
    0x00025e1e   0x00000010   Code   RO         3833    i.fds_record_find_by_key  fds.o
    0x00025e2e   0x00000010   Code   RO         3834    i.fds_record_find_in_file  fds.o
    0x00025e3e   0x00000010   Code   RO         3835    i.fds_record_id_from_desc  fds.o
    0x00025e4e   0x00000002   PAD
    0x00025e50   0x00000048   Code   RO         3837    i.fds_record_open   fds.o
    0x00025e98   0x0000000e   Code   RO         3838    i.fds_record_update  fds.o
    0x00025ea6   0x00000008   Code   RO         3839    i.fds_record_write  fds.o
    0x00025eae   0x0000000c   Code   RO         3840    i.fds_record_write_reserved  fds.o
    0x00025eba   0x00000002   PAD
    0x00025ebc   0x00000030   Code   RO         3841    i.fds_register      fds.o
    0x00025eec   0x00000030   Code   RO         3842    i.fds_reserve       fds.o
    0x00025f1c   0x00000048   Code   RO         3843    i.fds_reserve_cancel  fds.o
    0x00025f64   0x00000014   Code   RO         1495    i.file_id_within_pm_range  peer_data_storage.o
    0x00025f78   0x00000012   Code   RO         2275    i.flag_id_init      security_dispatcher.o
    0x00025f8a   0x00000012   Code   RO         2415    i.flag_id_init      security_manager.o
    0x00025f9c   0x00000054   Code   RO         2416    i.flags_set_from_err_code  security_manager.o
    0x00025ff0   0x00000006   Code   RO         3845    i.fs_event_handler  fds.o
    0x00025ff6   0x00000002   PAD
    0x00025ff8   0x00000098   Code   RO           10    i.gatt_evt_handler  main.o
    0x00026090   0x00000074   Code   RO         3846    i.gc_execute        fds.o
    0x00026104   0x0000004c   Code   RO         3847    i.gc_next_page      fds.o
    0x00026150   0x00000040   Code   RO         3848    i.gc_page_erase     fds.o
    0x00026190   0x00000034   Code   RO         3849    i.gc_record_copy    fds.o
    0x000261c4   0x00000024   Code   RO         3850    i.gc_record_find_next  fds.o
    0x000261e8   0x00000088   Code   RO         3851    i.gc_state_advance  fds.o
    0x00026270   0x00000098   Code   RO         1025    i.gcm_ble_evt_handler  gatt_cache_manager.o
    0x00026308   0x00000030   Code   RO         1026    i.gcm_im_evt_handler  gatt_cache_manager.o
    0x00026338   0x00000050   Code   RO         1027    i.gcm_init          gatt_cache_manager.o
    0x00026388   0x00000050   Code   RO         1028    i.gcm_local_database_has_changed  gatt_cache_manager.o
    0x000263d8   0x0000007c   Code   RO         1030    i.gcm_pdb_evt_handler  gatt_cache_manager.o
    0x00026454   0x00000038   Code   RO         1214    i.get_connection_by_conn_handle  id_manager.o
    0x0002648c   0x00000030   Code   RO         1215    i.get_free_connection  id_manager.o
    0x000264bc   0x00000058   Code   RO         3382    i.gpiote_event_handler  app_button.o
    0x00026514   0x0000001c   Code   RO         1136    i.gscm_db_change_notification_done  gatts_cache_manager.o
    0x00026530   0x00000014   Code   RO         1137    i.gscm_init         gatts_cache_manager.o
    0x00026544   0x0000001c   Code   RO         1138    i.gscm_local_database_has_changed  gatts_cache_manager.o
    0x00026560   0x0000006a   Code   RO         1139    i.gscm_local_db_cache_apply  gatts_cache_manager.o
    0x000265ca   0x00000082   Code   RO         1140    i.gscm_local_db_cache_update  gatts_cache_manager.o
    0x0002664c   0x00000018   Code   RO         1141    i.gscm_pdb_evt_handler  gatts_cache_manager.o
    0x00026664   0x0000001e   Code   RO         1142    i.gscm_service_changed_ind_needed  gatts_cache_manager.o
    0x00026682   0x00000002   PAD
    0x00026684   0x00000038   Code   RO         1143    i.gscm_service_changed_ind_send  gatts_cache_manager.o
    0x000266bc   0x00000026   Code   RO         3852    i.header_check      fds.o
    0x000266e2   0x00000012   Code   RO         3853    i.header_has_next   fds.o
    0x000266f4   0x00000090   Code   RO           11    i.hrs_c_evt_handler  main.o
    0x00026784   0x00000046   Code   RO         1216    i.im_address_resolve  id_manager.o
    0x000267ca   0x00000002   PAD
    0x000267cc   0x00000030   Code   RO         1217    i.im_ble_addr_get   id_manager.o
    0x000267fc   0x000000c8   Code   RO         1218    i.im_ble_evt_handler  id_manager.o
    0x000268c4   0x0000002c   Code   RO         1219    i.im_conn_handle_get  id_manager.o
    0x000268f0   0x000000a6   Code   RO         1220    i.im_device_identities_list_set  id_manager.o
    0x00026996   0x00000038   Code   RO         1221    i.im_find_duplicate_bonding_data  id_manager.o
    0x000269ce   0x00000002   PAD
    0x000269d0   0x00000040   Code   RO         1224    i.im_init           id_manager.o
    0x00026a10   0x00000072   Code   RO         1225    i.im_is_duplicate_bonding_data  id_manager.o
    0x00026a82   0x00000018   Code   RO         1226    i.im_master_id_is_valid  id_manager.o
    0x00026a9a   0x0000002a   Code   RO         1227    i.im_master_ids_compare  id_manager.o
    0x00026ac4   0x00000004   Code   RO         1228    i.im_new_peer_id    id_manager.o
    0x00026ac8   0x00000026   Code   RO         1229    i.im_peer_free      id_manager.o
    0x00026aee   0x00000002   PAD
    0x00026af0   0x00000020   Code   RO         1230    i.im_peer_id_get_by_conn_handle  id_manager.o
    0x00026b10   0x0000003c   Code   RO         1231    i.im_peer_id_get_by_master_id  id_manager.o
    0x00026b4c   0x00000038   Code   RO         1234    i.im_whitelist_get  id_manager.o
    0x00026b84   0x00000074   Code   RO         1235    i.im_whitelist_set  id_manager.o
    0x00026bf8   0x00000038   Code   RO         4458    i.init              nrf_fstorage_sd.o
    0x00026c30   0x000000c8   Code   RO         3854    i.init_execute      fds.o
    0x00026cf8   0x000000a6   Code   RO         4351    i.int_print         nrf_fprintf_format.o
    0x00026d9e   0x00000002   PAD
    0x00026da0   0x00000010   Code   RO         4459    i.is_busy           nrf_fstorage_sd.o
    0x00026db0   0x0000004c   Code   RO          846    i.is_desc_discovery_reqd  ble_db_discovery.o
    0x00026dfc   0x00000014   Code   RO         1236    i.is_valid_irk      id_manager.o
    0x00026e10   0x0000000c   Code   RO         3855    i.is_word_aligned   fds.o
    0x00026e1c   0x00000030   Code   RO          494    i.leds_off          bsp.o
    0x00026e4c   0x00000014   Code   RO          495    i.leds_timer_handler  bsp.o
    0x00026e60   0x00000028   Code   RO         2697    i.lfclk_stop        nrf_drv_clock.o
    0x00026e88   0x00000018   Code   RO         1400    i.link_init         nrf_ble_gatt.o
    0x00026ea0   0x000000b4   Code   RO         2417    i.link_secure       security_manager.o
    0x00026f54   0x0000007c   Code   RO         2276    i.link_secure_central_encryption  security_dispatcher.o
    0x00026fd0   0x000000a8   Code   RO         2277    i.link_secure_central_pairing  security_dispatcher.o
    0x00027078   0x0000008c   Code   RO         2278    i.link_secure_failure  security_dispatcher.o
    0x00027104   0x0000005c   Code   RO         2418    i.link_secure_pending_process  security_manager.o
    0x00027160   0x000000f8   Code   RO         3575    i.list_insertions_handler  app_timer.o
    0x00027258   0x00000068   Code   RO         1031    i.local_db_apply_in_evt  gatt_cache_manager.o
    0x000272c0   0x00000010   Code   RO         1032    i.local_db_update   gatt_cache_manager.o
    0x000272d0   0x00000032   Code   RO         2217    i.lock_by_mask      pm_mutex.o
    0x00027302   0x00000002   PAD
    0x00027304   0x00000094   Code   RO         5017    i.log_skip          nrf_log_frontend.o
    0x00027398   0x00000150   Code   RO           12    i.main              main.o
    0x000274e8   0x00000076   Code   RO         4570    i.memobj_op         nrf_memobj.o
    0x0002755e   0x00000002   PAD
    0x00027560   0x00000034   Code   RO         5018    i.module_idx_get    nrf_log_frontend.o
    0x00027594   0x00000058   Code   RO         1237    i.new_connection    id_manager.o
    0x000275ec   0x00000014   Code   RO         2419    i.new_context_get   security_manager.o
    0x00027600   0x00000030   Code   RO         1802    i.next_id_get       peer_id.o
    0x00027630   0x00000010   Code   RO         4198    i.nrf_atfifo_clear  nrf_atfifo.o
    0x00027640   0x00000026   Code   RO         4200    i.nrf_atfifo_init   nrf_atfifo.o
    0x00027666   0x00000016   Code   RO         4201    i.nrf_atfifo_item_alloc  nrf_atfifo.o
    0x0002767c   0x00000016   Code   RO         4202    i.nrf_atfifo_item_free  nrf_atfifo.o
    0x00027692   0x00000016   Code   RO         4203    i.nrf_atfifo_item_get  nrf_atfifo.o
    0x000276a8   0x00000016   Code   RO         4204    i.nrf_atfifo_item_put  nrf_atfifo.o
    0x000276be   0x0000000e   Code   RO         5019    i.nrf_atomic_flag_set  nrf_log_frontend.o
    0x000276cc   0x0000000c   Code   RO         3856    i.nrf_atomic_u32_add  fds.o
    0x000276d8   0x00000044   Code   RO         4266    i.nrf_balloc_alloc  nrf_balloc.o
    0x0002771c   0x00000030   Code   RO         4267    i.nrf_balloc_free   nrf_balloc.o
    0x0002774c   0x00000030   Code   RO         4268    i.nrf_balloc_init   nrf_balloc.o
    0x0002777c   0x00000010   Code   RO         2903    i.nrf_bitmask_bit_is_set  nrf_drv_gpiote.o
    0x0002778c   0x00000022   Code   RO         1406    i.nrf_ble_gatt_init  nrf_ble_gatt.o
    0x000277ae   0x00000002   PAD
    0x000277b0   0x00000148   Code   RO         1407    i.nrf_ble_gatt_on_ble_evt  nrf_ble_gatt.o
    0x000278f8   0x0000000e   Code   RO         2698    i.nrf_clock_event_check  nrf_drv_clock.o
    0x00027906   0x00000010   Code   RO         2699    i.nrf_clock_event_clear  nrf_drv_clock.o
    0x00027916   0x00000002   PAD
    0x00027918   0x0000008c   Code   RO         3576    i.nrf_delay_us      app_timer.o
    0x000279a4   0x00000048   Code   RO         2706    i.nrf_drv_clock_init  nrf_drv_clock.o
    0x000279ec   0x0000002c   Code   RO         2710    i.nrf_drv_clock_lfclk_release  nrf_drv_clock.o
    0x00027a18   0x00000038   Code   RO         2863    i.nrf_drv_common_irq_enable  nrf_drv_common.o
    0x00027a50   0x000000a4   Code   RO         2908    i.nrf_drv_gpiote_in_event_enable  nrf_drv_gpiote.o
    0x00027af4   0x000000b8   Code   RO         2909    i.nrf_drv_gpiote_in_init  nrf_drv_gpiote.o
    0x00027bac   0x00000014   Code   RO         2910    i.nrf_drv_gpiote_in_is_set  nrf_drv_gpiote.o
    0x00027bc0   0x0000005c   Code   RO         2912    i.nrf_drv_gpiote_init  nrf_drv_gpiote.o
    0x00027c1c   0x00000014   Code   RO         2913    i.nrf_drv_gpiote_is_init  nrf_drv_gpiote.o
    0x00027c30   0x0000001a   Code   RO         4307    i.nrf_fprintf       nrf_fprintf.o
    0x00027c4a   0x00000018   Code   RO         4308    i.nrf_fprintf_buffer_flush  nrf_fprintf.o
    0x00027c62   0x000001da   Code   RO         4352    i.nrf_fprintf_fmt   nrf_fprintf_format.o
    0x00027e3c   0x0000004e   Code   RO         4389    i.nrf_fstorage_erase  nrf_fstorage.o
    0x00027e8a   0x00000010   Code   RO         4390    i.nrf_fstorage_init  nrf_fstorage.o
    0x00027e9a   0x00000002   PAD
    0x00027e9c   0x00000050   Code   RO         4391    i.nrf_fstorage_is_busy  nrf_fstorage.o
    0x00027eec   0x00000018   Code   RO         4460    i.nrf_fstorage_sdh_req_handler  nrf_fstorage_sd.o
    0x00027f04   0x00000020   Code   RO         4461    i.nrf_fstorage_sdh_state_handler  nrf_fstorage_sd.o
    0x00027f24   0x000000a4   Code   RO         4462    i.nrf_fstorage_sys_evt_handler  nrf_fstorage_sd.o
    0x00027fc8   0x00000066   Code   RO         4396    i.nrf_fstorage_write  nrf_fstorage.o
    0x0002802e   0x00000024   Code   RO          383    i.nrf_gpio_cfg      boards.o
    0x00028052   0x00000024   Code   RO         2927    i.nrf_gpio_cfg      nrf_drv_gpiote.o
    0x00028076   0x00000022   Code   RO          496    i.nrf_gpio_cfg_sense_set  bsp.o
    0x00028098   0x00000022   Code   RO         2929    i.nrf_gpio_cfg_sense_set  nrf_drv_gpiote.o
    0x000280ba   0x00000016   Code   RO          384    i.nrf_gpio_pin_write  boards.o
    0x000280d0   0x00000028   Code   RO         2930    i.nrf_gpio_ports_read  nrf_drv_gpiote.o
    0x000280f8   0x00000014   Code   RO         2931    i.nrf_gpiote_event_clear  nrf_drv_gpiote.o
    0x0002810c   0x00000010   Code   RO         2932    i.nrf_gpiote_event_is_set  nrf_drv_gpiote.o
    0x0002811c   0x00000050   Code   RO         5020    i.nrf_log_backend_add  nrf_log_frontend.o
    0x0002816c   0x00000002   Code   RO         4864    i.nrf_log_backend_rtt_flush  nrf_log_backend_rtt.o
    0x0002816e   0x00000004   Code   RO         4865    i.nrf_log_backend_rtt_init  nrf_log_backend_rtt.o
    0x00028172   0x00000002   Code   RO         4866    i.nrf_log_backend_rtt_panic_set  nrf_log_backend_rtt.o
    0x00028174   0x00000018   Code   RO         4867    i.nrf_log_backend_rtt_put  nrf_log_backend_rtt.o
    0x0002818c   0x000000d2   Code   RO         4928    i.nrf_log_backend_serial_put  nrf_log_backend_serial.o
    0x0002825e   0x00000002   PAD
    0x00028260   0x00000030   Code   RO         5022    i.nrf_log_color_id_get  nrf_log_frontend.o
    0x00028290   0x0000001c   Code   RO         4980    i.nrf_log_default_backends_init  nrf_log_default_backends.o
    0x000282ac   0x000001f0   Code   RO         5023    i.nrf_log_frontend_dequeue  nrf_log_frontend.o
    0x0002849c   0x00000008   Code   RO         5025    i.nrf_log_frontend_std_0  nrf_log_frontend.o
    0x000284a4   0x0000000e   Code   RO         5026    i.nrf_log_frontend_std_1  nrf_log_frontend.o
    0x000284b2   0x00000010   Code   RO         5027    i.nrf_log_frontend_std_2  nrf_log_frontend.o
    0x000284c2   0x00000012   Code   RO         5028    i.nrf_log_frontend_std_3  nrf_log_frontend.o
    0x000284d4   0x0000001c   Code   RO         5031    i.nrf_log_frontend_std_6  nrf_log_frontend.o
    0x000284f0   0x000000ac   Code   RO         5205    i.nrf_log_hexdump_entry_process  nrf_log_str_formatter.o
    0x0002859c   0x0000005c   Code   RO         5032    i.nrf_log_init      nrf_log_frontend.o
    0x000285f8   0x00000014   Code   RO         5033    i.nrf_log_module_cnt_get  nrf_log_frontend.o
    0x0002860c   0x0000001c   Code   RO         5036    i.nrf_log_module_name_get  nrf_log_frontend.o
    0x00028628   0x00000028   Code   RO         5037    i.nrf_log_panic     nrf_log_frontend.o
    0x00028650   0x000000b6   Code   RO         5206    i.nrf_log_std_entry_process  nrf_log_str_formatter.o
    0x00028706   0x00000060   Code   RO         4571    i.nrf_memobj_alloc  nrf_memobj.o
    0x00028766   0x00000032   Code   RO         4572    i.nrf_memobj_free   nrf_memobj.o
    0x00028798   0x0000000e   Code   RO         4573    i.nrf_memobj_get    nrf_memobj.o
    0x000287a6   0x00000004   Code   RO         4574    i.nrf_memobj_pool_init  nrf_memobj.o
    0x000287aa   0x00000022   Code   RO         4575    i.nrf_memobj_put    nrf_memobj.o
    0x000287cc   0x0000000c   Code   RO         4576    i.nrf_memobj_read   nrf_memobj.o
    0x000287d8   0x0000000c   Code   RO         4577    i.nrf_memobj_write  nrf_memobj.o
    0x000287e4   0x00000028   Code   RO         4656    i.nrf_pwr_mgmt_init  nrf_pwr_mgmt.o
    0x0002880c   0x00000044   Code   RO         4657    i.nrf_pwr_mgmt_run  nrf_pwr_mgmt.o
    0x00028850   0x00000040   Code   RO         4658    i.nrf_pwr_mgmt_shutdown  nrf_pwr_mgmt.o
    0x00028890   0x00000014   Code   RO         5731    i.nrf_sdh_ble_app_ram_start_get  nrf_sdh_ble.o
    0x000288a4   0x00000158   Code   RO         5732    i.nrf_sdh_ble_default_cfg_set  nrf_sdh_ble.o
    0x000289fc   0x000000d8   Code   RO         5733    i.nrf_sdh_ble_enable  nrf_sdh_ble.o
    0x00028ad4   0x00000050   Code   RO         5734    i.nrf_sdh_ble_evts_poll  nrf_sdh_ble.o
    0x00028b24   0x0000003c   Code   RO         5603    i.nrf_sdh_disable_request  nrf_sdh.o
    0x00028b60   0x0000006c   Code   RO         5604    i.nrf_sdh_enable_request  nrf_sdh.o
    0x00028bcc   0x00000024   Code   RO         5605    i.nrf_sdh_evts_poll  nrf_sdh.o
    0x00028bf0   0x0000000c   Code   RO         5606    i.nrf_sdh_is_enabled  nrf_sdh.o
    0x00028bfc   0x0000001c   Code   RO         5608    i.nrf_sdh_request_continue  nrf_sdh.o
    0x00028c18   0x0000003c   Code   RO         5781    i.nrf_sdh_soc_evts_poll  nrf_sdh_soc.o
    0x00028c54   0x0000000a   Code   RO         4731    i.nrf_section_iter_init  nrf_section_iter.o
    0x00028c5e   0x00000024   Code   RO         4732    i.nrf_section_iter_item_set  nrf_section_iter.o
    0x00028c82   0x00000020   Code   RO         4733    i.nrf_section_iter_next  nrf_section_iter.o
    0x00028ca2   0x00000002   PAD
    0x00028ca4   0x00000038   Code   RO         4766    i.nrf_strerror_find  nrf_strerror.o
    0x00028cdc   0x00000014   Code   RO         4767    i.nrf_strerror_get  nrf_strerror.o
    0x00028cf0   0x0000000a   Code   RO         3169    i.nrf_uart_event_check  nrf_drv_uart.o
    0x00028cfa   0x0000000c   Code   RO         3170    i.nrf_uart_event_clear  nrf_drv_uart.o
    0x00028d06   0x0000000c   Code   RO         3171    i.nrf_uart_int_enable_check  nrf_drv_uart.o
    0x00028d12   0x0000000a   Code   RO         3172    i.nrf_uarte_event_check  nrf_drv_uart.o
    0x00028d1c   0x0000000c   Code   RO         3173    i.nrf_uarte_event_clear  nrf_drv_uart.o
    0x00028d28   0x00000114   Code   RO          847    i.on_characteristic_discovery_rsp  ble_db_discovery.o
    0x00028e3c   0x0000009c   Code   RO         1408    i.on_connected_evt  nrf_ble_gatt.o
    0x00028ed8   0x000000f0   Code   RO          848    i.on_descriptor_discovery_rsp  ble_db_discovery.o
    0x00028fc8   0x00000074   Code   RO         1409    i.on_exchange_mtu_request_evt  nrf_ble_gatt.o
    0x0002903c   0x00000072   Code   RO         2629    i.on_hvx            ble_hrs_c.o
    0x000290ae   0x00000002   PAD
    0x000290b0   0x0000006c   Code   RO          849    i.on_primary_srv_discovery_rsp  ble_db_discovery.o
    0x0002911c   0x0000007c   Code   RO          850    i.on_srv_disc_completion  ble_db_discovery.o
    0x00029198   0x00000024   Code   RO         3857    i.page_identify     fds.o
    0x000291bc   0x00000012   Code   RO         3858    i.page_offsets_update  fds.o
    0x000291ce   0x00000002   PAD
    0x000291d0   0x0000006c   Code   RO         3859    i.page_scan         fds.o
    0x0002923c   0x0000001c   Code   RO         3860    i.page_tag_write_data  fds.o
    0x00029258   0x00000024   Code   RO         3861    i.page_tag_write_swap  fds.o
    0x0002927c   0x0000011c   Code   RO         3862    i.pages_init        fds.o
    0x00029398   0x0000000c   Code   RO         2279    i.pairing           security_dispatcher.o
    0x000293a4   0x0000003e   Code   RO         2420    i.params_reply_pending_process  security_manager.o
    0x000293e2   0x00000028   Code   RO         2421    i.params_req_send   security_manager.o
    0x0002940a   0x00000002   PAD
    0x0002940c   0x0000001c   Code   RO         1633    i.pdb_evt_send      peer_database.o
    0x00029428   0x00000048   Code   RO         1634    i.pdb_init          peer_database.o
    0x00029470   0x00000004   Code   RO         1636    i.pdb_next_deleted_peer_id_get  peer_database.o
    0x00029474   0x00000004   Code   RO         1637    i.pdb_next_peer_id_get  peer_database.o
    0x00029478   0x00000078   Code   RO         1638    i.pdb_pds_evt_handler  peer_database.o
    0x000294f0   0x00000004   Code   RO         1639    i.pdb_peer_allocate  peer_database.o
    0x000294f4   0x00000010   Code   RO         1640    i.pdb_peer_data_load  peer_database.o
    0x00029504   0x00000006   Code   RO         1641    i.pdb_peer_data_ptr_get  peer_database.o
    0x0002950a   0x00000044   Code   RO         1642    i.pdb_peer_free     peer_database.o
    0x0002954e   0x00000008   Code   RO         1643    i.pdb_raw_store     peer_database.o
    0x00029556   0x00000002   PAD
    0x00029558   0x00000104   Code   RO         1644    i.pdb_write_buf_get  peer_database.o
    0x0002965c   0x00000028   Code   RO         1645    i.pdb_write_buf_release  peer_database.o
    0x00029684   0x00000028   Code   RO         1646    i.pdb_write_buf_store  peer_database.o
    0x000296ac   0x00000068   Code   RO         1647    i.pdb_write_buf_store_prepare  peer_database.o
    0x00029714   0x00000010   Code   RO         1496    i.pds_evt_send      peer_data_storage.o
    0x00029724   0x0000006c   Code   RO         1497    i.pds_init          peer_data_storage.o
    0x00029790   0x00000004   Code   RO         1498    i.pds_next_deleted_peer_id_get  peer_data_storage.o
    0x00029794   0x00000004   Code   RO         1499    i.pds_next_peer_id_get  peer_data_storage.o
    0x00029798   0x00000058   Code   RO         1502    i.pds_peer_data_iterate  peer_data_storage.o
    0x000297f0   0x00000010   Code   RO         1503    i.pds_peer_data_iterate_prepare  peer_data_storage.o
    0x00029800   0x00000068   Code   RO         1504    i.pds_peer_data_read  peer_data_storage.o
    0x00029868   0x00000096   Code   RO         1505    i.pds_peer_data_store  peer_data_storage.o
    0x000298fe   0x00000008   Code   RO         1506    i.pds_peer_id_allocate  peer_data_storage.o
    0x00029906   0x00000016   Code   RO         1507    i.pds_peer_id_free  peer_data_storage.o
    0x0002991c   0x00000004   Code   RO         1508    i.pds_peer_id_is_allocated  peer_data_storage.o
    0x00029920   0x0000002e   Code   RO         1509    i.pds_space_reserve  peer_data_storage.o
    0x0002994e   0x00000010   Code   RO         1510    i.pds_space_reserve_cancel  peer_data_storage.o
    0x0002995e   0x00000002   PAD
    0x00029960   0x0000000c   Code   RO         2280    i.peer_created      security_dispatcher.o
    0x0002996c   0x00000006   Code   RO         1648    i.peer_data_const_point_to_buffer  peer_database.o
    0x00029972   0x00000002   PAD
    0x00029974   0x00000084   Code   RO         1511    i.peer_data_delete  peer_data_storage.o
    0x000299f8   0x00000030   Code   RO         1512    i.peer_data_find    peer_data_storage.o
    0x00029a28   0x00000020   Code   RO         1513    i.peer_data_id_is_valid  peer_data_storage.o
    0x00029a48   0x0000001a   Code   RO         1649    i.peer_data_point_to_buffer  peer_database.o
    0x00029a62   0x00000002   PAD
    0x00029a64   0x0000000c   Code   RO         1803    i.peer_id_allocate  peer_id.o
    0x00029a70   0x00000024   Code   RO         1804    i.peer_id_delete    peer_id.o
    0x00029a94   0x0000001c   Code   RO         1805    i.peer_id_free      peer_id.o
    0x00029ab0   0x0000000c   Code   RO         1806    i.peer_id_get_next_deleted  peer_id.o
    0x00029abc   0x00000030   Code   RO         1807    i.peer_id_get_next_used  peer_id.o
    0x00029aec   0x00000028   Code   RO         1808    i.peer_id_init      peer_id.o
    0x00029b14   0x00000014   Code   RO         1809    i.peer_id_is_allocated  peer_id.o
    0x00029b28   0x00000014   Code   RO         1810    i.peer_id_is_deleted  peer_id.o
    0x00029b3c   0x0000001c   Code   RO         1238    i.peer_id_set       id_manager.o
    0x00029b58   0x0000006c   Code   RO           13    i.peer_manager_init  main.o
    0x00029bc4   0x000000c0   Code   RO         1239    i.peers_id_keys_get  id_manager.o
    0x00029c84   0x000000d8   Code   RO         1033    i.pending_flags_check  gatt_cache_manager.o
    0x00029d5c   0x00000018   Code   RO         2933    i.pin_in_use_by_port  nrf_drv_gpiote.o
    0x00029d74   0x00000018   Code   RO         2934    i.pin_in_use_by_te  nrf_drv_gpiote.o
    0x00029d8c   0x0000005c   Code   RO         2175    i.pm_buffer_block_acquire  pm_buffer.o
    0x00029de8   0x00000040   Code   RO         2176    i.pm_buffer_init    pm_buffer.o
    0x00029e28   0x00000028   Code   RO         2177    i.pm_buffer_ptr_get  pm_buffer.o
    0x00029e50   0x0000002e   Code   RO         2178    i.pm_buffer_release  pm_buffer.o
    0x00029e7e   0x0000000a   Code   RO         1895    i.pm_conn_sec_config_reply  peer_manager.o
    0x00029e88   0x00000014   Code   RO         1898    i.pm_conn_secure    peer_manager.o
    0x00029e9c   0x00000014   Code   RO         1899    i.pm_device_identities_list_set  peer_manager.o
    0x00029eb0   0x000000fc   Code   RO           14    i.pm_evt_handler    main.o
    0x00029fac   0x00000004   Code   RO         1900    i.pm_gcm_evt_handler  peer_manager.o
    0x00029fb0   0x00000024   Code   RO         1903    i.pm_im_evt_handler  peer_manager.o
    0x00029fd4   0x00000058   Code   RO         1904    i.pm_init           peer_manager.o
    0x0002a02c   0x00000014   Code   RO         1906    i.pm_local_database_has_changed  peer_manager.o
    0x0002a040   0x0000000e   Code   RO         2218    i.pm_mutex_init     pm_mutex.o
    0x0002a04e   0x0000001a   Code   RO         2219    i.pm_mutex_lock     pm_mutex.o
    0x0002a068   0x00000036   Code   RO         2220    i.pm_mutex_lock_first_available  pm_mutex.o
    0x0002a09e   0x00000018   Code   RO         2221    i.pm_mutex_lock_status_get  pm_mutex.o
    0x0002a0b6   0x0000003a   Code   RO         2222    i.pm_mutex_unlock   pm_mutex.o
    0x0002a0f0   0x00000014   Code   RO         1907    i.pm_next_peer_id_get  peer_manager.o
    0x0002a104   0x00000118   Code   RO         1908    i.pm_pdb_evt_handler  peer_manager.o
    0x0002a21c   0x00000014   Code   RO         1919    i.pm_peer_delete    peer_manager.o
    0x0002a230   0x000000b8   Code   RO         1923    i.pm_peer_ranks_get  peer_manager.o
    0x0002a2e8   0x00000068   Code   RO         1924    i.pm_peers_delete   peer_manager.o
    0x0002a350   0x0000002c   Code   RO         1927    i.pm_register       peer_manager.o
    0x0002a37c   0x00000014   Code   RO         1928    i.pm_sec_params_set  peer_manager.o
    0x0002a390   0x00000034   Code   RO         1929    i.pm_sm_evt_handler  peer_manager.o
    0x0002a3c4   0x0000002c   Code   RO         1930    i.pm_whitelist_get  peer_manager.o
    0x0002a3f0   0x00000014   Code   RO         1931    i.pm_whitelist_set  peer_manager.o
    0x0002a404   0x0000003c   Code   RO         5207    i.postfix_process   nrf_log_str_formatter.o
    0x0002a440   0x0000005c   Code   RO         5208    i.prefix_process    nrf_log_str_formatter.o
    0x0002a49c   0x0000001c   Code   RO         3863    i.queue_buf_get     fds.o
    0x0002a4b8   0x00000010   Code   RO         3864    i.queue_buf_store   fds.o
    0x0002a4c8   0x000000a8   Code   RO         3865    i.queue_process     fds.o
    0x0002a570   0x00000098   Code   RO         4463    i.queue_process     nrf_fstorage_sd.o
    0x0002a608   0x00000020   Code   RO         3866    i.queue_start       fds.o
    0x0002a628   0x00000028   Code   RO         4464    i.queue_start       nrf_fstorage_sd.o
    0x0002a650   0x00000028   Code   RO         1932    i.rank_vars_update  peer_manager.o
    0x0002a678   0x0000000e   Code   RO         4465    i.read              nrf_fstorage_sd.o
    0x0002a686   0x00000002   PAD
    0x0002a688   0x00000068   Code   RO         1650    i.reattempt_previous_operations  peer_database.o
    0x0002a6f0   0x00000088   Code   RO         3867    i.record_find       fds.o
    0x0002a778   0x000000a0   Code   RO         3868    i.record_find_by_desc  fds.o
    0x0002a818   0x0000005c   Code   RO         3869    i.record_find_next  fds.o
    0x0002a874   0x00000038   Code   RO         3870    i.record_header_flag_dirty  fds.o
    0x0002a8ac   0x00000038   Code   RO          851    i.registered_handler_get  ble_db_discovery.o
    0x0002a8e4   0x00000010   Code   RO         1812    i.release           peer_id.o
    0x0002a8f4   0x00000004   Code   RO         4466    i.rmap              nrf_fstorage_sd.o
    0x0002a8f8   0x0000003c   Code   RO         3577    i.rtc1_stop         app_timer.o
    0x0002a934   0x00000032   Code   RO         3175    i.rx_byte           nrf_drv_uart.o
    0x0002a966   0x00000018   Code   RO         3176    i.rx_done_event     nrf_drv_uart.o
    0x0002a97e   0x00000002   PAD
    0x0002a980   0x000000bc   Code   RO           15    i.scan_start        main.o
    0x0002aa3c   0x00000042   Code   RO         5611    i.sd_nvic_SetPriority  nrf_sdh.o
    0x0002aa7e   0x00000002   PAD
    0x0002aa80   0x00000054   Code   RO         2713    i.sd_state_evt_handler  nrf_drv_clock.o
    0x0002aad4   0x00000030   Code   RO         5612    i.sdh_request_observer_notify  nrf_sdh.o
    0x0002ab04   0x0000002c   Code   RO         5613    i.sdh_state_observer_notify  nrf_sdh.o
    0x0002ab30   0x00000044   Code   RO         4799    i.sdk_mapped_flags_bulk_update_by_key  sdk_mapped_flags.o
    0x0002ab74   0x00000022   Code   RO         4800    i.sdk_mapped_flags_first_key_index_get  sdk_mapped_flags.o
    0x0002ab96   0x00000010   Code   RO         4801    i.sdk_mapped_flags_get_by_index  sdk_mapped_flags.o
    0x0002aba6   0x00000026   Code   RO         4802    i.sdk_mapped_flags_get_by_key  sdk_mapped_flags.o
    0x0002abcc   0x0000004a   Code   RO         4804    i.sdk_mapped_flags_key_list_get  sdk_mapped_flags.o
    0x0002ac16   0x0000001e   Code   RO         4805    i.sdk_mapped_flags_n_flags_set  sdk_mapped_flags.o
    0x0002ac34   0x0000000e   Code   RO         4806    i.sdk_mapped_flags_update_by_key  sdk_mapped_flags.o
    0x0002ac42   0x000000a2   Code   RO         2281    i.sec_info_request_process  security_dispatcher.o
    0x0002ace4   0x0000006c   Code   RO         2282    i.sec_keyset_fill   security_dispatcher.o
    0x0002ad50   0x00000076   Code   RO         2422    i.sec_params_verify  security_manager.o
    0x0002adc6   0x00000002   PAD
    0x0002adc8   0x00000038   Code   RO         2283    i.sec_proc_housekeeping  security_dispatcher.o
    0x0002ae00   0x00000068   Code   RO         2284    i.sec_proc_start    security_dispatcher.o
    0x0002ae68   0x00000022   Code   RO         2285    i.send_config_req   security_dispatcher.o
    0x0002ae8a   0x00000002   PAD
    0x0002ae8c   0x00000028   Code   RO         1034    i.send_unexpected_error  gatt_cache_manager.o
    0x0002aeb4   0x00000028   Code   RO         2286    i.send_unexpected_error  security_dispatcher.o
    0x0002aedc   0x0000002a   Code   RO         4868    i.serial_tx         nrf_log_backend_rtt.o
    0x0002af06   0x00000002   PAD
    0x0002af08   0x00000044   Code   RO         1144    i.service_changed_pending_set  gatts_cache_manager.o
    0x0002af4c   0x0000008c   Code   RO         1035    i.service_changed_send_in_evt  gatt_cache_manager.o
    0x0002afd8   0x00000020   Code   RO           16    i.shutdown_handler  main.o
    0x0002aff8   0x0000007c   Code   RO         4659    i.shutdown_process  nrf_pwr_mgmt.o
    0x0002b074   0x00000018   Code   RO         2423    i.sm_ble_evt_handler  security_manager.o
    0x0002b08c   0x00000004   Code   RO         2424    i.sm_conn_sec_config_reply  security_manager.o
    0x0002b090   0x0000004c   Code   RO         2425    i.sm_init           security_manager.o
    0x0002b0dc   0x0000000a   Code   RO         2427    i.sm_link_secure    security_manager.o
    0x0002b0e6   0x00000002   PAD
    0x0002b0e8   0x00000040   Code   RO         2428    i.sm_pdb_evt_handler  security_manager.o
    0x0002b128   0x00000034   Code   RO         2430    i.sm_sec_params_set  security_manager.o
    0x0002b15c   0x00000060   Code   RO         2431    i.sm_smd_evt_handler  security_manager.o
    0x0002b1bc   0x00000118   Code   RO         2287    i.smd_ble_evt_handler  security_dispatcher.o
    0x0002b2d4   0x00000010   Code   RO         2288    i.smd_conn_sec_config_reply  security_dispatcher.o
    0x0002b2e4   0x00000058   Code   RO         2289    i.smd_init          security_dispatcher.o
    0x0002b33c   0x0000006c   Code   RO         2290    i.smd_link_secure   security_dispatcher.o
    0x0002b3a8   0x000000fc   Code   RO         2291    i.smd_params_reply  security_dispatcher.o
    0x0002b4a4   0x00000040   Code   RO         2432    i.smd_params_reply_perform  security_manager.o
    0x0002b4e4   0x00000020   Code   RO           17    i.soc_evt_handler   main.o
    0x0002b504   0x0000000a   Code   RO         2714    i.soc_evt_handler   nrf_drv_clock.o
    0x0002b50e   0x00000002   PAD
    0x0002b510   0x00000038   Code   RO         5614    i.softdevice_evt_irq_disable  nrf_sdh.o
    0x0002b548   0x00000050   Code   RO         5615    i.softdevices_evt_irq_enable  nrf_sdh.o
    0x0002b598   0x00000090   Code   RO         5039    i.std_n             nrf_log_frontend.o
    0x0002b628   0x00000080   Code   RO         3578    i.timer_list_handler  app_timer.o
    0x0002b6a8   0x0000003c   Code   RO         3579    i.timer_list_insert  app_timer.o
    0x0002b6e4   0x00000060   Code   RO         3580    i.timer_list_remove  app_timer.o
    0x0002b744   0x00000048   Code   RO         3581    i.timer_stop_op_schedule  app_timer.o
    0x0002b78c   0x00000074   Code   RO         3582    i.timer_timeouts_check  app_timer.o
    0x0002b800   0x00000048   Code   RO         2564    i.tx_buffer_process  ble_bas_c.o
    0x0002b848   0x00000048   Code   RO         2630    i.tx_buffer_process  ble_hrs_c.o
    0x0002b890   0x00000020   Code   RO         3178    i.tx_byte           nrf_drv_uart.o
    0x0002b8b0   0x0000001c   Code   RO         3179    i.tx_done_event     nrf_drv_uart.o
    0x0002b8cc   0x0000011e   Code   RO         3180    i.uart_irq_handler  nrf_drv_uart.o
    0x0002b9ea   0x000000f0   Code   RO         3181    i.uarte_irq_handler  nrf_drv_uart.o
    0x0002bada   0x00000002   PAD
    0x0002badc   0x00000020   Code   RO         4467    i.uninit            nrf_fstorage_sd.o
    0x0002bafc   0x000000b4   Code   RO         4353    i.unsigned_print    nrf_fprintf_format.o
    0x0002bbb0   0x00000018   Code   RO          703    i.user_flag_is_acquired  ble_conn_state.o
    0x0002bbc8   0x00000030   Code   RO         3583    i.user_op_alloc     app_timer.o
    0x0002bbf8   0x00000058   Code   RO           18    i.whitelist_load    main.o
    0x0002bc50   0x00000004   Code   RO         4468    i.wmap              nrf_fstorage_sd.o
    0x0002bc54   0x00000050   Code   RO         4469    i.write             nrf_fstorage_sd.o
    0x0002bca4   0x00000024   Code   RO         1651    i.write_buf_length_words_set  peer_database.o
    0x0002bcc8   0x0000009c   Code   RO         1652    i.write_buf_store   peer_database.o
    0x0002bd64   0x00000034   Code   RO         1653    i.write_buffer_record_find  peer_database.o
    0x0002bd98   0x00000028   Code   RO         1654    i.write_buffer_record_find_next  peer_database.o
    0x0002bdc0   0x0000001e   Code   RO         1655    i.write_buffer_record_invalidate  peer_database.o
    0x0002bdde   0x00000002   PAD
    0x0002bde0   0x0000002c   Code   RO         1656    i.write_buffer_record_release  peer_database.o
    0x0002be0c   0x000000e8   Code   RO         3872    i.write_enqueue     fds.o
    0x0002bef4   0x000000f4   Code   RO         3873    i.write_execute     fds.o
    0x0002bfe8   0x00000018   Code   RO         3874    i.write_space_free  fds.o
    0x0002c000   0x0000005c   Code   RO         3875    i.write_space_reserve  fds.o
    0x0002c05c   0x00000010   Data   RO           20    .constdata          main.o
    0x0002c06c   0x00000008   Data   RO          385    .constdata          boards.o
    0x0002c074   0x0000002c   Data   RO          501    .constdata          bsp.o
    0x0002c0a0   0x0000007c   Data   RO          853    .constdata          ble_db_discovery.o
    0x0002c11c   0x00000050   Data   RO         1036    .constdata          gatt_cache_manager.o
    0x0002c16c   0x00000004   Data   RO         1145    .constdata          gatts_cache_manager.o
    0x0002c170   0x00000010   Data   RO         1146    .constdata          gatts_cache_manager.o
    0x0002c180   0x00000004   Data   RO         1147    .constdata          gatts_cache_manager.o
    0x0002c184   0x00000008   Data   RO         1241    .constdata          id_manager.o
    0x0002c18c   0x00000016   Data   RO         1410    .constdata          nrf_ble_gatt.o
    0x0002c1a2   0x00000002   PAD
    0x0002c1a4   0x00000018   Data   RO         1514    .constdata          peer_data_storage.o
    0x0002c1bc   0x00000010   Data   RO         1658    .constdata          peer_database.o
    0x0002c1cc   0x00000010   Data   RO         1934    .constdata          peer_manager.o
    0x0002c1dc   0x00000068   Data   RO         2293    .constdata          security_dispatcher.o
    0x0002c244   0x00000004   Data   RO         2433    .constdata          security_manager.o
    0x0002c248   0x00000004   Data   RO         2936    .constdata          nrf_drv_gpiote.o
    0x0002c24c   0x00000008   Data   RO         3384    .constdata          app_button.o
    0x0002c254   0x00000018   Data   RO         3878    .constdata          fds.o
    0x0002c26c   0x00000010   Data   RO         4354    .constdata          nrf_fprintf_format.o
    0x0002c27c   0x00000010   Data   RO         4472    .constdata          nrf_fstorage_sd.o
    0x0002c28c   0x00000020   Data   RO         4473    .constdata          nrf_fstorage_sd.o
    0x0002c2ac   0x00000018   Data   RO         4661    .constdata          nrf_pwr_mgmt.o
    0x0002c2c4   0x0000000c   Data   RO         4662    .constdata          nrf_pwr_mgmt.o
    0x0002c2d0   0x00000104   Data   RO         4768    .constdata          nrf_strerror.o
    0x0002c3d4   0x0000000c   Data   RO         4870    .constdata          nrf_log_backend_rtt.o
    0x0002c3e0   0x00000014   Data   RO         5042    .constdata          nrf_log_frontend.o
    0x0002c3f4   0x00000010   Data   RO         5616    .constdata          nrf_sdh.o
    0x0002c404   0x00000028   Data   RO         5617    .constdata          nrf_sdh.o
    0x0002c42c   0x00000010   Data   RO         5618    .constdata          nrf_sdh.o
    0x0002c43c   0x00000010   Data   RO         5619    .constdata          nrf_sdh.o
    0x0002c44c   0x00000020   Data   RO         5735    .constdata          nrf_sdh_ble.o
    0x0002c46c   0x00000010   Data   RO         5736    .constdata          nrf_sdh_ble.o
    0x0002c47c   0x00000010   Data   RO         5782    .constdata          nrf_sdh_soc.o
    0x0002c48c   0x0000000c   Data   RO         5783    .constdata          nrf_sdh_soc.o
    0x0002c498   0x00000081   Data   RO         5864    .constdata          mc_w.l(ctype_o.o)
    0x0002c519   0x00000003   PAD
    0x0002c51c   0x00000004   Data   RO         5865    .constdata          mc_w.l(ctype_o.o)
    0x0002c520   0x0000012d   Data   RO         1411    .conststring        nrf_ble_gatt.o
    0x0002c64d   0x00000003   PAD
    0x0002c650   0x00000307   Data   RO         4769    .conststring        nrf_strerror.o
    0x0002c957   0x00000001   PAD
    0x0002c958   0x00000066   Data   RO         5209    .conststring        nrf_log_str_formatter.o
    0x0002c9be   0x00000002   PAD
    0x0002c9c0   0x000001cf   Data   RO         5737    .conststring        nrf_sdh_ble.o
    0x0002cb8f   0x00000001   PAD
    0x0002cb90   0x0000000c   Data   RO          854    .conststrlit        ble_db_discovery.o
    0x0002cb9c   0x00000009   Data   RO         1412    .conststrlit        nrf_ble_gatt.o
    0x0002cba5   0x00000003   PAD
    0x0002cba8   0x0000000a   Data   RO         2566    .conststrlit        ble_bas_c.o
    0x0002cbb2   0x00000002   PAD
    0x0002cbb4   0x0000000a   Data   RO         2632    .conststrlit        ble_hrs_c.o
    0x0002cbbe   0x00000002   PAD
    0x0002cbc0   0x00000006   Data   RO         2720    .conststrlit        nrf_drv_clock.o
    0x0002cbc6   0x00000002   PAD
    0x0002cbc8   0x00000007   Data   RO         2940    .conststrlit        nrf_drv_gpiote.o
    0x0002cbcf   0x00000001   PAD
    0x0002cbd0   0x00000005   Data   RO         3183    .conststrlit        nrf_drv_uart.o
    0x0002cbd5   0x00000003   PAD
    0x0002cbd8   0x00000007   Data   RO         4269    .conststrlit        nrf_balloc.o
    0x0002cbdf   0x00000001   PAD
    0x0002cbe0   0x00000009   Data   RO         4663    .conststrlit        nrf_pwr_mgmt.o
    0x0002cbe9   0x00000003   PAD
    0x0002cbec   0x00000004   Data   RO         5044    .conststrlit        nrf_log_frontend.o
    0x0002cbf0   0x00000008   Data   RO         5620    .conststrlit        nrf_sdh.o
    0x0002cbf8   0x0000000c   Data   RO         5738    .conststrlit        nrf_sdh_ble.o
    0x0002cc04   0x0000000c   Data   RO         5784    .conststrlit        nrf_sdh_soc.o
    0x0002cc10   0x00000020   Data   RO         5927    Region$$Table       anon$$obj.o
    0x0002cc30   0x00000008   Data   RO          856    log_const_data      ble_db_discovery.o
    0x0002cc38   0x00000008   Data   RO         1413    log_const_data      nrf_ble_gatt.o
    0x0002cc40   0x00000008   Data   RO         2568    log_const_data      ble_bas_c.o
    0x0002cc48   0x00000008   Data   RO         2634    log_const_data      ble_hrs_c.o
    0x0002cc50   0x00000008   Data   RO         2721    log_const_data      nrf_drv_clock.o
    0x0002cc58   0x00000008   Data   RO         2941    log_const_data      nrf_drv_gpiote.o
    0x0002cc60   0x00000008   Data   RO         3184    log_const_data      nrf_drv_uart.o
    0x0002cc68   0x00000008   Data   RO         4270    log_const_data      nrf_balloc.o
    0x0002cc70   0x00000008   Data   RO         4665    log_const_data      nrf_pwr_mgmt.o
    0x0002cc78   0x00000008   Data   RO         5048    log_const_data      nrf_log_frontend.o
    0x0002cc80   0x00000008   Data   RO         5622    log_const_data      nrf_sdh.o
    0x0002cc88   0x00000008   Data   RO         5739    log_const_data      nrf_sdh_ble.o
    0x0002cc90   0x00000008   Data   RO         5785    log_const_data      nrf_sdh_soc.o
    0x0002cc98   0x00000004   Data   RO           22    pwr_mgmt_data1      main.o
    0x0002cc9c   0x00000008   Data   RO          705    sdh_ble_observers0  ble_conn_state.o
    0x0002cca4   0x00000010   Data   RO           23    sdh_ble_observers1  main.o
    0x0002ccb4   0x00000008   Data   RO          607    sdh_ble_observers1  bsp_btn_ble.o
    0x0002ccbc   0x00000008   Data   RO         1936    sdh_ble_observers1  peer_manager.o
    0x0002ccc4   0x00000010   Data   RO           24    sdh_ble_observers2  main.o
    0x0002ccd4   0x00000008   Data   RO           25    sdh_ble_observers3  main.o
    0x0002ccdc   0x00000008   Data   RO         4475    sdh_req_observers0  nrf_fstorage_sd.o
    0x0002cce4   0x00000008   Data   RO         2723    sdh_soc_observers0  nrf_drv_clock.o
    0x0002ccec   0x00000008   Data   RO         4476    sdh_soc_observers0  nrf_fstorage_sd.o
    0x0002ccf4   0x00000008   Data   RO           26    sdh_soc_observers1  main.o
    0x0002ccfc   0x00000008   Data   RO         5741    sdh_stack_observers0  nrf_sdh_ble.o
    0x0002cd04   0x00000008   Data   RO         5787    sdh_stack_observers0  nrf_sdh_soc.o
    0x0002cd0c   0x00000008   Data   RO         2724    sdh_state_observers0  nrf_drv_clock.o
    0x0002cd14   0x00000008   Data   RO         4477    sdh_state_observers0  nrf_fstorage_sd.o


    Execution Region RW_IRAM1 (Base: 0x200029a0, Size: 0x00003800, Max: 0x0000d660, ABSOLUTE, COMPRESSED[0x00000054])

    Base Addr    Size         Type   Attr      Idx    E Section Name        Object

    0x200029a0   0x000002da   Data   RW           21    .data               main.o
    0x20002c7a   0x00000002   PAD
    0x20002c7c   0x00000010   Data   RW          502    .data               bsp.o
    0x20002c8c   0x00000008   Data   RW          606    .data               bsp_btn_ble.o
    0x20002c94   0x00000010   Data   RW          855    .data               ble_db_discovery.o
    0x20002ca4   0x0000000c   Data   RW         1037    .data               gatt_cache_manager.o
    0x20002cb0   0x00000006   Data   RW         1148    .data               gatts_cache_manager.o
    0x20002cb6   0x00000003   Data   RW         1242    .data               id_manager.o
    0x20002cb9   0x00000003   PAD
    0x20002cbc   0x0000000c   Data   RW         1515    .data               peer_data_storage.o
    0x20002cc8   0x00000008   Data   RW         1659    .data               peer_database.o
    0x20002cd0   0x00000010   Data   RW         1935    .data               peer_manager.o
    0x20002ce0   0x00000006   Data   RW         2294    .data               security_dispatcher.o
    0x20002ce6   0x00000002   PAD
    0x20002ce8   0x00000015   Data   RW         2434    .data               security_manager.o
    0x20002cfd   0x00000003   PAD
    0x20002d00   0x00000008   Data   RW         2567    .data               ble_bas_c.o
    0x20002d08   0x00000008   Data   RW         2633    .data               ble_hrs_c.o
    0x20002d10   0x00000014   Data   RW         3385    .data               app_button.o
    0x20002d24   0x00000014   Data   RW         3585    .data               app_timer.o
    0x20002d38   0x00000030   Data   RW         3879    .data               fds.o
    0x20002d68   0x00000008   Data   RW         4474    .data               nrf_fstorage_sd.o
    0x20002d70   0x00000008   Data   RW         4664    .data               nrf_pwr_mgmt.o
    0x20002d78   0x0000000c   Data   RW         4981    .data               nrf_log_default_backends.o
    0x20002d84   0x00000008   Data   RW         5046    .data               nrf_log_frontend.o
    0x20002d8c   0x00000008   Data   RW         5047    .data               nrf_log_frontend.o
    0x20002d94   0x00000038   Data   RW         5210    .data               nrf_log_str_formatter.o
    0x20002dcc   0x00000003   Data   RW         5621    .data               nrf_sdh.o
    0x20002dcf   0x00000001   PAD
    0x20002dd0   0x00000004   Data   RW         5822    .data               system_nrf52.o
    0x20002dd4   0x00000014   Data   RW         3880    fs_data             fds.o
    0x20002de8   0x0000000c   Data   RW          857    log_dynamic_data    ble_db_discovery.o
    0x20002df4   0x0000000c   Data   RW         1414    log_dynamic_data    nrf_ble_gatt.o
    0x20002e00   0x0000000c   Data   RW         2569    log_dynamic_data    ble_bas_c.o
    0x20002e0c   0x0000000c   Data   RW         2635    log_dynamic_data    ble_hrs_c.o
    0x20002e18   0x0000000c   Data   RW         2722    log_dynamic_data    nrf_drv_clock.o
    0x20002e24   0x0000000c   Data   RW         2942    log_dynamic_data    nrf_drv_gpiote.o
    0x20002e30   0x0000000c   Data   RW         3185    log_dynamic_data    nrf_drv_uart.o
    0x20002e3c   0x0000000c   Data   RW         4271    log_dynamic_data    nrf_balloc.o
    0x20002e48   0x0000000c   Data   RW         4666    log_dynamic_data    nrf_pwr_mgmt.o
    0x20002e54   0x0000000c   Data   RW         5049    log_dynamic_data    nrf_log_frontend.o
    0x20002e60   0x0000000c   Data   RW         5623    log_dynamic_data    nrf_sdh.o
    0x20002e6c   0x0000000c   Data   RW         5740    log_dynamic_data    nrf_sdh_ble.o
    0x20002e78   0x0000000c   Data   RW         5786    log_dynamic_data    nrf_sdh_soc.o
    0x20002e84   0x0000002c   Zero   RW           19    .bss                main.o
    0x20002eb0   0x00000020   Zero   RW          497    .bss                bsp.o
    0x20002ed0   0x00000020   Zero   RW          498    .bss                bsp.o
    0x20002ef0   0x0000000c   Zero   RW          499    .bss                bsp.o
    0x20002efc   0x00000020   Zero   RW          500    .bss                bsp.o
    0x20002f1c   0x000000b8   Zero   RW          704    .bss                ble_conn_state.o
    0x20002fd4   0x00000318   Zero   RW          852    .bss                ble_db_discovery.o
    0x200032ec   0x00000100   Zero   RW         1240    .bss                id_manager.o
    0x200033ec   0x000000d0   Zero   RW         1657    .bss                peer_database.o
    0x200034bc   0x00000040   Zero   RW         1813    .bss                peer_id.o
    0x200034fc   0x0000000c   Zero   RW         1933    .bss                peer_manager.o
    0x20003508   0x00000040   Zero   RW         2292    .bss                security_dispatcher.o
    0x20003548   0x000000a0   Zero   RW         2565    .bss                ble_bas_c.o
    0x200035e8   0x000000a0   Zero   RW         2631    .bss                ble_hrs_c.o
    0x20003688   0x00000014   Zero   RW         2715    .bss                nrf_drv_clock.o
    0x2000369c   0x00000058   Zero   RW         2935    .bss                nrf_drv_gpiote.o
    0x200036f4   0x00000020   Zero   RW         3182    .bss                nrf_drv_uart.o
    0x20003714   0x00000020   Zero   RW         3383    .bss                app_button.o
    0x20003734   0x0000010c   Zero   RW         3584    .bss                app_timer.o
    0x20003840   0x0000000c   Zero   RW         3733    .bss                app_util_platform.o
    0x2000384c   0x000000e0   Zero   RW         3876    .bss                fds.o
    0x2000392c   0x00000010   Zero   RW         3877    .bss                fds.o
    0x2000393c   0x000000a0   Zero   RW         4470    .bss                nrf_fstorage_sd.o
    0x200039dc   0x00000010   Zero   RW         4471    .bss                nrf_fstorage_sd.o
    0x200039ec   0x0000000c   Zero   RW         4660    .bss                nrf_pwr_mgmt.o
    0x200039f8   0x00000040   Zero   RW         4869    .bss                nrf_log_backend_rtt.o
    0x20003a38   0x000000c0   Zero   RW         5040    .bss                nrf_log_frontend.o
    0x20003af8   0x00000420   Zero   RW         5041    .bss                nrf_log_frontend.o
    0x20003f18   0x00000288   Zero   RW         5281    .bss                segger_rtt.o
    0x200041a0   0x00002000   Zero   RW         5810    STACK               arm_startup_nrf52.o


==============================================================================

Image component sizes


      Code (inc. data)   RO Data    RW Data    ZI Data      Debug   Object Name

       332         34          8         20         32       9686   app_button.o
        22          0          0          0          0       2045   app_error.o
       120         40          0          0          0      27365   app_error_weak.o
         0          0          0          0          0      21000   app_scheduler.o
      1630        122          0         20        268      45495   app_timer.o
       124         14          0          0         12       8798   app_util_platform.o
        36          8        512          0       8192        900   arm_startup_nrf52.o
       586         26         18         20        160       7844   ble_bas_c.o
       552         52          8          0        184       9265   ble_conn_state.o
      1658         78        144         28        792      24203   ble_db_discovery.o
       518         18         18         20        160      28821   ble_hrs_c.o
       318         42          8          0          0      12440   boards.o
       960         84         44         16        108      14407   bsp.o
       252         10          8          8          0       4568   bsp_btn_ble.o
      3726        332         24         68        240      47630   fds.o
      1028         74         80         12          0      17869   gatt_cache_manager.o
       490         38         24          6          0       8423   gatts_cache_manager.o
      1686         76          8          3        256      20959   id_manager.o
      2542        762         68        730         44     142191   main.o
       342          0          0          0          0       5986   nrf_atfifo.o
       164          0         15         12          0       3697   nrf_balloc.o
       658         44        340         12          0      31280   nrf_ble_gatt.o
       408         40         30         12         20      40551   nrf_drv_clock.o
        56          0          0          0          0      27443   nrf_drv_common.o
      1178         84         19         12         88      28378   nrf_drv_gpiote.o
       744          8         13         12         32      23410   nrf_drv_uart.o
        50          0          0          0          0       3369   nrf_fprintf.o
       850          4         16          0          0       4558   nrf_fprintf_format.o
       312         10          0          0          0       5428   nrf_fstorage.o
       926         72         72          8        176      17839   nrf_fstorage_sd.o
        74          8         12          0         64       5137   nrf_log_backend_rtt.o
       210          0          0          0          0      10147   nrf_log_backend_serial.o
        28          6          0         12          0       3090   nrf_log_default_backends.o
      1520         88         32         28       1248      30813   nrf_log_frontend.o
       506         66        102         56          0       4792   nrf_log_str_formatter.o
       494          0          0          0          0      12011   nrf_memobj.o
       450         42         53         20         12      41019   nrf_pwr_mgmt.o
       600         60        104         15          0      49516   nrf_sdh.o
       660        160        539         12          0       5537   nrf_sdh_ble.o
        60          4         56         12          0       2476   nrf_sdh_soc.o
        78          0          0          0          0       2572   nrf_section_iter.o
        76         10       1035          0          0       2467   nrf_strerror.o
      1034         46         24         12          0      15816   peer_data_storage.o
      1268         62         16          8        208      22390   peer_database.o
       336         38          0          0         64       8367   peer_id.o
      1110        108         24         16         12      20101   peer_manager.o
       242          0          0          0          0       3911   pm_buffer.o
       226          0          0          0          0       4801   pm_mutex.o
       274          0          0          0          0       6295   sdk_mapped_flags.o
      2060         92        104          6         64      26966   security_dispatcher.o
      1132         56          4         21          0      45093   security_manager.o
       378         34          0          0        648       8153   segger_rtt.o
       796         70          0          4          0       2955   system_nrf52.o

    ----------------------------------------------------------------------
     35970       3022       3640       1252      13084     980273   Object Totals
         0          0         32          0          0          0   (incl. Generated)
        90          0         26         11          0          0   (incl. Padding)

    ----------------------------------------------------------------------

      Code (inc. data)   RO Data    RW Data    ZI Data      Debug   Library Member Name

        86          0          0          0          0          0   __dczerorl2.o
         8          4        133          0          0         68   ctype_o.o
         0          0          0          0          0          0   entry.o
         0          0          0          0          0          0   entry10a.o
         0          0          0          0          0          0   entry11a.o
         8          4          0          0          0          0   entry2.o
         4          0          0          0          0          0   entry5.o
         0          0          0          0          0          0   entry7b.o
         0          0          0          0          0          0   entry8b.o
         8          4          0          0          0          0   entry9a.o
        30          0          0          0          0          0   handlers.o
        36          8          0          0          0         68   init.o
        30          0          0          0          0         68   llshl.o
        32          0          0          0          0         68   llushr.o
        26          0          0          0          0         80   memcmp.o
        36          0          0          0          0         68   memcpya.o
        36          0          0          0          0        108   memseta.o
        18          0          0          0          0         68   strcpy.o
        14          0          0          0          0         68   strlen.o
        98          0          0          0          0         92   uldiv.o

    ----------------------------------------------------------------------
       474         20        136          0          0        756   Library Totals
         4          0          3          0          0          0   (incl. Padding)

    ----------------------------------------------------------------------

      Code (inc. data)   RO Data    RW Data    ZI Data      Debug   Library Name

       470         20        133          0          0        756   mc_w.l

    ----------------------------------------------------------------------
       474         20        136          0          0        756   Library Totals

    ----------------------------------------------------------------------

==============================================================================


      Code (inc. data)   RO Data    RW Data    ZI Data      Debug   

     36444       3042       3776       1252      13084     932953   Grand Totals
     36444       3042       3776         84      13084     932953   ELF Image Totals (compressed)
     36444       3042       3776         84          0          0   ROM Totals

==============================================================================

    Total RO  Size (Code + RO Data)                40220 (  39.28kB)
    Total RW  Size (RW Data + ZI Data)             14336 (  14.00kB)
    Total ROM Size (Code + RO Data + RW Data)      40304 (  39.36kB)

==============================================================================

