Component: ARM Compiler 5.05 update 1 (build 106) Tool: armlink [4d0efa]

==============================================================================

Section Cross References

    main.o(i.advertising_start) refers to nrf_log_frontend.o(i.nrf_log_frontend_std_0) for nrf_log_frontend_std_0
    main.o(i.advertising_start) refers to peer_manager.o(i.pm_peers_delete) for pm_peers_delete
    main.o(i.advertising_start) refers to ble_advertising.o(i.ble_advertising_start) for ble_advertising_start
    main.o(i.advertising_start) refers to app_error.o(i.app_error_handler_bare) for app_error_handler_bare
    main.o(i.advertising_start) refers to nrf_log_frontend.o(log_dynamic_data) for m_nrf_log_app_logs_data_dynamic
    main.o(i.advertising_start) refers to main.o(.bss) for .bss
    main.o(i.application_timers_start) refers to app_timer.o(i.app_timer_start) for app_timer_start
    main.o(i.application_timers_start) refers to app_error.o(i.app_error_handler_bare) for app_error_handler_bare
    main.o(i.application_timers_start) refers to main.o(.constdata) for .constdata
    main.o(i.assert_nrf_callback) refers to app_error.o(i.app_error_handler) for app_error_handler
    main.o(i.battery_level_meas_timeout_handler) refers to nrf_log_frontend.o(i.nrf_log_frontend_std_0) for nrf_log_frontend_std_0
    main.o(i.battery_level_meas_timeout_handler) refers to sensorsim.o(i.sensorsim_measure) for sensorsim_measure
    main.o(i.battery_level_meas_timeout_handler) refers to ble_bas.o(i.ble_bas_battery_level_update) for ble_bas_battery_level_update
    main.o(i.battery_level_meas_timeout_handler) refers to app_error.o(i.app_error_handler_bare) for app_error_handler_bare
    main.o(i.battery_level_meas_timeout_handler) refers to nrf_log_frontend.o(log_dynamic_data) for m_nrf_log_app_logs_data_dynamic
    main.o(i.battery_level_meas_timeout_handler) refers to main.o(.bss) for .bss
    main.o(i.battery_level_meas_timeout_handler) refers to main.o(.data) for .data
    main.o(i.ble_evt_handler) refers to nrf_log_frontend.o(i.nrf_log_frontend_std_1) for nrf_log_frontend_std_1
    main.o(i.ble_evt_handler) refers to app_error.o(i.app_error_handler_bare) for app_error_handler_bare
    main.o(i.ble_evt_handler) refers to nrf_log_frontend.o(i.nrf_log_frontend_std_0) for nrf_log_frontend_std_0
    main.o(i.ble_evt_handler) refers to bsp.o(i.bsp_indication_set) for bsp_indication_set
    main.o(i.ble_evt_handler) refers to memmovea.o(.text) for __aeabi_memcpy
    main.o(i.ble_evt_handler) refers to main.o(.data) for .data
    main.o(i.ble_evt_handler) refers to nrf_log_frontend.o(log_dynamic_data) for m_nrf_log_app_logs_data_dynamic
    main.o(i.bsp_event_handler) refers to main.o(i.sleep_mode_enter) for sleep_mode_enter
    main.o(i.bsp_event_handler) refers to app_error.o(i.app_error_handler_bare) for app_error_handler_bare
    main.o(i.bsp_event_handler) refers to ble_advertising.o(i.ble_advertising_restart_without_whitelist) for ble_advertising_restart_without_whitelist
    main.o(i.bsp_event_handler) refers to main.o(.data) for .data
    main.o(i.bsp_event_handler) refers to main.o(.bss) for .bss
    main.o(i.conn_params_error_handler) refers to app_error.o(i.app_error_handler_bare) for app_error_handler_bare
    main.o(i.gap_params_init) refers to app_error.o(i.app_error_handler_bare) for app_error_handler_bare
    main.o(i.gatt_evt_handler) refers to nrf_log_frontend.o(i.nrf_log_frontend_std_2) for nrf_log_frontend_std_2
    main.o(i.gatt_evt_handler) refers to ble_hrs.o(i.ble_hrs_on_gatt_evt) for ble_hrs_on_gatt_evt
    main.o(i.gatt_evt_handler) refers to nrf_log_frontend.o(log_dynamic_data) for m_nrf_log_app_logs_data_dynamic
    main.o(i.gatt_evt_handler) refers to main.o(.bss) for .bss
    main.o(i.heart_rate_meas_timeout_handler) refers to sensorsim.o(i.sensorsim_measure) for sensorsim_measure
    main.o(i.heart_rate_meas_timeout_handler) refers to ble_hrs.o(i.ble_hrs_heart_rate_measurement_send) for ble_hrs_heart_rate_measurement_send
    main.o(i.heart_rate_meas_timeout_handler) refers to app_error.o(i.app_error_handler_bare) for app_error_handler_bare
    main.o(i.heart_rate_meas_timeout_handler) refers to main.o(.bss) for .bss
    main.o(i.heart_rate_meas_timeout_handler) refers to main.o(.data) for .data
    main.o(i.main) refers to nrf_log_frontend.o(i.nrf_log_init) for nrf_log_init
    main.o(i.main) refers to app_error.o(i.app_error_handler_bare) for app_error_handler_bare
    main.o(i.main) refers to nrf_log_default_backends.o(i.nrf_log_default_backends_init) for nrf_log_default_backends_init
    main.o(i.main) refers to main.o(i.timers_init) for timers_init
    main.o(i.main) refers to bsp.o(i.bsp_init) for bsp_init
    main.o(i.main) refers to bsp_btn_ble.o(i.bsp_btn_ble_init) for bsp_btn_ble_init
    main.o(i.main) refers to nrf_sdh.o(i.nrf_sdh_enable_request) for nrf_sdh_enable_request
    main.o(i.main) refers to nrf_sdh_ble.o(i.nrf_sdh_ble_default_cfg_set) for nrf_sdh_ble_default_cfg_set
[...]
    main                                     0x00027801   Thumb Code   324  main.o(i.main)
    new_connection                           0x00027b35   Thumb Code    80  id_manager.o(i.new_connection)
    next_id_get                              0x00027ba1   Thumb Code    48  peer_id.o(i.next_id_get)
    nrf_atfifo_clear                         0x00027bd1   Thumb Code    16  nrf_atfifo.o(i.nrf_atfifo_clear)
    nrf_atfifo_init                          0x00027be1   Thumb Code    38  nrf_atfifo.o(i.nrf_atfifo_init)
    nrf_atfifo_item_alloc                    0x00027c07   Thumb Code    22  nrf_atfifo.o(i.nrf_atfifo_item_alloc)
    nrf_atfifo_item_free                     0x00027c1d   Thumb Code    22  nrf_atfifo.o(i.nrf_atfifo_item_free)
    nrf_atfifo_item_get                      0x00027c33   Thumb Code    22  nrf_atfifo.o(i.nrf_atfifo_item_get)
    nrf_atfifo_item_put                      0x00027c49   Thumb Code    22  nrf_atfifo.o(i.nrf_atfifo_item_put)
    nrf_balloc_alloc                         0x00027c79   Thumb Code    68  nrf_balloc.o(i.nrf_balloc_alloc)
    nrf_balloc_free                          0x00027cbd   Thumb Code    48  nrf_balloc.o(i.nrf_balloc_free)
    nrf_balloc_init                          0x00027ced   Thumb Code    48  nrf_balloc.o(i.nrf_balloc_init)
    nrf_ble_gatt_init                        0x00027d2d   Thumb Code    34  nrf_ble_gatt.o(i.nrf_ble_gatt_init)
    nrf_ble_gatt_on_ble_evt                  0x00027d51   Thumb Code   312  nrf_ble_gatt.o(i.nrf_ble_gatt_on_ble_evt)
    nrf_drv_clock_init                       0x00027f45   Thumb Code    64  nrf_drv_clock.o(i.nrf_drv_clock_init)
    nrf_drv_clock_lfclk_release              0x00027f8d   Thumb Code    40  nrf_drv_clock.o(i.nrf_drv_clock_lfclk_release)
    nrf_drv_common_irq_enable                0x00027fb9   Thumb Code    56  nrf_drv_common.o(i.nrf_drv_common_irq_enable)
    nrf_drv_gpiote_in_event_enable           0x00027ff1   Thumb Code   156  nrf_drv_gpiote.o(i.nrf_drv_gpiote_in_event_enable)
    nrf_drv_gpiote_in_init                   0x00028095   Thumb Code   172  nrf_drv_gpiote.o(i.nrf_drv_gpiote_in_init)
    nrf_drv_gpiote_in_is_set                 0x0002814d   Thumb Code    20  nrf_drv_gpiote.o(i.nrf_drv_gpiote_in_is_set)
    nrf_drv_gpiote_init                      0x00028161   Thumb Code    84  nrf_drv_gpiote.o(i.nrf_drv_gpiote_init)
    nrf_drv_gpiote_is_init                   0x000281bd   Thumb Code    14  nrf_drv_gpiote.o(i.nrf_drv_gpiote_is_init)
    nrf_fprintf                              0x000281d1   Thumb Code    26  nrf_fprintf.o(i.nrf_fprintf)
    nrf_fprintf_buffer_flush                 0x000281eb   Thumb Code    24  nrf_fprintf.o(i.nrf_fprintf_buffer_flush)
    nrf_fprintf_fmt                          0x00028203   Thumb Code   474  nrf_fprintf_format.o(i.nrf_fprintf_fmt)
    nrf_fstorage_erase                       0x000283dd   Thumb Code    78  nrf_fstorage.o(i.nrf_fstorage_erase)
    nrf_fstorage_init                        0x0002842b   Thumb Code    16  nrf_fstorage.o(i.nrf_fstorage_init)
    nrf_fstorage_is_busy                     0x0002843d   Thumb Code    70  nrf_fstorage.o(i.nrf_fstorage_is_busy)
    nrf_fstorage_sdh_req_handler             0x0002848d   Thumb Code    18  nrf_fstorage_sd.o(i.nrf_fstorage_sdh_req_handler)
    nrf_fstorage_sdh_state_handler           0x000284a5   Thumb Code    28  nrf_fstorage_sd.o(i.nrf_fstorage_sdh_state_handler)
    nrf_fstorage_sys_evt_handler             0x000284c5   Thumb Code   150  nrf_fstorage_sd.o(i.nrf_fstorage_sys_evt_handler)
    nrf_fstorage_write                       0x00028569   Thumb Code   102  nrf_fstorage.o(i.nrf_fstorage_write)
    nrf_log_backend_add                      0x000286bd   Thumb Code    74  nrf_log_frontend.o(i.nrf_log_backend_add)
    nrf_log_backend_rtt_init                 0x0002870f   Thumb Code     4  nrf_log_backend_rtt.o(i.nrf_log_backend_rtt_init)
    nrf_log_backend_serial_put               0x0002872d   Thumb Code   210  nrf_log_backend_serial.o(i.nrf_log_backend_serial_put)
    nrf_log_color_id_get                     0x00028801   Thumb Code    42  nrf_log_frontend.o(i.nrf_log_color_id_get)
    nrf_log_default_backends_init            0x00028831   Thumb Code    22  nrf_log_default_backends.o(i.nrf_log_default_backends_init)
    nrf_log_frontend_dequeue                 0x0002884d   Thumb Code   488  nrf_log_frontend.o(i.nrf_log_frontend_dequeue)
    nrf_log_frontend_std_0                   0x00028a3d   Thumb Code     8  nrf_log_frontend.o(i.nrf_log_frontend_std_0)
    nrf_log_frontend_std_1                   0x00028a45   Thumb Code    14  nrf_log_frontend.o(i.nrf_log_frontend_std_1)
    nrf_log_frontend_std_2                   0x00028a53   Thumb Code    16  nrf_log_frontend.o(i.nrf_log_frontend_std_2)
    nrf_log_frontend_std_3                   0x00028a63   Thumb Code    18  nrf_log_frontend.o(i.nrf_log_frontend_std_3)
    nrf_log_hexdump_entry_process            0x00028a75   Thumb Code   146  nrf_log_str_formatter.o(i.nrf_log_hexdump_entry_process)
    nrf_log_init                             0x00028b21   Thumb Code    70  nrf_log_frontend.o(i.nrf_log_init)
    nrf_log_module_cnt_get                   0x00028b7d   Thumb Code    10  nrf_log_frontend.o(i.nrf_log_module_cnt_get)
    nrf_log_module_name_get                  0x00028b91   Thumb Code    24  nrf_log_frontend.o(i.nrf_log_module_name_get)
    nrf_log_panic                            0x00028bad   Thumb Code    34  nrf_log_frontend.o(i.nrf_log_panic)
    nrf_log_std_entry_process                0x00028bd5   Thumb Code   182  nrf_log_str_formatter.o(i.nrf_log_std_entry_process)
    nrf_memobj_alloc                         0x00028c8b   Thumb Code    96  nrf_memobj.o(i.nrf_memobj_alloc)
    nrf_memobj_free                          0x00028ceb   Thumb Code    50  nrf_memobj.o(i.nrf_memobj_free)
    nrf_memobj_get                           0x00028d1d   Thumb Code    14  nrf_memobj.o(i.nrf_memobj_get)
    nrf_memobj_pool_init                     0x00028d2b   Thumb Code     4  nrf_memobj.o(i.nrf_memobj_pool_init)
    nrf_memobj_put                           0x00028d2f   Thumb Code    34  nrf_memobj.o(i.nrf_memobj_put)
    nrf_memobj_read                          0x00028d51   Thumb Code    12  nrf_memobj.o(i.nrf_memobj_read)
    nrf_memobj_write                         0x00028d5d   Thumb Code    12  nrf_memobj.o(i.nrf_memobj_write)
    nrf_sdh_ble_app_ram_start_get            0x00028d69   Thumb Code    16  nrf_sdh_ble.o(i.nrf_sdh_ble_app_ram_start_get)
    nrf_sdh_ble_default_cfg_set              0x00028d7d   Thumb Code   314  nrf_sdh_ble.o(i.nrf_sdh_ble_default_cfg_set)
    nrf_sdh_ble_enable                       0x00028ed5   Thumb Code    96  nrf_sdh_ble.o(i.nrf_sdh_ble_enable)
    nrf_sdh_disable_request                  0x00028ffd   Thumb Code    54  nrf_sdh.o(i.nrf_sdh_disable_request)
    nrf_sdh_enable_request                   0x00029039   Thumb Code    96  nrf_sdh.o(i.nrf_sdh_enable_request)
    nrf_sdh_evts_poll                        0x000290a5   Thumb Code    32  nrf_sdh.o(i.nrf_sdh_evts_poll)
    nrf_sdh_is_enabled                       0x000290c9   Thumb Code     6  nrf_sdh.o(i.nrf_sdh_is_enabled)
    nrf_sdh_request_continue                 0x000290d5   Thumb Code    22  nrf_sdh.o(i.nrf_sdh_request_continue)
    nrf_section_iter_init                    0x0002912d   Thumb Code    10  nrf_section_iter.o(i.nrf_section_iter_init)
    nrf_section_iter_next                    0x0002915b   Thumb Code    32  nrf_section_iter.o(i.nrf_section_iter_next)
    nrf_strerror_find                        0x0002917d   Thumb Code    52  nrf_strerror.o(i.nrf_strerror_find)
    nrf_strerror_get                         0x000291b5   Thumb Code    14  nrf_strerror.o(i.nrf_strerror_get)
    pdb_init                                 0x00029609   Thumb Code    64  peer_database.o(i.pdb_init)
    pdb_next_deleted_peer_id_get             0x00029651   Thumb Code     4  peer_database.o(i.pdb_next_deleted_peer_id_get)
    pdb_next_peer_id_get                     0x00029655   Thumb Code     4  peer_database.o(i.pdb_next_peer_id_get)
    pdb_pds_evt_handler                      0x00029659   Thumb Code   110  peer_database.o(i.pdb_pds_evt_handler)
    pdb_peer_allocate                        0x000296d1   Thumb Code     4  peer_database.o(i.pdb_peer_allocate)
    pdb_peer_data_load                       0x000296d5   Thumb Code    16  peer_database.o(i.pdb_peer_data_load)
    pdb_peer_data_ptr_get                    0x000296e5   Thumb Code     6  peer_database.o(i.pdb_peer_data_ptr_get)
    pdb_peer_free                            0x000296eb   Thumb Code    68  peer_database.o(i.pdb_peer_free)
    pdb_raw_store                            0x0002972f   Thumb Code     8  peer_database.o(i.pdb_raw_store)
    pdb_write_buf_get                        0x00029739   Thumb Code   256  peer_database.o(i.pdb_write_buf_get)
    pdb_write_buf_release                    0x0002983d   Thumb Code    40  peer_database.o(i.pdb_write_buf_release)
    pdb_write_buf_store                      0x00029865   Thumb Code    40  peer_database.o(i.pdb_write_buf_store)
    pdb_write_buf_store_prepare              0x0002988d   Thumb Code    98  peer_database.o(i.pdb_write_buf_store_prepare)
    pds_init                                 0x00029905   Thumb Code    98  peer_data_storage.o(i.pds_init)
    pds_next_deleted_peer_id_get             0x00029971   Thumb Code     4  peer_data_storage.o(i.pds_next_deleted_peer_id_get)
    pds_next_peer_id_get                     0x00029975   Thumb Code     4  peer_data_storage.o(i.pds_next_peer_id_get)
    pds_peer_data_iterate                    0x00029979   Thumb Code    84  peer_data_storage.o(i.pds_peer_data_iterate)
    pds_peer_data_iterate_prepare            0x000299d1   Thumb Code    10  peer_data_storage.o(i.pds_peer_data_iterate_prepare)
    pds_peer_data_read                       0x000299e1   Thumb Code   104  peer_data_storage.o(i.pds_peer_data_read)
    pds_peer_data_store                      0x00029a49   Thumb Code   150  peer_data_storage.o(i.pds_peer_data_store)
    pds_peer_id_allocate                     0x00029adf   Thumb Code     8  peer_data_storage.o(i.pds_peer_id_allocate)
    pds_peer_id_free                         0x00029ae7   Thumb Code    22  peer_data_storage.o(i.pds_peer_id_free)
    pds_peer_id_is_allocated                 0x00029afd   Thumb Code     4  peer_data_storage.o(i.pds_peer_id_is_allocated)
    pds_space_reserve                        0x00029b01   Thumb Code    46  peer_data_storage.o(i.pds_space_reserve)
    pds_space_reserve_cancel                 0x00029b2f   Thumb Code    16  peer_data_storage.o(i.pds_space_reserve_cancel)
    peer_id_allocate                         0x00029c45   Thumb Code     6  peer_id.o(i.peer_id_allocate)
    peer_id_delete                           0x00029c51   Thumb Code    32  peer_id.o(i.peer_id_delete)
    peer_id_free                             0x00029c75   Thumb Code    24  peer_id.o(i.peer_id_free)
    peer_id_get_next_deleted                 0x00029c91   Thumb Code     6  peer_id.o(i.peer_id_get_next_deleted)
    peer_id_get_next_used                    0x00029c9d   Thumb Code    42  peer_id.o(i.peer_id_get_next_used)
    peer_id_init                             0x00029ccd   Thumb Code    36  peer_id.o(i.peer_id_init)
    peer_id_is_allocated                     0x00029cf5   Thumb Code    16  peer_id.o(i.peer_id_is_allocated)
    peer_id_is_deleted                       0x00029d09   Thumb Code    16  peer_id.o(i.peer_id_is_deleted)
    pm_buffer_block_acquire                  0x00029ebd   Thumb Code    92  pm_buffer.o(i.pm_buffer_block_acquire)
    pm_buffer_init                           0x00029f19   Thumb Code    64  pm_buffer.o(i.pm_buffer_init)
    pm_buffer_ptr_get                        0x00029f59   Thumb Code    40  pm_buffer.o(i.pm_buffer_ptr_get)
    pm_buffer_release                        0x00029f81   Thumb Code    46  pm_buffer.o(i.pm_buffer_release)
    pm_conn_sec_config_reply                 0x00029faf   Thumb Code    10  peer_manager.o(i.pm_conn_sec_config_reply)
    pm_gcm_evt_handler                       0x0002a0b9   Thumb Code     4  peer_manager.o(i.pm_gcm_evt_handler)
    pm_im_evt_handler                        0x0002a0bd   Thumb Code    30  peer_manager.o(i.pm_im_evt_handler)
    pm_init                                  0x0002a0e1   Thumb Code    84  peer_manager.o(i.pm_init)
    pm_local_database_has_changed            0x0002a139   Thumb Code    14  peer_manager.o(i.pm_local_database_has_changed)
    pm_mutex_init                            0x0002a14d   Thumb Code    14  pm_mutex.o(i.pm_mutex_init)
    pm_mutex_lock                            0x0002a15b   Thumb Code    26  pm_mutex.o(i.pm_mutex_lock)
    pm_mutex_lock_first_available            0x0002a175   Thumb Code    54  pm_mutex.o(i.pm_mutex_lock_first_available)
    pm_mutex_lock_status_get                 0x0002a1ab   Thumb Code    24  pm_mutex.o(i.pm_mutex_lock_status_get)
    pm_mutex_unlock                          0x0002a1c3   Thumb Code    58  pm_mutex.o(i.pm_mutex_unlock)
    pm_pdb_evt_handler                       0x0002a1fd   Thumb Code   276  peer_manager.o(i.pm_pdb_evt_handler)
    pm_peer_delete                           0x0002a315   Thumb Code    14  peer_manager.o(i.pm_peer_delete)
    pm_peer_ranks_get                        0x0002a329   Thumb Code   176  peer_manager.o(i.pm_peer_ranks_get)
    pm_peers_delete                          0x0002a3e1   Thumb Code    98  peer_manager.o(i.pm_peers_delete)
    pm_register                              0x0002a449   Thumb Code    34  peer_manager.o(i.pm_register)
    pm_sec_params_set                        0x0002a475   Thumb Code    14  peer_manager.o(i.pm_sec_params_set)
    pm_sm_evt_handler                        0x0002a489   Thumb Code    46  peer_manager.o(i.pm_sm_evt_handler)
    sdk_mapped_flags_bulk_update_by_key      0x0002abad   Thumb Code    68  sdk_mapped_flags.o(i.sdk_mapped_flags_bulk_update_by_key)
    sdk_mapped_flags_first_key_index_get     0x0002abf1   Thumb Code    34  sdk_mapped_flags.o(i.sdk_mapped_flags_first_key_index_get)
    sdk_mapped_flags_get_by_key              0x0002ac23   Thumb Code    38  sdk_mapped_flags.o(i.sdk_mapped_flags_get_by_key)
    sdk_mapped_flags_key_list_get            0x0002ac49   Thumb Code    74  sdk_mapped_flags.o(i.sdk_mapped_flags_key_list_get)
    sdk_mapped_flags_update_by_key           0x0002ac93   Thumb Code    14  sdk_mapped_flags.o(i.sdk_mapped_flags_update_by_key)
    sensorsim_decrement                      0x0002afc5   Thumb Code    28  sensorsim.o(i.sensorsim_decrement)
    sensorsim_increment                      0x0002afe1   Thumb Code    28  sensorsim.o(i.sensorsim_increment)
    sensorsim_init                           0x0002affd   Thumb Code    22  sensorsim.o(i.sensorsim_init)
    sensorsim_measure                        0x0002b013   Thumb Code    26  sensorsim.o(i.sensorsim_measure)
    sm_ble_evt_handler                       0x0002b31d   Thumb Code    18  security_manager.o(i.sm_ble_evt_handler)
    sm_conn_sec_config_reply                 0x0002b335   Thumb Code     4  security_manager.o(i.sm_conn_sec_config_reply)
    sm_init                                  0x0002b339   Thumb Code    70  security_manager.o(i.sm_init)
    sm_pdb_evt_handler                       0x0002b385   Thumb Code    60  security_manager.o(i.sm_pdb_evt_handler)
    sm_sec_params_set                        0x0002b3c5   Thumb Code    46  security_manager.o(i.sm_sec_params_set)
    sm_smd_evt_handler                       0x0002b3f9   Thumb Code    92  security_manager.o(i.sm_smd_evt_handler)
    smd_ble_evt_handler                      0x0002b459   Thumb Code   234  security_dispatcher.o(i.smd_ble_evt_handler)
    smd_conn_sec_config_reply                0x0002b54d   Thumb Code    10  security_dispatcher.o(i.smd_conn_sec_config_reply)
    smd_init                                 0x0002b55d   Thumb Code    84  security_dispatcher.o(i.smd_init)
    smd_link_secure                          0x0002b5b5   Thumb Code    34  security_dispatcher.o(i.smd_link_secure)
    smd_params_reply                         0x0002b5d9   Thumb Code   242  security_dispatcher.o(i.smd_params_reply)
    write_buf_store                          0x0002bfe5   Thumb Code   146  peer_database.o(i.write_buf_store)
    nrf_fstorage_sd                          0x0002c518   Data          32  nrf_fstorage_sd.o(.constdata)
    nrf_log_backend_rtt_api                  0x0002c63c   Data          12  nrf_log_backend_rtt.o(.constdata)
    m_ram_start                              0x0002c6d4   Data           4  nrf_sdh_ble.o(.constdata)
    __ctype_table                            0x0002c700   Data         129  ctype_o.o(.constdata)
    Region$$Table$$Base                      0x0002ce54   Number         0  anon$$obj.o(Region$$Table)
    Region$$Table$$Limit                     0x0002ce74   Number         0  anon$$obj.o(Region$$Table)
    log_const_data$$Base                     0x0002ce74   Number         0  nrf_ble_gatt.o(log_const_data)
    m_nrf_log_ble_gatt_logs_data_const       0x0002ce74   Data           8  nrf_ble_gatt.o(log_const_data)
    m_nrf_log_clock_logs_data_const          0x0002ce7c   Data           8  nrf_drv_clock.o(log_const_data)
    m_nrf_log_gpiote_logs_data_const         0x0002ce84   Data           8  nrf_drv_gpiote.o(log_const_data)
    m_nrf_log_uart_logs_data_const           0x0002ce8c   Data           8  nrf_drv_uart.o(log_const_data)
    m_nrf_log_balloc_logs_data_const         0x0002ce94   Data           8  nrf_balloc.o(log_const_data)
    m_nrf_log_pwr_mgmt_logs_data_const       0x0002ce9c   Data           8  nrf_pwr_mgmt.o(log_const_data)
    m_nrf_log_app_logs_data_const            0x0002cea4   Data           8  nrf_log_frontend.o(log_const_data)
    m_nrf_log_nrf_sdh_logs_data_const        0x0002ceac   Data           8  nrf_sdh.o(log_const_data)
    m_nrf_log_nrf_sdh_ble_logs_data_const    0x0002ceb4   Data           8  nrf_sdh_ble.o(log_const_data)
    m_nrf_log_nrf_sdh_soc_logs_data_const    0x0002cebc   Data           8  nrf_sdh_soc.o(log_const_data)
    log_const_data$$Limit                    0x0002cec4   Number         0  nrf_sdh_soc.o(log_const_data)
    sdh_ble_observers0$$Base                 0x0002cec4   Number         0  ble_conn_state.o(sdh_ble_observers0)
    sdh_ble_observers0$$Limit                0x0002cecc   Number         0  ble_conn_state.o(sdh_ble_observers0)
    sdh_ble_observers1$$Base                 0x0002cecc   Number         0  main.o(sdh_ble_observers1)
    sdh_ble_observers1$$Limit                0x0002cef4   Number         0  peer_manager.o(sdh_ble_observers1)
    sdh_ble_observers2$$Base                 0x0002cef4   Number         0  main.o(sdh_ble_observers2)
    sdh_ble_observers2$$Limit                0x0002cf04   Number         0  main.o(sdh_ble_observers2)
    sdh_ble_observers3$$Base                 0x0002cf04   Number         0  main.o(sdh_ble_observers3)
    m_req_obs                                0x0002cf0c   Data           8  nrf_fstorage_sd.o(sdh_req_observers0)
    sdh_ble_observers3$$Limit                0x0002cf0c   Number         0  main.o(sdh_ble_observers3)
    sdh_req_observers0$$Base                 0x0002cf0c   Number         0  nrf_fstorage_sd.o(sdh_req_observers0)
    sdh_req_observers0$$Limit                0x0002cf14   Number         0  nrf_fstorage_sd.o(sdh_req_observers0)
    sdh_soc_observers0$$Base                 0x0002cf14   Number         0  nrf_drv_clock.o(sdh_soc_observers0)
    sdh_soc_observers0$$Limit                0x0002cf24   Number         0  nrf_fstorage_sd.o(sdh_soc_observers0)
    sdh_soc_observers1$$Base                 0x0002cf24   Number         0  main.o(sdh_soc_observers1)
    sdh_soc_observers1$$Limit                0x0002cf2c   Number         0  main.o(sdh_soc_observers1)
    sdh_stack_observers0$$Base               0x0002cf2c   Number         0  nrf_sdh_ble.o(sdh_stack_observers0)
    sdh_stack_observers0$$Limit              0x0002cf3c   Number         0  nrf_sdh_soc.o(sdh_stack_observers0)
    sdh_state_observers0$$Base               0x0002cf3c   Number         0  nrf_drv_clock.o(sdh_state_observers0)
    sdh_state_observers0$$Limit              0x0002cf4c   Number         0  nrf_fstorage_sd.o(sdh_state_observers0)
    Image$$RW_IRAM1$$Base                    0x20002a58   Number         0  anon$$obj.o ABSOLUTE
    SystemCoreClock                          0x20002c00   Data           4  system_nrf52.o(.data)
    fs_data$$Base                            0x20002c04   Number         0  fds.o(fs_data)
    m_fs                                     0x20002c04   Data          20  fds.o(fs_data)
    fs_data$$Limit                           0x20002c18   Number         0  fds.o(fs_data)
    log_dynamic_data$$Base                   0x20002c18   Number         0  nrf_ble_gatt.o(log_dynamic_data)
    m_nrf_log_ble_gatt_logs_data_dynamic     0x20002c18   Data          12  nrf_ble_gatt.o(log_dynamic_data)
    m_nrf_log_clock_logs_data_dynamic        0x20002c24   Data          12  nrf_drv_clock.o(log_dynamic_data)
    m_nrf_log_gpiote_logs_data_dynamic       0x20002c30   Data          12  nrf_drv_gpiote.o(log_dynamic_data)
    m_nrf_log_uart_logs_data_dynamic         0x20002c3c   Data          12  nrf_drv_uart.o(log_dynamic_data)
    m_nrf_log_balloc_logs_data_dynamic       0x20002c48   Data          12  nrf_balloc.o(log_dynamic_data)
    m_nrf_log_pwr_mgmt_logs_data_dynamic     0x20002c54   Data          12  nrf_pwr_mgmt.o(log_dynamic_data)
    m_nrf_log_app_logs_data_dynamic          0x20002c60   Data          12  nrf_log_frontend.o(log_dynamic_data)
    m_nrf_log_nrf_sdh_logs_data_dynamic      0x20002c6c   Data          12  nrf_sdh.o(log_dynamic_data)
    m_nrf_log_nrf_sdh_ble_logs_data_dynamic  0x20002c78   Data          12  nrf_sdh_ble.o(log_dynamic_data)
    m_nrf_log_nrf_sdh_soc_logs_data_dynamic  0x20002c84   Data          12  nrf_sdh_soc.o(log_dynamic_data)
    nrf_nvic_state                           0x2000341c   Data          12  app_util_platform.o(.bss)
    _SEGGER_RTT                              0x20003ae8   Data         120  segger_rtt.o(.bss)
    __initial_sp                             0x20005d70   Data           0  arm_startup_nrf52.o(STACK)



==============================================================================

Memory Map of the image

  Image Entry point : 0x00023201

  Load Region LR_IROM1 (Base: 0x00023000, Size: 0x0000a184, Max: 0x0005d000, ABSOLUTE, COMPRESSED[0x00009fa8])

    Execution Region ER_IROM1 (Base: 0x00023000, Size: 0x00009f4c, Max: 0x0005d000, ABSOLUTE)

    Base Addr    Size         Type   Attr      Idx    E Section Name        Object

    0x00023000   0x00000200   Data   RO         6021    RESET               arm_startup_nrf52.o
    0x00023200   0x00000000   Code   RO         6062  * .ARM.Collect$$$$00000000  mc_w.l(entry.o)
    0x00023200   0x00000004   Code   RO         6118    .ARM.Collect$$$$00000001  mc_w.l(entry2.o)
    0x00023204   0x00000004   Code   RO         6121    .ARM.Collect$$$$00000004  mc_w.l(entry5.o)
    0x00023208   0x00000000   Code   RO         6123    .ARM.Collect$$$$00000008  mc_w.l(entry7b.o)
    0x00023208   0x00000000   Code   RO         6125    .ARM.Collect$$$$0000000A  mc_w.l(entry8b.o)
    0x00023208   0x00000008   Code   RO         6126    .ARM.Collect$$$$0000000B  mc_w.l(entry9a.o)
    0x00023210   0x00000000   Code   RO         6128    .ARM.Collect$$$$0000000D  mc_w.l(entry10a.o)
    0x00023210   0x00000000   Code   RO         6130    .ARM.Collect$$$$0000000F  mc_w.l(entry11a.o)
    0x00023210   0x00000004   Code   RO         6119    .ARM.Collect$$$$00002712  mc_w.l(entry2.o)
    0x00023214   0x0000009a   Code   RO         3999    .emb_text           fds.o
    0x000232ae   0x00000002   PAD
    0x000232b0   0x000000c8   Code   RO         4373    .emb_text           nrf_atfifo.o
    0x00023378   0x0000009a   Code   RO         4632    .emb_text           nrf_fstorage_sd.o
    0x00023412   0x00000002   PAD
    0x00023414   0x0000009a   Code   RO         4746    .emb_text           nrf_memobj.o
    0x000234ae   0x00000002   PAD
    0x000234b0   0x0000009a   Code   RO         5222    .emb_text           nrf_log_frontend.o
    0x0002354a   0x00000002   PAD
    0x0002354c   0x00000024   Code   RO         6022    .text               arm_startup_nrf52.o
    0x00023570   0x00000062   Code   RO         6070    .text               mc_w.l(uldiv.o)
    0x000235d2   0x00000002   PAD
    0x000235d4   0x00000008   Code   RO         6072    .text               mc_w.l(ctype_o.o)
    0x000235dc   0x00000040   Code   RO         6102    .text               mc_w.l(memmovea.o)
    0x0002361c   0x00000024   Code   RO         6104    .text               mc_w.l(memseta.o)
    0x00023640   0x0000000e   Code   RO         6106    .text               mc_w.l(strlen.o)
    0x0002364e   0x0000001a   Code   RO         6110    .text               mc_w.l(memcmp.o)
    0x00023668   0x00000012   Code   RO         6112    .text               mc_w.l(strcpy.o)
    0x0002367a   0x0000001e   Code   RO         6133    .text               mc_w.l(llshl.o)
    0x00023698   0x00000020   Code   RO         6135    .text               mc_w.l(llushr.o)
    0x000236b8   0x00000024   Code   RO         6138    .text               mc_w.l(init.o)
    0x000236dc   0x00000056   Code   RO         6148    .text               mc_w.l(__dczerorl2.o)
    0x00023732   0x00000002   PAD
    0x00023734   0x00000174   Code   RO         3067    i.GPIOTE_IRQHandler  nrf_drv_gpiote.o
    0x000238a8   0x00000016   Code   RO         3735    i.NVIC_ClearPendingIRQ  app_timer.o
    0x000238be   0x00000016   Code   RO         3736    i.NVIC_EnableIRQ    app_timer.o
    0x000238d4   0x00000016   Code   RO         3737    i.NVIC_SetPendingIRQ  app_timer.o
    0x000238ea   0x00000020   Code   RO         3738    i.NVIC_SetPriority  app_timer.o
    0x0002390a   0x00000002   PAD
    0x0002390c   0x00000058   Code   RO         2861    i.POWER_CLOCK_IRQHandler  nrf_drv_clock.o
    0x00023964   0x00000024   Code   RO         3739    i.RTC1_IRQHandler   app_timer.o
    0x00023988   0x00000004   Code   RO         5467    i.SEGGER_RTT_Init   segger_rtt.o
    0x0002398c   0x0000005c   Code   RO         5481    i.SEGGER_RTT_WriteNoLock  segger_rtt.o
    0x000239e8   0x00000004   Code   RO         3740    i.SWI0_EGU0_IRQHandler  app_timer.o
    0x000239ec   0x00000004   Code   RO         5809    i.SWI2_EGU2_IRQHandler  nrf_sdh.o
    0x000239f0   0x0000031c   Code   RO         6030    i.SystemInit        system_nrf52.o
    0x00023d0c   0x0000001c   Code   RO         3314    i.UARTE0_UART0_IRQHandler  nrf_drv_uart.o
    0x00023d28   0x00000068   Code   RO         5485    i._DoInit           segger_rtt.o
    0x00023d90   0x00000016   Code   RO         5486    i._GetAvailWriteSpace  segger_rtt.o
    0x00023da6   0x0000005a   Code   RO         5488    i._WriteBlocking    segger_rtt.o
    0x00023e00   0x00000042   Code   RO         5489    i._WriteNoCheck     segger_rtt.o
    0x00023e42   0x0000000e   Code   RO         6142    i.__scatterload_copy  mc_w.l(handlers.o)
    0x00023e50   0x00000002   Code   RO         6143    i.__scatterload_null  mc_w.l(handlers.o)
    0x00023e52   0x0000000e   Code   RO         6144    i.__scatterload_zeroinit  mc_w.l(handlers.o)
    0x00023e60   0x00000024   Code   RO         5810    i.__sd_nvic_app_accessible_irq  nrf_sdh.o
    0x00023e84   0x00000016   Code   RO         5811    i.__sd_nvic_is_app_accessible_priority  nrf_sdh.o
    0x00023e9a   0x00000026   Code   RO         1356    i.addr_compare      id_manager.o
    0x00023ec0   0x0000000c   Code   RO         4564    i.addr_is_aligned32  nrf_fstorage.o
    0x00023ecc   0x00000018   Code   RO         4565    i.addr_within_bounds  nrf_fstorage.o
    0x00023ee4   0x00000036   Code   RO          651    i.advertising_buttons_configure  bsp_btn_ble.o
    0x00023f1a   0x00000002   PAD
    0x00023f1c   0x00000048   Code   RO            4    i.advertising_start  main.o
    0x00023f64   0x00000052   Code   RO         1357    i.ah                id_manager.o
    0x00023fb6   0x00000006   Code   RO          531    i.alert_timer_handler  bsp.o
    0x00023fbc   0x0000000c   Code   RO         2414    i.allow_repairing   security_dispatcher.o
    0x00023fc8   0x00000024   Code   RO         3546    i.app_button_enable  app_button.o
    0x00023fec   0x00000070   Code   RO         3547    i.app_button_init   app_button.o
    0x0002405c   0x00000078   Code   RO         3647    i.app_error_fault_handler  app_error_weak.o
    0x000240d4   0x00000016   Code   RO         3608    i.app_error_handler_bare  app_error.o
    0x000240ea   0x00000002   PAD
    0x000240ec   0x00000024   Code   RO         3743    i.app_timer_create  app_timer.o
    0x00024110   0x00000054   Code   RO         3744    i.app_timer_init    app_timer.o
    0x00024164   0x00000088   Code   RO         3747    i.app_timer_start   app_timer.o
    0x000241ec   0x00000020   Code   RO         3748    i.app_timer_stop    app_timer.o
    0x0002420c   0x00000048   Code   RO         3904    i.app_util_critical_region_enter  app_util_platform.o
    0x00024254   0x00000034   Code   RO         3905    i.app_util_critical_region_exit  app_util_platform.o
    0x00024288   0x00000058   Code   RO            5    i.application_timers_start  main.o
    0x000242e0   0x000000dc   Code   RO         2415    i.auth_status_success_process  security_dispatcher.o
    0x000243bc   0x0000014e   Code   RO         2692    i.battery_level_char_add  ble_bas.o
    0x0002450a   0x00000002   PAD
    0x0002450c   0x0000007c   Code   RO            7    i.battery_level_meas_timeout_handler  main.o
    0x00024588   0x00000182   Code   RO          736    i.ble_advdata_encode  ble_advdata.o
    0x0002470a   0x00000068   Code   RO          737    i.ble_advdata_set   ble_advdata.o
    0x00024772   0x00000006   Code   RO          813    i.ble_advertising_conn_cfg_tag_set  ble_advertising.o
    0x00024778   0x00000136   Code   RO          814    i.ble_advertising_init  ble_advertising.o
    0x000248ae   0x00000068   Code   RO          816    i.ble_advertising_on_ble_evt  ble_advertising.o
    0x00024916   0x00000032   Code   RO          817    i.ble_advertising_on_sys_evt  ble_advertising.o
    0x00024948   0x0000003c   Code   RO          819    i.ble_advertising_restart_without_whitelist  ble_advertising.o
    0x00024984   0x000001ca   Code   RO          820    i.ble_advertising_start  ble_advertising.o
    0x00024b4e   0x0000007a   Code   RO         2693    i.ble_bas_battery_level_update  ble_bas.o
    0x00024bc8   0x00000044   Code   RO         2694    i.ble_bas_init      ble_bas.o
    0x00024c0c   0x0000005e   Code   RO         2695    i.ble_bas_on_ble_evt  ble_bas.o
    0x00024c6a   0x00000002   PAD
    0x00024c6c   0x00000068   Code   RO          892    i.ble_conn_params_init  ble_conn_params.o
    0x00024cd4   0x00000010   Code   RO          963    i.ble_conn_state_conn_handles  ble_conn_state.o
    0x00024ce4   0x00000010   Code   RO          965    i.ble_conn_state_encrypted  ble_conn_state.o
    0x00024cf4   0x00000030   Code   RO          972    i.ble_conn_state_role  ble_conn_state.o
    0x00024d24   0x0000002c   Code   RO          974    i.ble_conn_state_user_flag_acquire  ble_conn_state.o
    0x00024d50   0x0000001c   Code   RO          975    i.ble_conn_state_user_flag_collection  ble_conn_state.o
    0x00024d6c   0x0000002c   Code   RO          976    i.ble_conn_state_user_flag_get  ble_conn_state.o
    0x00024d98   0x00000030   Code   RO          977    i.ble_conn_state_user_flag_set  ble_conn_state.o
    0x00024dc8   0x00000060   Code   RO          738    i.ble_device_addr_encode  ble_advdata.o
    0x00024e28   0x0000012c   Code   RO         2733    i.ble_dis_init      ble_dis.o
    0x00024f54   0x00000108   Code   RO            8    i.ble_evt_handler   main.o
    0x0002505c   0x00000070   Code   RO          652    i.ble_evt_handler   bsp_btn_ble.o
    0x000250cc   0x000000fc   Code   RO          894    i.ble_evt_handler   ble_conn_params.o
    0x000251c8   0x0000010c   Code   RO          979    i.ble_evt_handler   ble_conn_state.o
    0x000252d4   0x00000028   Code   RO         2038    i.ble_evt_handler   peer_manager.o
    0x000252fc   0x0000005c   Code   RO         2775    i.ble_hrs_heart_rate_measurement_send  ble_hrs.o
    0x00025358   0x0000005e   Code   RO         2776    i.ble_hrs_init      ble_hrs.o
    0x000253b6   0x00000050   Code   RO         2777    i.ble_hrs_on_ble_evt  ble_hrs.o
    0x00025406   0x0000001c   Code   RO         2778    i.ble_hrs_on_gatt_evt  ble_hrs.o
    0x00025422   0x00000036   Code   RO         2779    i.ble_hrs_rr_interval_add  ble_hrs.o
    0x00025458   0x00000006   Code   RO         2781    i.ble_hrs_sensor_contact_detected_update  ble_hrs.o
    0x0002545e   0x00000012   Code   RO         1113    i.ble_srv_ascii_to_utf8  ble_srv_common.o
    0x00025470   0x00000008   Code   RO         1115    i.ble_srv_is_notification_enabled  ble_srv_common.o
    0x00025478   0x0000000c   Code   RO         1116    i.ble_srv_report_ref_encode  ble_srv_common.o
    0x00025484   0x00000086   Code   RO         2783    i.body_sensor_location_char_add  ble_hrs.o
    0x0002550a   0x00000002   PAD
    0x0002550c   0x0000000c   Code   RO          415    i.bsp_board_button_idx_to_pin  boards.o
    0x00025518   0x00000020   Code   RO          416    i.bsp_board_button_state_get  boards.o
    0x00025538   0x00000024   Code   RO          419    i.bsp_board_led_invert  boards.o
    0x0002555c   0x00000010   Code   RO          420    i.bsp_board_led_off  boards.o
    0x0002556c   0x00000010   Code   RO          421    i.bsp_board_led_on  boards.o
    0x0002557c   0x00000020   Code   RO          422    i.bsp_board_led_state_get  boards.o
    0x0002559c   0x0000002c   Code   RO          423    i.bsp_board_leds_init  boards.o
    0x000255c8   0x00000012   Code   RO          424    i.bsp_board_leds_off  boards.o
    0x000255da   0x00000012   Code   RO          425    i.bsp_board_leds_on  boards.o
    0x000255ec   0x00000024   Code   RO          426    i.bsp_board_pin_to_button_idx  boards.o
    0x00025610   0x00000038   Code   RO          653    i.bsp_btn_ble_init  bsp_btn_ble.o
    0x00025648   0x0000001e   Code   RO          654    i.bsp_btn_ble_sleep_mode_prepare  bsp_btn_ble.o
    0x00025666   0x00000002   PAD
    0x00025668   0x00000090   Code   RO          532    i.bsp_button_event_handler  bsp.o
    0x000256f8   0x00000004   Code   RO          533    i.bsp_button_is_pressed  bsp.o
    0x000256fc   0x0000004c   Code   RO            9    i.bsp_event_handler  main.o
    0x00025748   0x00000044   Code   RO          536    i.bsp_event_to_button_action_assign  bsp.o
    0x0002578c   0x00000018   Code   RO          537    i.bsp_indication_set  bsp.o
    0x000257a4   0x00000094   Code   RO          538    i.bsp_init          bsp.o
    0x00025838   0x000001b8   Code   RO          539    i.bsp_led_indication  bsp.o
    0x000259f0   0x00000010   Code   RO          541    i.bsp_wakeup_button_enable  bsp.o
    0x00025a00   0x00000064   Code   RO         5223    i.buf_prealloc      nrf_log_frontend.o
    0x00025a64   0x0000001e   Code   RO         4527    i.buffer_add        nrf_fprintf_format.o
    0x00025a82   0x00000002   PAD
    0x00025a84   0x00000014   Code   RO         5224    i.buffer_is_empty   nrf_log_frontend.o
    0x00025a98   0x00000008   Code   RO          542    i.button_timer_handler  bsp.o
    0x00025aa0   0x0000001c   Code   RO         3068    i.channel_free      nrf_drv_gpiote.o
    0x00025abc   0x00000048   Code   RO         3069    i.channel_port_alloc  nrf_drv_gpiote.o
    0x00025b04   0x00000010   Code   RO         3070    i.channel_port_get  nrf_drv_gpiote.o
    0x00025b14   0x000000a0   Code   RO         2734    i.char_add          ble_dis.o
    0x00025bb4   0x00000038   Code   RO         1948    i.claim             peer_id.o
    0x00025bec   0x00000028   Code   RO         2862    i.clock_clk_started_notify  nrf_drv_clock.o
    0x00025c14   0x000000ac   Code   RO         3750    i.compare_reg_update  app_timer.o
    0x00025cc0   0x00000088   Code   RO          739    i.conn_int_encode   ble_advdata.o
    0x00025d48   0x00000004   Code   RO           10    i.conn_params_error_handler  main.o
    0x00025d4c   0x00000048   Code   RO          895    i.conn_params_negotiation  ble_conn_params.o
    0x00025d94   0x00000044   Code   RO         2416    i.conn_sec_failure  security_dispatcher.o
    0x00025dd8   0x00000080   Code   RO         4000    i.delete_execute    fds.o
    0x00025e58   0x00000060   Code   RO         3549    i.detection_delay_timeout_handler  app_button.o
    0x00025eb8   0x00000040   Code   RO         3751    i.elapsed_ticks_acquire  app_timer.o
    0x00025ef8   0x0000000a   Code   RO         2417    i.encryption_failure  security_dispatcher.o
    0x00025f02   0x00000002   PAD
    0x00025f04   0x0000004c   Code   RO         4633    i.erase             nrf_fstorage_sd.o
    0x00025f50   0x00000074   Code   RO         4001    i.event_prepare     fds.o
    0x00025fc4   0x00000020   Code   RO         4002    i.event_send        fds.o
    0x00025fe4   0x0000004e   Code   RO         4634    i.event_send        nrf_fstorage_sd.o
    0x00026032   0x00000074   Code   RO         2547    i.events_send_from_err_code  security_manager.o
    0x000260a6   0x00000002   PAD
    0x000260a8   0x0000001c   Code   RO         1172    i.evt_send          gatt_cache_manager.o
    0x000260c4   0x0000002c   Code   RO         2039    i.evt_send          peer_manager.o
    0x000260f0   0x0000001c   Code   RO         2418    i.evt_send          security_dispatcher.o
    0x0002610c   0x0000000c   Code   RO         2548    i.evt_send          security_manager.o
    0x00026118   0x00000002   Code   RO           11    i.fds_evt_handler   main.o
    0x0002611a   0x00000002   PAD
    0x0002611c   0x000000d8   Code   RO         1641    i.fds_evt_handler   peer_data_storage.o
    0x000261f4   0x00000044   Code   RO         4004    i.fds_file_delete   fds.o
    0x00026238   0x0000003c   Code   RO         4005    i.fds_gc            fds.o
    0x00026274   0x000000d4   Code   RO         4006    i.fds_init          fds.o
    0x00026348   0x00000040   Code   RO         4007    i.fds_record_close  fds.o
    0x00026388   0x0000000e   Code   RO         4009    i.fds_record_find   fds.o
    0x00026396   0x00000010   Code   RO         4010    i.fds_record_find_by_key  fds.o
    0x000263a6   0x00000010   Code   RO         4011    i.fds_record_find_in_file  fds.o
    0x000263b6   0x00000010   Code   RO         4012    i.fds_record_id_from_desc  fds.o
    0x000263c6   0x00000002   PAD
    0x000263c8   0x00000048   Code   RO         4014    i.fds_record_open   fds.o
    0x00026410   0x0000000e   Code   RO         4015    i.fds_record_update  fds.o
    0x0002641e   0x00000008   Code   RO         4016    i.fds_record_write  fds.o
    0x00026426   0x0000000c   Code   RO         4017    i.fds_record_write_reserved  fds.o
    0x00026432   0x00000002   PAD
    0x00026434   0x00000030   Code   RO         4018    i.fds_register      fds.o
    0x00026464   0x00000030   Code   RO         4019    i.fds_reserve       fds.o
    0x00026494   0x00000048   Code   RO         4020    i.fds_reserve_cancel  fds.o
    0x000264dc   0x00000014   Code   RO         1642    i.file_id_within_pm_range  peer_data_storage.o
    0x000264f0   0x00000012   Code   RO         2419    i.flag_id_init      security_dispatcher.o
    0x00026502   0x00000012   Code   RO         2549    i.flag_id_init      security_manager.o
    0x00026514   0x00000054   Code   RO         2550    i.flags_set_from_err_code  security_manager.o
    0x00026568   0x00000006   Code   RO         4022    i.fs_event_handler  fds.o
    0x0002656e   0x00000002   PAD
    0x00026570   0x0000006c   Code   RO           12    i.gap_params_init   main.o
    0x000265dc   0x00000068   Code   RO           13    i.gatt_evt_handler  main.o
    0x00026644   0x00000074   Code   RO         4023    i.gc_execute        fds.o
    0x000266b8   0x0000004c   Code   RO         4024    i.gc_next_page      fds.o
    0x00026704   0x00000040   Code   RO         4025    i.gc_page_erase     fds.o
    0x00026744   0x00000034   Code   RO         4026    i.gc_record_copy    fds.o
    0x00026778   0x00000024   Code   RO         4027    i.gc_record_find_next  fds.o
    0x0002679c   0x00000088   Code   RO         4028    i.gc_state_advance  fds.o
    0x00026824   0x00000098   Code   RO         1173    i.gcm_ble_evt_handler  gatt_cache_manager.o
    0x000268bc   0x00000030   Code   RO         1174    i.gcm_im_evt_handler  gatt_cache_manager.o
    0x000268ec   0x00000050   Code   RO         1175    i.gcm_init          gatt_cache_manager.o
    0x0002693c   0x00000050   Code   RO         1176    i.gcm_local_database_has_changed  gatt_cache_manager.o
    0x0002698c   0x0000007c   Code   RO         1178    i.gcm_pdb_evt_handler  gatt_cache_manager.o
    0x00026a08   0x00000038   Code   RO         1358    i.get_connection_by_conn_handle  id_manager.o
    0x00026a40   0x00000030   Code   RO         1359    i.get_free_connection  id_manager.o
    0x00026a70   0x00000058   Code   RO         3550    i.gpiote_event_handler  app_button.o
    0x00026ac8   0x0000001c   Code   RO         1280    i.gscm_db_change_notification_done  gatts_cache_manager.o
    0x00026ae4   0x00000014   Code   RO         1281    i.gscm_init         gatts_cache_manager.o
    0x00026af8   0x0000001c   Code   RO         1282    i.gscm_local_database_has_changed  gatts_cache_manager.o
    0x00026b14   0x0000006a   Code   RO         1283    i.gscm_local_db_cache_apply  gatts_cache_manager.o
    0x00026b7e   0x00000082   Code   RO         1284    i.gscm_local_db_cache_update  gatts_cache_manager.o
    0x00026c00   0x00000018   Code   RO         1285    i.gscm_pdb_evt_handler  gatts_cache_manager.o
    0x00026c18   0x0000001e   Code   RO         1286    i.gscm_service_changed_ind_needed  gatts_cache_manager.o
    0x00026c36   0x00000002   PAD
    0x00026c38   0x00000038   Code   RO         1287    i.gscm_service_changed_ind_send  gatts_cache_manager.o
    0x00026c70   0x00000026   Code   RO         4029    i.header_check      fds.o
    0x00026c96   0x00000012   Code   RO         4030    i.header_has_next   fds.o
    0x00026ca8   0x00000054   Code   RO           14    i.heart_rate_meas_timeout_handler  main.o
    0x00026cfc   0x000000c2   Code   RO         2784    i.heart_rate_measurement_char_add  ble_hrs.o
    0x00026dbe   0x00000002   PAD
    0x00026dc0   0x00000098   Code   RO         2785    i.hrm_encode        ble_hrs.o
    0x00026e58   0x00000046   Code   RO         1360    i.im_address_resolve  id_manager.o
    0x00026e9e   0x00000002   PAD
    0x00026ea0   0x00000030   Code   RO         1361    i.im_ble_addr_get   id_manager.o
    0x00026ed0   0x000000c8   Code   RO         1362    i.im_ble_evt_handler  id_manager.o
    0x00026f98   0x0000002c   Code   RO         1363    i.im_conn_handle_get  id_manager.o
    0x00026fc4   0x00000038   Code   RO         1365    i.im_find_duplicate_bonding_data  id_manager.o
    0x00026ffc   0x00000040   Code   RO         1368    i.im_init           id_manager.o
    0x0002703c   0x00000072   Code   RO         1369    i.im_is_duplicate_bonding_data  id_manager.o
    0x000270ae   0x00000018   Code   RO         1370    i.im_master_id_is_valid  id_manager.o
    0x000270c6   0x0000002a   Code   RO         1371    i.im_master_ids_compare  id_manager.o
    0x000270f0   0x00000004   Code   RO         1372    i.im_new_peer_id    id_manager.o
    0x000270f4   0x00000026   Code   RO         1373    i.im_peer_free      id_manager.o
    0x0002711a   0x00000002   PAD
    0x0002711c   0x00000020   Code   RO         1374    i.im_peer_id_get_by_conn_handle  id_manager.o
    0x0002713c   0x0000003c   Code   RO         1375    i.im_peer_id_get_by_master_id  id_manager.o
    0x00027178   0x00000038   Code   RO         4635    i.init              nrf_fstorage_sd.o
    0x000271b0   0x000000c8   Code   RO         4031    i.init_execute      fds.o
    0x00027278   0x00000014   Code   RO          896    i.instance_get      ble_conn_params.o
    0x0002728c   0x000000a6   Code   RO         4528    i.int_print         nrf_fprintf_format.o
    0x00027332   0x00000002   PAD
    0x00027334   0x00000010   Code   RO         4636    i.is_busy           nrf_fstorage_sd.o
    0x00027344   0x00000044   Code   RO          897    i.is_conn_params_ok  ble_conn_params.o
    0x00027388   0x00000014   Code   RO         1380    i.is_valid_irk      id_manager.o
    0x0002739c   0x0000000c   Code   RO         4032    i.is_word_aligned   fds.o
    0x000273a8   0x00000030   Code   RO          543    i.leds_off          bsp.o
    0x000273d8   0x00000014   Code   RO          544    i.leds_timer_handler  bsp.o
    0x000273ec   0x00000028   Code   RO         2865    i.lfclk_stop        nrf_drv_clock.o
    0x00027414   0x00000018   Code   RO         1544    i.link_init         nrf_ble_gatt.o
    0x0002742c   0x000000b4   Code   RO         2551    i.link_secure       security_manager.o
    0x000274e0   0x0000008c   Code   RO         2420    i.link_secure_failure  security_dispatcher.o
    0x0002756c   0x0000005c   Code   RO         2552    i.link_secure_pending_process  security_manager.o
    0x000275c8   0x000000f8   Code   RO         3752    i.list_insertions_handler  app_timer.o
    0x000276c0   0x00000068   Code   RO         1179    i.local_db_apply_in_evt  gatt_cache_manager.o
    0x00027728   0x00000010   Code   RO         1180    i.local_db_update   gatt_cache_manager.o
    0x00027738   0x00000032   Code   RO         2361    i.lock_by_mask      pm_mutex.o
    0x0002776a   0x00000002   PAD
    0x0002776c   0x00000094   Code   RO         5226    i.log_skip          nrf_log_frontend.o
    0x00027800   0x00000188   Code   RO           15    i.main              main.o
    0x00027988   0x00000064   Code   RO          740    i.manuf_specific_data_encode  ble_advdata.o
    0x000279ec   0x00000076   Code   RO         4747    i.memobj_op         nrf_memobj.o
    0x00027a62   0x00000002   PAD
    0x00027a64   0x00000034   Code   RO         5227    i.module_idx_get    nrf_log_frontend.o
    0x00027a98   0x0000009c   Code   RO          741    i.name_encode       ble_advdata.o
    0x00027b34   0x00000058   Code   RO         1381    i.new_connection    id_manager.o
    0x00027b8c   0x00000014   Code   RO         2553    i.new_context_get   security_manager.o
    0x00027ba0   0x00000030   Code   RO         1949    i.next_id_get       peer_id.o
    0x00027bd0   0x00000010   Code   RO         4375    i.nrf_atfifo_clear  nrf_atfifo.o
    0x00027be0   0x00000026   Code   RO         4377    i.nrf_atfifo_init   nrf_atfifo.o
    0x00027c06   0x00000016   Code   RO         4378    i.nrf_atfifo_item_alloc  nrf_atfifo.o
    0x00027c1c   0x00000016   Code   RO         4379    i.nrf_atfifo_item_free  nrf_atfifo.o
    0x00027c32   0x00000016   Code   RO         4380    i.nrf_atfifo_item_get  nrf_atfifo.o
    0x00027c48   0x00000016   Code   RO         4381    i.nrf_atfifo_item_put  nrf_atfifo.o
    0x00027c5e   0x0000000e   Code   RO         5228    i.nrf_atomic_flag_set  nrf_log_frontend.o
    0x00027c6c   0x0000000c   Code   RO         4033    i.nrf_atomic_u32_add  fds.o
    0x00027c78   0x00000044   Code   RO         4443    i.nrf_balloc_alloc  nrf_balloc.o
    0x00027cbc   0x00000030   Code   RO         4444    i.nrf_balloc_free   nrf_balloc.o
    0x00027cec   0x00000030   Code   RO         4445    i.nrf_balloc_init   nrf_balloc.o
    0x00027d1c   0x00000010   Code   RO         3071    i.nrf_bitmask_bit_is_set  nrf_drv_gpiote.o
    0x00027d2c   0x00000022   Code   RO         1550    i.nrf_ble_gatt_init  nrf_ble_gatt.o
    0x00027d4e   0x00000002   PAD
    0x00027d50   0x00000148   Code   RO         1551    i.nrf_ble_gatt_on_ble_evt  nrf_ble_gatt.o
    0x00027e98   0x0000000e   Code   RO         2866    i.nrf_clock_event_check  nrf_drv_clock.o
    0x00027ea6   0x00000010   Code   RO         2867    i.nrf_clock_event_clear  nrf_drv_clock.o
    0x00027eb6   0x00000002   PAD
    0x00027eb8   0x0000008c   Code   RO         3753    i.nrf_delay_us      app_timer.o
    0x00027f44   0x00000048   Code   RO         2874    i.nrf_drv_clock_init  nrf_drv_clock.o
    0x00027f8c   0x0000002c   Code   RO         2878    i.nrf_drv_clock_lfclk_release  nrf_drv_clock.o
    0x00027fb8   0x00000038   Code   RO         3031    i.nrf_drv_common_irq_enable  nrf_drv_common.o
    0x00027ff0   0x000000a4   Code   RO         3076    i.nrf_drv_gpiote_in_event_enable  nrf_drv_gpiote.o
    0x00028094   0x000000b8   Code   RO         3077    i.nrf_drv_gpiote_in_init  nrf_drv_gpiote.o
    0x0002814c   0x00000014   Code   RO         3078    i.nrf_drv_gpiote_in_is_set  nrf_drv_gpiote.o
    0x00028160   0x0000005c   Code   RO         3080    i.nrf_drv_gpiote_init  nrf_drv_gpiote.o
    0x000281bc   0x00000014   Code   RO         3081    i.nrf_drv_gpiote_is_init  nrf_drv_gpiote.o
    0x000281d0   0x0000001a   Code   RO         4484    i.nrf_fprintf       nrf_fprintf.o
    0x000281ea   0x00000018   Code   RO         4485    i.nrf_fprintf_buffer_flush  nrf_fprintf.o
    0x00028202   0x000001da   Code   RO         4529    i.nrf_fprintf_fmt   nrf_fprintf_format.o
    0x000283dc   0x0000004e   Code   RO         4566    i.nrf_fstorage_erase  nrf_fstorage.o
    0x0002842a   0x00000010   Code   RO         4567    i.nrf_fstorage_init  nrf_fstorage.o
    0x0002843a   0x00000002   PAD
    0x0002843c   0x00000050   Code   RO         4568    i.nrf_fstorage_is_busy  nrf_fstorage.o
    0x0002848c   0x00000018   Code   RO         4637    i.nrf_fstorage_sdh_req_handler  nrf_fstorage_sd.o
    0x000284a4   0x00000020   Code   RO         4638    i.nrf_fstorage_sdh_state_handler  nrf_fstorage_sd.o
    0x000284c4   0x000000a4   Code   RO         4639    i.nrf_fstorage_sys_evt_handler  nrf_fstorage_sd.o
    0x00028568   0x00000066   Code   RO         4573    i.nrf_fstorage_write  nrf_fstorage.o
    0x000285ce   0x00000024   Code   RO          428    i.nrf_gpio_cfg      boards.o
    0x000285f2   0x00000024   Code   RO         3095    i.nrf_gpio_cfg      nrf_drv_gpiote.o
    0x00028616   0x00000022   Code   RO          545    i.nrf_gpio_cfg_sense_set  bsp.o
    0x00028638   0x00000022   Code   RO         3097    i.nrf_gpio_cfg_sense_set  nrf_drv_gpiote.o
    0x0002865a   0x00000016   Code   RO          429    i.nrf_gpio_pin_write  boards.o
    0x00028670   0x00000028   Code   RO         3098    i.nrf_gpio_ports_read  nrf_drv_gpiote.o
    0x00028698   0x00000014   Code   RO         3099    i.nrf_gpiote_event_clear  nrf_drv_gpiote.o
    0x000286ac   0x00000010   Code   RO         3100    i.nrf_gpiote_event_is_set  nrf_drv_gpiote.o
    0x000286bc   0x00000050   Code   RO         5229    i.nrf_log_backend_add  nrf_log_frontend.o
    0x0002870c   0x00000002   Code   RO         5073    i.nrf_log_backend_rtt_flush  nrf_log_backend_rtt.o
    0x0002870e   0x00000004   Code   RO         5074    i.nrf_log_backend_rtt_init  nrf_log_backend_rtt.o
    0x00028712   0x00000002   Code   RO         5075    i.nrf_log_backend_rtt_panic_set  nrf_log_backend_rtt.o
    0x00028714   0x00000018   Code   RO         5076    i.nrf_log_backend_rtt_put  nrf_log_backend_rtt.o
    0x0002872c   0x000000d2   Code   RO         5137    i.nrf_log_backend_serial_put  nrf_log_backend_serial.o
    0x000287fe   0x00000002   PAD
    0x00028800   0x00000030   Code   RO         5231    i.nrf_log_color_id_get  nrf_log_frontend.o
    0x00028830   0x0000001c   Code   RO         5189    i.nrf_log_default_backends_init  nrf_log_default_backends.o
    0x0002884c   0x000001f0   Code   RO         5232    i.nrf_log_frontend_dequeue  nrf_log_frontend.o
    0x00028a3c   0x00000008   Code   RO         5234    i.nrf_log_frontend_std_0  nrf_log_frontend.o
    0x00028a44   0x0000000e   Code   RO         5235    i.nrf_log_frontend_std_1  nrf_log_frontend.o
    0x00028a52   0x00000010   Code   RO         5236    i.nrf_log_frontend_std_2  nrf_log_frontend.o
    0x00028a62   0x00000012   Code   RO         5237    i.nrf_log_frontend_std_3  nrf_log_frontend.o
    0x00028a74   0x000000ac   Code   RO         5414    i.nrf_log_hexdump_entry_process  nrf_log_str_formatter.o
    0x00028b20   0x0000005c   Code   RO         5241    i.nrf_log_init      nrf_log_frontend.o
    0x00028b7c   0x00000014   Code   RO         5242    i.nrf_log_module_cnt_get  nrf_log_frontend.o
    0x00028b90   0x0000001c   Code   RO         5245    i.nrf_log_module_name_get  nrf_log_frontend.o
    0x00028bac   0x00000028   Code   RO         5246    i.nrf_log_panic     nrf_log_frontend.o
    0x00028bd4   0x000000b6   Code   RO         5415    i.nrf_log_std_entry_process  nrf_log_str_formatter.o
    0x00028c8a   0x00000060   Code   RO         4748    i.nrf_memobj_alloc  nrf_memobj.o
    0x00028cea   0x00000032   Code   RO         4749    i.nrf_memobj_free   nrf_memobj.o
    0x00028d1c   0x0000000e   Code   RO         4750    i.nrf_memobj_get    nrf_memobj.o
    0x00028d2a   0x00000004   Code   RO         4751    i.nrf_memobj_pool_init  nrf_memobj.o
    0x00028d2e   0x00000022   Code   RO         4752    i.nrf_memobj_put    nrf_memobj.o
    0x00028d50   0x0000000c   Code   RO         4753    i.nrf_memobj_read   nrf_memobj.o
    0x00028d5c   0x0000000c   Code   RO         4754    i.nrf_memobj_write  nrf_memobj.o
    0x00028d68   0x00000014   Code   RO         5940    i.nrf_sdh_ble_app_ram_start_get  nrf_sdh_ble.o
    0x00028d7c   0x00000158   Code   RO         5941    i.nrf_sdh_ble_default_cfg_set  nrf_sdh_ble.o
    0x00028ed4   0x000000d8   Code   RO         5942    i.nrf_sdh_ble_enable  nrf_sdh_ble.o
    0x00028fac   0x00000050   Code   RO         5943    i.nrf_sdh_ble_evts_poll  nrf_sdh_ble.o
    0x00028ffc   0x0000003c   Code   RO         5812    i.nrf_sdh_disable_request  nrf_sdh.o
    0x00029038   0x0000006c   Code   RO         5813    i.nrf_sdh_enable_request  nrf_sdh.o
    0x000290a4   0x00000024   Code   RO         5814    i.nrf_sdh_evts_poll  nrf_sdh.o
    0x000290c8   0x0000000c   Code   RO         5815    i.nrf_sdh_is_enabled  nrf_sdh.o
    0x000290d4   0x0000001c   Code   RO         5817    i.nrf_sdh_request_continue  nrf_sdh.o
    0x000290f0   0x0000003c   Code   RO         5990    i.nrf_sdh_soc_evts_poll  nrf_sdh_soc.o
    0x0002912c   0x0000000a   Code   RO         4911    i.nrf_section_iter_init  nrf_section_iter.o
    0x00029136   0x00000024   Code   RO         4912    i.nrf_section_iter_item_set  nrf_section_iter.o
    0x0002915a   0x00000020   Code   RO         4913    i.nrf_section_iter_next  nrf_section_iter.o
    0x0002917a   0x00000002   PAD
    0x0002917c   0x00000038   Code   RO         4946    i.nrf_strerror_find  nrf_strerror.o
    0x000291b4   0x00000014   Code   RO         4947    i.nrf_strerror_get  nrf_strerror.o
    0x000291c8   0x0000000a   Code   RO         3337    i.nrf_uart_event_check  nrf_drv_uart.o
    0x000291d2   0x0000000c   Code   RO         3338    i.nrf_uart_event_clear  nrf_drv_uart.o
    0x000291de   0x0000000c   Code   RO         3339    i.nrf_uart_int_enable_check  nrf_drv_uart.o
    0x000291ea   0x0000000a   Code   RO         3340    i.nrf_uarte_event_check  nrf_drv_uart.o
    0x000291f4   0x0000000c   Code   RO         3341    i.nrf_uarte_event_clear  nrf_drv_uart.o
    0x00029200   0x0000004c   Code   RO           16    i.on_adv_evt        main.o
    0x0002924c   0x0000001c   Code   RO           17    i.on_conn_params_evt  main.o
    0x00029268   0x0000009c   Code   RO         1552    i.on_connected_evt  nrf_ble_gatt.o
    0x00029304   0x00000074   Code   RO         1553    i.on_exchange_mtu_request_evt  nrf_ble_gatt.o
    0x00029378   0x00000024   Code   RO         4034    i.page_identify     fds.o
    0x0002939c   0x00000012   Code   RO         4035    i.page_offsets_update  fds.o
    0x000293ae   0x00000002   PAD
    0x000293b0   0x0000006c   Code   RO         4036    i.page_scan         fds.o
    0x0002941c   0x0000001c   Code   RO         4037    i.page_tag_write_data  fds.o
    0x00029438   0x00000024   Code   RO         4038    i.page_tag_write_swap  fds.o
    0x0002945c   0x0000011c   Code   RO         4039    i.pages_init        fds.o
    0x00029578   0x0000000c   Code   RO         2421    i.pairing           security_dispatcher.o
    0x00029584   0x0000003e   Code   RO         2554    i.params_reply_pending_process  security_manager.o
    0x000295c2   0x00000028   Code   RO         2555    i.params_req_send   security_manager.o
    0x000295ea   0x00000002   PAD
    0x000295ec   0x0000001c   Code   RO         1780    i.pdb_evt_send      peer_database.o
    0x00029608   0x00000048   Code   RO         1781    i.pdb_init          peer_database.o
    0x00029650   0x00000004   Code   RO         1783    i.pdb_next_deleted_peer_id_get  peer_database.o
    0x00029654   0x00000004   Code   RO         1784    i.pdb_next_peer_id_get  peer_database.o
    0x00029658   0x00000078   Code   RO         1785    i.pdb_pds_evt_handler  peer_database.o
    0x000296d0   0x00000004   Code   RO         1786    i.pdb_peer_allocate  peer_database.o
    0x000296d4   0x00000010   Code   RO         1787    i.pdb_peer_data_load  peer_database.o
    0x000296e4   0x00000006   Code   RO         1788    i.pdb_peer_data_ptr_get  peer_database.o
    0x000296ea   0x00000044   Code   RO         1789    i.pdb_peer_free     peer_database.o
    0x0002972e   0x00000008   Code   RO         1790    i.pdb_raw_store     peer_database.o
    0x00029736   0x00000002   PAD
    0x00029738   0x00000104   Code   RO         1791    i.pdb_write_buf_get  peer_database.o
    0x0002983c   0x00000028   Code   RO         1792    i.pdb_write_buf_release  peer_database.o
    0x00029864   0x00000028   Code   RO         1793    i.pdb_write_buf_store  peer_database.o
    0x0002988c   0x00000068   Code   RO         1794    i.pdb_write_buf_store_prepare  peer_database.o
    0x000298f4   0x00000010   Code   RO         1643    i.pds_evt_send      peer_data_storage.o
    0x00029904   0x0000006c   Code   RO         1644    i.pds_init          peer_data_storage.o
    0x00029970   0x00000004   Code   RO         1645    i.pds_next_deleted_peer_id_get  peer_data_storage.o
    0x00029974   0x00000004   Code   RO         1646    i.pds_next_peer_id_get  peer_data_storage.o
    0x00029978   0x00000058   Code   RO         1649    i.pds_peer_data_iterate  peer_data_storage.o
    0x000299d0   0x00000010   Code   RO         1650    i.pds_peer_data_iterate_prepare  peer_data_storage.o
    0x000299e0   0x00000068   Code   RO         1651    i.pds_peer_data_read  peer_data_storage.o
    0x00029a48   0x00000096   Code   RO         1652    i.pds_peer_data_store  peer_data_storage.o
    0x00029ade   0x00000008   Code   RO         1653    i.pds_peer_id_allocate  peer_data_storage.o
    0x00029ae6   0x00000016   Code   RO         1654    i.pds_peer_id_free  peer_data_storage.o
    0x00029afc   0x00000004   Code   RO         1655    i.pds_peer_id_is_allocated  peer_data_storage.o
    0x00029b00   0x0000002e   Code   RO         1656    i.pds_space_reserve  peer_data_storage.o
    0x00029b2e   0x00000010   Code   RO         1657    i.pds_space_reserve_cancel  peer_data_storage.o
    0x00029b3e   0x00000002   PAD
    0x00029b40   0x0000000c   Code   RO         2422    i.peer_created      security_dispatcher.o
    0x00029b4c   0x00000006   Code   RO         1795    i.peer_data_const_point_to_buffer  peer_database.o
    0x00029b52   0x00000002   PAD
    0x00029b54   0x00000084   Code   RO         1658    i.peer_data_delete  peer_data_storage.o
    0x00029bd8   0x00000030   Code   RO         1659    i.peer_data_find    peer_data_storage.o
    0x00029c08   0x00000020   Code   RO         1660    i.peer_data_id_is_valid  peer_data_storage.o
    0x00029c28   0x0000001a   Code   RO         1796    i.peer_data_point_to_buffer  peer_database.o
    0x00029c42   0x00000002   PAD
    0x00029c44   0x0000000c   Code   RO         1950    i.peer_id_allocate  peer_id.o
    0x00029c50   0x00000024   Code   RO         1951    i.peer_id_delete    peer_id.o
    0x00029c74   0x0000001c   Code   RO         1952    i.peer_id_free      peer_id.o
    0x00029c90   0x0000000c   Code   RO         1953    i.peer_id_get_next_deleted  peer_id.o
    0x00029c9c   0x00000030   Code   RO         1954    i.peer_id_get_next_used  peer_id.o
    0x00029ccc   0x00000028   Code   RO         1955    i.peer_id_init      peer_id.o
    0x00029cf4   0x00000014   Code   RO         1956    i.peer_id_is_allocated  peer_id.o
    0x00029d08   0x00000014   Code   RO         1957    i.peer_id_is_deleted  peer_id.o
    0x00029d1c   0x0000001c   Code   RO         1382    i.peer_id_set       id_manager.o
    0x00029d38   0x0000007c   Code   RO           18    i.peer_manager_init  main.o
    0x00029db4   0x000000d8   Code   RO         1181    i.pending_flags_check  gatt_cache_manager.o
    0x00029e8c   0x00000018   Code   RO         3101    i.pin_in_use_by_port  nrf_drv_gpiote.o
    0x00029ea4   0x00000018   Code   RO         3102    i.pin_in_use_by_te  nrf_drv_gpiote.o
    0x00029ebc   0x0000005c   Code   RO         2319    i.pm_buffer_block_acquire  pm_buffer.o
    0x00029f18   0x00000040   Code   RO         2320    i.pm_buffer_init    pm_buffer.o
    0x00029f58   0x00000028   Code   RO         2321    i.pm_buffer_ptr_get  pm_buffer.o
    0x00029f80   0x0000002e   Code   RO         2322    i.pm_buffer_release  pm_buffer.o
    0x00029fae   0x0000000a   Code   RO         2042    i.pm_conn_sec_config_reply  peer_manager.o
    0x00029fb8   0x00000100   Code   RO           19    i.pm_evt_handler    main.o
    0x0002a0b8   0x00000004   Code   RO         2047    i.pm_gcm_evt_handler  peer_manager.o
    0x0002a0bc   0x00000024   Code   RO         2050    i.pm_im_evt_handler  peer_manager.o
    0x0002a0e0   0x00000058   Code   RO         2051    i.pm_init           peer_manager.o
    0x0002a138   0x00000014   Code   RO         2053    i.pm_local_database_has_changed  peer_manager.o
    0x0002a14c   0x0000000e   Code   RO         2362    i.pm_mutex_init     pm_mutex.o
    0x0002a15a   0x0000001a   Code   RO         2363    i.pm_mutex_lock     pm_mutex.o
    0x0002a174   0x00000036   Code   RO         2364    i.pm_mutex_lock_first_available  pm_mutex.o
    0x0002a1aa   0x00000018   Code   RO         2365    i.pm_mutex_lock_status_get  pm_mutex.o
    0x0002a1c2   0x0000003a   Code   RO         2366    i.pm_mutex_unlock   pm_mutex.o
    0x0002a1fc   0x00000118   Code   RO         2055    i.pm_pdb_evt_handler  peer_manager.o
    0x0002a314   0x00000014   Code   RO         2066    i.pm_peer_delete    peer_manager.o
    0x0002a328   0x000000b8   Code   RO         2070    i.pm_peer_ranks_get  peer_manager.o
    0x0002a3e0   0x00000068   Code   RO         2071    i.pm_peers_delete   peer_manager.o
    0x0002a448   0x0000002c   Code   RO         2074    i.pm_register       peer_manager.o
    0x0002a474   0x00000014   Code   RO         2075    i.pm_sec_params_set  peer_manager.o
    0x0002a488   0x00000034   Code   RO         2076    i.pm_sm_evt_handler  peer_manager.o
    0x0002a4bc   0x00000034   Code   RO         2735    i.pnp_id_encode     ble_dis.o
    0x0002a4f0   0x0000003c   Code   RO         5416    i.postfix_process   nrf_log_str_formatter.o
    0x0002a52c   0x0000005c   Code   RO         5417    i.prefix_process    nrf_log_str_formatter.o
    0x0002a588   0x0000001c   Code   RO         4040    i.queue_buf_get     fds.o
    0x0002a5a4   0x00000010   Code   RO         4041    i.queue_buf_store   fds.o
    0x0002a5b4   0x000000a8   Code   RO         4042    i.queue_process     fds.o
    0x0002a65c   0x00000098   Code   RO         4640    i.queue_process     nrf_fstorage_sd.o
    0x0002a6f4   0x00000020   Code   RO         4043    i.queue_start       fds.o
    0x0002a714   0x00000028   Code   RO         4641    i.queue_start       nrf_fstorage_sd.o
    0x0002a73c   0x00000028   Code   RO         2079    i.rank_vars_update  peer_manager.o
    0x0002a764   0x0000000e   Code   RO         4642    i.read              nrf_fstorage_sd.o
    0x0002a772   0x00000002   PAD
    0x0002a774   0x00000068   Code   RO         1797    i.reattempt_previous_operations  peer_database.o
    0x0002a7dc   0x00000088   Code   RO         4044    i.record_find       fds.o
    0x0002a864   0x000000a0   Code   RO         4045    i.record_find_by_desc  fds.o
    0x0002a904   0x0000005c   Code   RO         4046    i.record_find_next  fds.o
    0x0002a960   0x00000038   Code   RO         4047    i.record_header_flag_dirty  fds.o
    0x0002a998   0x00000010   Code   RO         1959    i.release           peer_id.o
    0x0002a9a8   0x00000004   Code   RO         4643    i.rmap              nrf_fstorage_sd.o
    0x0002a9ac   0x00000088   Code   RO           20    i.rr_interval_timeout_handler  main.o
    0x0002aa34   0x0000003c   Code   RO         3754    i.rtc1_stop         app_timer.o
    0x0002aa70   0x00000032   Code   RO         3343    i.rx_byte           nrf_drv_uart.o
    0x0002aaa2   0x00000018   Code   RO         3344    i.rx_done_event     nrf_drv_uart.o
    0x0002aaba   0x00000042   Code   RO         5820    i.sd_nvic_SetPriority  nrf_sdh.o
    0x0002aafc   0x00000054   Code   RO         2881    i.sd_state_evt_handler  nrf_drv_clock.o
    0x0002ab50   0x00000030   Code   RO         5821    i.sdh_request_observer_notify  nrf_sdh.o
    0x0002ab80   0x0000002c   Code   RO         5822    i.sdh_state_observer_notify  nrf_sdh.o
    0x0002abac   0x00000044   Code   RO         4979    i.sdk_mapped_flags_bulk_update_by_key  sdk_mapped_flags.o
    0x0002abf0   0x00000022   Code   RO         4980    i.sdk_mapped_flags_first_key_index_get  sdk_mapped_flags.o
    0x0002ac12   0x00000010   Code   RO         4981    i.sdk_mapped_flags_get_by_index  sdk_mapped_flags.o
    0x0002ac22   0x00000026   Code   RO         4982    i.sdk_mapped_flags_get_by_key  sdk_mapped_flags.o
    0x0002ac48   0x0000004a   Code   RO         4984    i.sdk_mapped_flags_key_list_get  sdk_mapped_flags.o
    0x0002ac92   0x0000000e   Code   RO         4986    i.sdk_mapped_flags_update_by_key  sdk_mapped_flags.o
    0x0002aca0   0x000000a2   Code   RO         2423    i.sec_info_request_process  security_dispatcher.o
    0x0002ad42   0x00000002   PAD
    0x0002ad44   0x0000006c   Code   RO         2424    i.sec_keyset_fill   security_dispatcher.o
    0x0002adb0   0x00000076   Code   RO         2556    i.sec_params_verify  security_manager.o
    0x0002ae26   0x00000002   PAD
    0x0002ae28   0x00000038   Code   RO         2425    i.sec_proc_housekeeping  security_dispatcher.o
    0x0002ae60   0x00000068   Code   RO         2426    i.sec_proc_start    security_dispatcher.o
    0x0002aec8   0x00000022   Code   RO         2427    i.send_config_req   security_dispatcher.o
    0x0002aeea   0x00000002   PAD
    0x0002aeec   0x00000010   Code   RO          898    i.send_error_evt    ble_conn_params.o
    0x0002aefc   0x00000028   Code   RO         1182    i.send_unexpected_error  gatt_cache_manager.o
    0x0002af24   0x00000028   Code   RO         2428    i.send_unexpected_error  security_dispatcher.o
    0x0002af4c   0x00000018   Code   RO           21    i.sensor_contact_detected_timeout_handler  main.o
    0x0002af64   0x00000060   Code   RO           22    i.sensor_simulator_init  main.o
    0x0002afc4   0x0000001c   Code   RO         5041    i.sensorsim_decrement  sensorsim.o
    0x0002afe0   0x0000001c   Code   RO         5042    i.sensorsim_increment  sensorsim.o
    0x0002affc   0x00000016   Code   RO         5043    i.sensorsim_init    sensorsim.o
    0x0002b012   0x0000001a   Code   RO         5044    i.sensorsim_measure  sensorsim.o
    0x0002b02c   0x0000002a   Code   RO         5077    i.serial_tx         nrf_log_backend_rtt.o
    0x0002b056   0x00000002   PAD
    0x0002b058   0x00000044   Code   RO         1288    i.service_changed_pending_set  gatts_cache_manager.o
    0x0002b09c   0x0000008c   Code   RO         1183    i.service_changed_send_in_evt  gatt_cache_manager.o
    0x0002b128   0x00000088   Code   RO          742    i.service_data_encode  ble_advdata.o
    0x0002b1b0   0x00000144   Code   RO           23    i.services_init     main.o
    0x0002b2f4   0x00000028   Code   RO           24    i.sleep_mode_enter  main.o
    0x0002b31c   0x00000018   Code   RO         2557    i.sm_ble_evt_handler  security_manager.o
    0x0002b334   0x00000004   Code   RO         2558    i.sm_conn_sec_config_reply  security_manager.o
    0x0002b338   0x0000004c   Code   RO         2559    i.sm_init           security_manager.o
    0x0002b384   0x00000040   Code   RO         2562    i.sm_pdb_evt_handler  security_manager.o
    0x0002b3c4   0x00000034   Code   RO         2564    i.sm_sec_params_set  security_manager.o
    0x0002b3f8   0x00000060   Code   RO         2565    i.sm_smd_evt_handler  security_manager.o
    0x0002b458   0x000000f4   Code   RO         2429    i.smd_ble_evt_handler  security_dispatcher.o
    0x0002b54c   0x00000010   Code   RO         2430    i.smd_conn_sec_config_reply  security_dispatcher.o
    0x0002b55c   0x00000058   Code   RO         2431    i.smd_init          security_dispatcher.o
    0x0002b5b4   0x00000022   Code   RO         2432    i.smd_link_secure   security_dispatcher.o
    0x0002b5d6   0x00000002   PAD
    0x0002b5d8   0x000000fc   Code   RO         2433    i.smd_params_reply  security_dispatcher.o
    0x0002b6d4   0x00000040   Code   RO         2566    i.smd_params_reply_perform  security_manager.o
    0x0002b714   0x0000000a   Code   RO         2882    i.soc_evt_handler   nrf_drv_clock.o
    0x0002b71e   0x00000002   PAD
    0x0002b720   0x00000038   Code   RO         5823    i.softdevice_evt_irq_disable  nrf_sdh.o
    0x0002b758   0x00000050   Code   RO         5824    i.softdevices_evt_irq_enable  nrf_sdh.o
    0x0002b7a8   0x00000090   Code   RO         5248    i.std_n             nrf_log_frontend.o
    0x0002b838   0x00000042   Code   RO         2736    i.sys_id_encode     ble_dis.o
    0x0002b87a   0x00000002   PAD
    0x0002b87c   0x00000080   Code   RO         3755    i.timer_list_handler  app_timer.o
    0x0002b8fc   0x0000003c   Code   RO         3756    i.timer_list_insert  app_timer.o
    0x0002b938   0x00000060   Code   RO         3757    i.timer_list_remove  app_timer.o
    0x0002b998   0x00000048   Code   RO         3758    i.timer_stop_op_schedule  app_timer.o
    0x0002b9e0   0x00000074   Code   RO         3759    i.timer_timeouts_check  app_timer.o
    0x0002ba54   0x00000070   Code   RO           25    i.timers_init       main.o
    0x0002bac4   0x00000020   Code   RO         3346    i.tx_byte           nrf_drv_uart.o
    0x0002bae4   0x0000001c   Code   RO         3347    i.tx_done_event     nrf_drv_uart.o
    0x0002bb00   0x0000011e   Code   RO         3348    i.uart_irq_handler  nrf_drv_uart.o
    0x0002bc1e   0x000000f0   Code   RO         3349    i.uarte_irq_handler  nrf_drv_uart.o
    0x0002bd0e   0x0000000a   Code   RO          743    i.uint16_encode     ble_advdata.o
    0x0002bd18   0x00000020   Code   RO         4644    i.uninit            nrf_fstorage_sd.o
    0x0002bd38   0x000000b4   Code   RO         4530    i.unsigned_print    nrf_fprintf_format.o
    0x0002bdec   0x00000068   Code   RO          899    i.update_timeout_handler  ble_conn_params.o
    0x0002be54   0x00000018   Code   RO          980    i.user_flag_is_acquired  ble_conn_state.o
    0x0002be6c   0x00000030   Code   RO         3760    i.user_op_alloc     app_timer.o
    0x0002be9c   0x00000030   Code   RO          744    i.uuid_list_encode  ble_advdata.o
    0x0002becc   0x0000009e   Code   RO          745    i.uuid_list_sized_encode  ble_advdata.o
    0x0002bf6a   0x00000004   Code   RO         4645    i.wmap              nrf_fstorage_sd.o
    0x0002bf6e   0x00000002   PAD
    0x0002bf70   0x00000050   Code   RO         4646    i.write             nrf_fstorage_sd.o
    0x0002bfc0   0x00000024   Code   RO         1798    i.write_buf_length_words_set  peer_database.o
    0x0002bfe4   0x0000009c   Code   RO         1799    i.write_buf_store   peer_database.o
    0x0002c080   0x00000034   Code   RO         1800    i.write_buffer_record_find  peer_database.o
    0x0002c0b4   0x00000028   Code   RO         1801    i.write_buffer_record_find_next  peer_database.o
    0x0002c0dc   0x0000001e   Code   RO         1802    i.write_buffer_record_invalidate  peer_database.o
    0x0002c0fa   0x00000002   PAD
    0x0002c0fc   0x0000002c   Code   RO         1803    i.write_buffer_record_release  peer_database.o
    0x0002c128   0x000000e8   Code   RO         4049    i.write_enqueue     fds.o
    0x0002c210   0x000000f4   Code   RO         4050    i.write_execute     fds.o
    0x0002c304   0x00000018   Code   RO         4051    i.write_space_free  fds.o
    0x0002c31c   0x0000005c   Code   RO         4052    i.write_space_reserve  fds.o
    0x0002c378   0x00000010   Data   RO           31    .constdata          main.o
    0x0002c388   0x00000008   Data   RO          430    .constdata          boards.o
    0x0002c390   0x0000002c   Data   RO          550    .constdata          bsp.o
    0x0002c3bc   0x00000050   Data   RO         1184    .constdata          gatt_cache_manager.o
    0x0002c40c   0x00000004   Data   RO         1289    .constdata          gatts_cache_manager.o
    0x0002c410   0x00000010   Data   RO         1290    .constdata          gatts_cache_manager.o
    0x0002c420   0x00000004   Data   RO         1291    .constdata          gatts_cache_manager.o
    0x0002c424   0x00000008   Data   RO         1385    .constdata          id_manager.o
    0x0002c42c   0x00000016   Data   RO         1554    .constdata          nrf_ble_gatt.o
    0x0002c442   0x00000002   PAD
    0x0002c444   0x00000018   Data   RO         1661    .constdata          peer_data_storage.o
    0x0002c45c   0x00000010   Data   RO         1805    .constdata          peer_database.o
    0x0002c46c   0x00000010   Data   RO         2081    .constdata          peer_manager.o
    0x0002c47c   0x00000054   Data   RO         2435    .constdata          security_dispatcher.o
    0x0002c4d0   0x00000004   Data   RO         2567    .constdata          security_manager.o
    0x0002c4d4   0x00000004   Data   RO         3104    .constdata          nrf_drv_gpiote.o
    0x0002c4d8   0x00000008   Data   RO         3552    .constdata          app_button.o
    0x0002c4e0   0x00000018   Data   RO         4055    .constdata          fds.o
    0x0002c4f8   0x00000010   Data   RO         4531    .constdata          nrf_fprintf_format.o
    0x0002c508   0x00000010   Data   RO         4649    .constdata          nrf_fstorage_sd.o
    0x0002c518   0x00000020   Data   RO         4650    .constdata          nrf_fstorage_sd.o
    0x0002c538   0x00000104   Data   RO         4948    .constdata          nrf_strerror.o
    0x0002c63c   0x0000000c   Data   RO         5079    .constdata          nrf_log_backend_rtt.o
    0x0002c648   0x00000014   Data   RO         5251    .constdata          nrf_log_frontend.o
    0x0002c65c   0x00000010   Data   RO         5825    .constdata          nrf_sdh.o
    0x0002c66c   0x00000028   Data   RO         5826    .constdata          nrf_sdh.o
    0x0002c694   0x00000010   Data   RO         5827    .constdata          nrf_sdh.o
    0x0002c6a4   0x00000010   Data   RO         5828    .constdata          nrf_sdh.o
    0x0002c6b4   0x00000020   Data   RO         5944    .constdata          nrf_sdh_ble.o
    0x0002c6d4   0x00000010   Data   RO         5945    .constdata          nrf_sdh_ble.o
    0x0002c6e4   0x00000010   Data   RO         5991    .constdata          nrf_sdh_soc.o
    0x0002c6f4   0x0000000c   Data   RO         5992    .constdata          nrf_sdh_soc.o
    0x0002c700   0x00000081   Data   RO         6073    .constdata          mc_w.l(ctype_o.o)
    0x0002c781   0x00000003   PAD
    0x0002c784   0x00000004   Data   RO         6074    .constdata          mc_w.l(ctype_o.o)
    0x0002c788   0x0000012d   Data   RO         1555    .conststring        nrf_ble_gatt.o
    0x0002c8b5   0x00000003   PAD
    0x0002c8b8   0x00000307   Data   RO         4949    .conststring        nrf_strerror.o
    0x0002cbbf   0x00000001   PAD
    0x0002cbc0   0x00000066   Data   RO         5418    .conststring        nrf_log_str_formatter.o
    0x0002cc26   0x00000002   PAD
    0x0002cc28   0x000001cf   Data   RO         5946    .conststring        nrf_sdh_ble.o
    0x0002cdf7   0x00000001   PAD
    0x0002cdf8   0x00000009   Data   RO         1556    .conststrlit        nrf_ble_gatt.o
    0x0002ce01   0x00000003   PAD
    0x0002ce04   0x00000006   Data   RO         2888    .conststrlit        nrf_drv_clock.o
    0x0002ce0a   0x00000002   PAD
    0x0002ce0c   0x00000007   Data   RO         3108    .conststrlit        nrf_drv_gpiote.o
    0x0002ce13   0x00000001   PAD
    0x0002ce14   0x00000005   Data   RO         3351    .conststrlit        nrf_drv_uart.o
    0x0002ce19   0x00000003   PAD
    0x0002ce1c   0x00000007   Data   RO         4446    .conststrlit        nrf_balloc.o
    0x0002ce23   0x00000001   PAD
    0x0002ce24   0x00000009   Data   RO         4840    .conststrlit        nrf_pwr_mgmt.o
    0x0002ce2d   0x00000003   PAD
    0x0002ce30   0x00000004   Data   RO         5253    .conststrlit        nrf_log_frontend.o
    0x0002ce34   0x00000008   Data   RO         5829    .conststrlit        nrf_sdh.o
    0x0002ce3c   0x0000000c   Data   RO         5947    .conststrlit        nrf_sdh_ble.o
    0x0002ce48   0x0000000c   Data   RO         5993    .conststrlit        nrf_sdh_soc.o
    0x0002ce54   0x00000020   Data   RO         6140    Region$$Table       anon$$obj.o
    0x0002ce74   0x00000008   Data   RO         1557    log_const_data      nrf_ble_gatt.o
    0x0002ce7c   0x00000008   Data   RO         2889    log_const_data      nrf_drv_clock.o
    0x0002ce84   0x00000008   Data   RO         3109    log_const_data      nrf_drv_gpiote.o
    0x0002ce8c   0x00000008   Data   RO         3352    log_const_data      nrf_drv_uart.o
    0x0002ce94   0x00000008   Data   RO         4447    log_const_data      nrf_balloc.o
    0x0002ce9c   0x00000008   Data   RO         4842    log_const_data      nrf_pwr_mgmt.o
    0x0002cea4   0x00000008   Data   RO         5257    log_const_data      nrf_log_frontend.o
    0x0002ceac   0x00000008   Data   RO         5831    log_const_data      nrf_sdh.o
    0x0002ceb4   0x00000008   Data   RO         5948    log_const_data      nrf_sdh_ble.o
    0x0002cebc   0x00000008   Data   RO         5994    log_const_data      nrf_sdh_soc.o
    0x0002cec4   0x00000008   Data   RO          982    sdh_ble_observers0  ble_conn_state.o
    0x0002cecc   0x00000010   Data   RO           33    sdh_ble_observers1  main.o
    0x0002cedc   0x00000008   Data   RO          656    sdh_ble_observers1  bsp_btn_ble.o
    0x0002cee4   0x00000008   Data   RO          902    sdh_ble_observers1  ble_conn_params.o
    0x0002ceec   0x00000008   Data   RO         2083    sdh_ble_observers1  peer_manager.o
    0x0002cef4   0x00000010   Data   RO           34    sdh_ble_observers2  main.o
    0x0002cf04   0x00000008   Data   RO           35    sdh_ble_observers3  main.o
    0x0002cf0c   0x00000008   Data   RO         4652    sdh_req_observers0  nrf_fstorage_sd.o
    0x0002cf14   0x00000008   Data   RO         2891    sdh_soc_observers0  nrf_drv_clock.o
    0x0002cf1c   0x00000008   Data   RO         4653    sdh_soc_observers0  nrf_fstorage_sd.o
    0x0002cf24   0x00000008   Data   RO           36    sdh_soc_observers1  main.o
    0x0002cf2c   0x00000008   Data   RO         5950    sdh_stack_observers0  nrf_sdh_ble.o
    0x0002cf34   0x00000008   Data   RO         5996    sdh_stack_observers0  nrf_sdh_soc.o
    0x0002cf3c   0x00000008   Data   RO         2892    sdh_state_observers0  nrf_drv_clock.o
    0x0002cf44   0x00000008   Data   RO         4654    sdh_state_observers0  nrf_fstorage_sd.o


    Execution Region RW_IRAM1 (Base: 0x20002a58, Size: 0x00003318, Max: 0x0000d5a8, ABSOLUTE, COMPRESSED[0x0000005c])

    Base Addr    Size         Type   Attr      Idx    E Section Name        Object

    0x20002a58   0x0000002c   Data   RW           32    .data               main.o
    0x20002a84   0x00000010   Data   RW          551    .data               bsp.o
    0x20002a94   0x00000008   Data   RW          655    .data               bsp_btn_ble.o
    0x20002a9c   0x00000008   Data   RW          901    .data               ble_conn_params.o
    0x20002aa4   0x0000000c   Data   RW         1185    .data               gatt_cache_manager.o
    0x20002ab0   0x00000006   Data   RW         1292    .data               gatts_cache_manager.o
    0x20002ab6   0x00000003   Data   RW         1386    .data               id_manager.o
    0x20002ab9   0x00000003   PAD
    0x20002abc   0x0000000c   Data   RW         1662    .data               peer_data_storage.o
    0x20002ac8   0x00000008   Data   RW         1806    .data               peer_database.o
    0x20002ad0   0x00000010   Data   RW         2082    .data               peer_manager.o
    0x20002ae0   0x00000006   Data   RW         2436    .data               security_dispatcher.o
    0x20002ae6   0x00000002   PAD
    0x20002ae8   0x00000015   Data   RW         2568    .data               security_manager.o
    0x20002afd   0x00000001   PAD
    0x20002afe   0x0000004a   Data   RW         2737    .data               ble_dis.o
    0x20002b48   0x00000014   Data   RW         3553    .data               app_button.o
    0x20002b5c   0x00000014   Data   RW         3762    .data               app_timer.o
    0x20002b70   0x00000030   Data   RW         4056    .data               fds.o
    0x20002ba0   0x00000008   Data   RW         4651    .data               nrf_fstorage_sd.o
    0x20002ba8   0x0000000c   Data   RW         5190    .data               nrf_log_default_backends.o
    0x20002bb4   0x00000008   Data   RW         5255    .data               nrf_log_frontend.o
    0x20002bbc   0x00000008   Data   RW         5256    .data               nrf_log_frontend.o
    0x20002bc4   0x00000038   Data   RW         5419    .data               nrf_log_str_formatter.o
    0x20002bfc   0x00000003   Data   RW         5830    .data               nrf_sdh.o
    0x20002bff   0x00000001   PAD
    0x20002c00   0x00000004   Data   RW         6031    .data               system_nrf52.o
    0x20002c04   0x00000014   Data   RW         4057    fs_data             fds.o
    0x20002c18   0x0000000c   Data   RW         1558    log_dynamic_data    nrf_ble_gatt.o
    0x20002c24   0x0000000c   Data   RW         2890    log_dynamic_data    nrf_drv_clock.o
    0x20002c30   0x0000000c   Data   RW         3110    log_dynamic_data    nrf_drv_gpiote.o
    0x20002c3c   0x0000000c   Data   RW         3353    log_dynamic_data    nrf_drv_uart.o
    0x20002c48   0x0000000c   Data   RW         4448    log_dynamic_data    nrf_balloc.o
    0x20002c54   0x0000000c   Data   RW         4843    log_dynamic_data    nrf_pwr_mgmt.o
    0x20002c60   0x0000000c   Data   RW         5258    log_dynamic_data    nrf_log_frontend.o
    0x20002c6c   0x0000000c   Data   RW         5832    log_dynamic_data    nrf_sdh.o
    0x20002c78   0x0000000c   Data   RW         5949    log_dynamic_data    nrf_sdh_ble.o
    0x20002c84   0x0000000c   Data   RW         5995    log_dynamic_data    nrf_sdh_soc.o
    0x20002c90   0x00000020   Zero   RW           26    .bss                main.o
    0x20002cb0   0x00000020   Zero   RW           27    .bss                main.o
    0x20002cd0   0x00000020   Zero   RW           28    .bss                main.o
    0x20002cf0   0x00000020   Zero   RW           29    .bss                main.o
    0x20002d10   0x00000184   Zero   RW           30    .bss                main.o
    0x20002e94   0x00000020   Zero   RW          546    .bss                bsp.o
    0x20002eb4   0x00000020   Zero   RW          547    .bss                bsp.o
    0x20002ed4   0x0000000c   Zero   RW          548    .bss                bsp.o
    0x20002ee0   0x00000020   Zero   RW          549    .bss                bsp.o
    0x20002f00   0x00000050   Zero   RW          900    .bss                ble_conn_params.o
    0x20002f50   0x000000b8   Zero   RW          981    .bss                ble_conn_state.o
    0x20003008   0x00000100   Zero   RW         1384    .bss                id_manager.o
    0x20003108   0x000000d0   Zero   RW         1804    .bss                peer_database.o
    0x200031d8   0x00000040   Zero   RW         1960    .bss                peer_id.o
    0x20003218   0x0000000c   Zero   RW         2080    .bss                peer_manager.o
    0x20003224   0x00000040   Zero   RW         2434    .bss                security_dispatcher.o
    0x20003264   0x00000014   Zero   RW         2883    .bss                nrf_drv_clock.o
    0x20003278   0x00000058   Zero   RW         3103    .bss                nrf_drv_gpiote.o
    0x200032d0   0x00000020   Zero   RW         3350    .bss                nrf_drv_uart.o
    0x200032f0   0x00000020   Zero   RW         3551    .bss                app_button.o
    0x20003310   0x0000010c   Zero   RW         3761    .bss                app_timer.o
    0x2000341c   0x0000000c   Zero   RW         3910    .bss                app_util_platform.o
    0x20003428   0x000000e0   Zero   RW         4053    .bss                fds.o
    0x20003508   0x00000010   Zero   RW         4054    .bss                fds.o
    0x20003518   0x000000a0   Zero   RW         4647    .bss                nrf_fstorage_sd.o
    0x200035b8   0x00000010   Zero   RW         4648    .bss                nrf_fstorage_sd.o
    0x200035c8   0x00000040   Zero   RW         5078    .bss                nrf_log_backend_rtt.o
    0x20003608   0x000000c0   Zero   RW         5249    .bss                nrf_log_frontend.o
    0x200036c8   0x00000420   Zero   RW         5250    .bss                nrf_log_frontend.o
    0x20003ae8   0x00000288   Zero   RW         5490    .bss                segger_rtt.o
    0x20003d70   0x00002000   Zero   RW         6019    STACK               arm_startup_nrf52.o


==============================================================================

Image component sizes


      Code (inc. data)   RO Data    RW Data    ZI Data      Debug   Object Name

       332         34          8         20         32       9698   app_button.o
        22          0          0          0          0       2045   app_error.o
       120         40          0          0          0      27365   app_error_weak.o
         0          0          0          0          0      21000   app_scheduler.o
      1630        122          0         20        268      45507   app_timer.o
       124         14          0          0         12       8802   app_util_platform.o
        36          8        512          0       8192        904   arm_startup_nrf52.o
      1330          0          0          0          0      34903   ble_advdata.o
       988          6          0          0          0       9504   ble_advertising.o
       618          0          0          0          0       4611   ble_bas.o
       636         44          8          8         80       8139   ble_conn_params.o
       536         48          8          0        184       8657   ble_conn_state.o
       578          8          0         74          0       5111   ble_dis.o
       834          0          0          0          0       8899   ble_hrs.o
        38          0          0          0          0       2746   ble_srv_common.o
       318         42          8          0          0      12452   boards.o
       960         84         44         16        108      14423   bsp.o
       252         10          8          8          0       4572   bsp_btn_ble.o
      3726        332         24         68        240      47694   fds.o
      1028         74         80         12          0      17889   gatt_cache_manager.o
       490         38         24          6          0       8427   gatts_cache_manager.o
      1156         58          8          3        256      17009   id_manager.o
      2534        540         64         44        516     179691   main.o
       342          0          0          0          0       5994   nrf_atfifo.o
       164          0         15         12          0       3701   nrf_balloc.o
       658         44        340         12          0      38376   nrf_ble_gatt.o
       408         40         30         12         20      40563   nrf_drv_clock.o
        56          0          0          0          0      27443   nrf_drv_common.o
      1178         84         19         12         88      28406   nrf_drv_gpiote.o
       744          8         13         12         32      23434   nrf_drv_uart.o
        50          0          0          0          0       3369   nrf_fprintf.o
       850          4         16          0          0       4566   nrf_fprintf_format.o
       312         10          0          0          0       5428   nrf_fstorage.o
       926         72         72          8        176      17847   nrf_fstorage_sd.o
        74          8         12          0         64       5149   nrf_log_backend_rtt.o
       210          0          0          0          0      10151   nrf_log_backend_serial.o
        28          6          0         12          0       3090   nrf_log_default_backends.o
      1492         88         32         28       1248      29996   nrf_log_frontend.o
       506         66        102         56          0       4800   nrf_log_str_formatter.o
       494          0          0          0          0      12019   nrf_memobj.o
         0          0         17         12          0       7137   nrf_pwr_mgmt.o
       600         60        104         15          0      49548   nrf_sdh.o
       660        160        539         12          0       5549   nrf_sdh_ble.o
        60          4         56         12          0       2480   nrf_sdh_soc.o
        78          0          0          0          0       2580   nrf_section_iter.o
        76         10       1035          0          0       2475   nrf_strerror.o
      1034         46         24         12          0      15840   peer_data_storage.o
      1268         62         16          8        208      22398   peer_database.o
       336         38          0          0         64       8375   peer_id.o
       986         80         24         16         12      14956   peer_manager.o
       242          0          0          0          0       3919   pm_buffer.o
       226          0          0          0          0       4809   pm_mutex.o
       244          0          0          0          0       5564   sdk_mapped_flags.o
      1658         88         84          6         64      24590   security_dispatcher.o
      1122         56          4         21          0      44460   security_manager.o
       378         34          0          0        648       8157   segger_rtt.o
       104          0          0          0          0       3107   sensorsim.o
       796         70          0          4          0       2955   system_nrf52.o

    ----------------------------------------------------------------------
     36738       2640       3404        568      12512     993279   Object Totals
         0          0         32          0          0          0   (incl. Generated)
        92          0         22          7          0          0   (incl. Padding)

    ----------------------------------------------------------------------

      Code (inc. data)   RO Data    RW Data    ZI Data      Debug   Library Member Name

        86          0          0          0          0          0   __dczerorl2.o
         8          4        133          0          0         68   ctype_o.o
         0          0          0          0          0          0   entry.o
         0          0          0          0          0          0   entry10a.o
         0          0          0          0          0          0   entry11a.o
         8          4          0          0          0          0   entry2.o
         4          0          0          0          0          0   entry5.o
         0          0          0          0          0          0   entry7b.o
         0          0          0          0          0          0   entry8b.o
         8          4          0          0          0          0   entry9a.o
        30          0          0          0          0          0   handlers.o
        36          8          0          0          0         68   init.o
        30          0          0          0          0         68   llshl.o
        32          0          0          0          0         68   llushr.o
        26          0          0          0          0         80   memcmp.o
        64          0          0          0          0         76   memmovea.o
        36          0          0          0          0        108   memseta.o
        18          0          0          0          0         68   strcpy.o
        14          0          0          0          0         68   strlen.o
        98          0          0          0          0         92   uldiv.o

    ----------------------------------------------------------------------
       502         20        136          0          0        764   Library Totals
         4          0          3          0          0          0   (incl. Padding)

    ----------------------------------------------------------------------

      Code (inc. data)   RO Data    RW Data    ZI Data      Debug   Library Name

       498         20        133          0          0        764   mc_w.l

    ----------------------------------------------------------------------
       502         20        136          0          0        764   Library Totals

    ----------------------------------------------------------------------

==============================================================================


      Code (inc. data)   RO Data    RW Data    ZI Data      Debug   

     37240       2660       3540        568      12512     945467   Grand Totals
     37240       2660       3540         92      12512     945467   ELF Image Totals (compressed)
     37240       2660       3540         92          0          0   ROM Totals

==============================================================================

    Total RO  Size (Code + RO Data)                40780 (  39.82kB)
    Total RW  Size (RW Data + ZI Data)             13080 (  12.77kB)
    Total ROM Size (Code + RO Data + RW Data)      40872 (  39.91kB)

==============================================================================

