Component: ARM Compiler 5.05 update 1 (build 106) Tool: armlink [4d0efa]

==============================================================================

Section Cross References

    main.o(i.adv_scan_start) refers to nrf_fstorage.o(i.nrf_fstorage_is_busy) for nrf_fstorage_is_busy
    main.o(i.adv_scan_start) refers to main.o(i.scan_start) for scan_start
    main.o(i.adv_scan_start) refers to boards.o(i.bsp_board_led_on) for bsp_board_led_on
    main.o(i.adv_scan_start) refers to ble_advertising.o(i.ble_advertising_start) for ble_advertising_start
    main.o(i.adv_scan_start) refers to app_error.o(i.app_error_handler_bare) for app_error_handler_bare
    main.o(i.adv_scan_start) refers to main.o(.bss) for .bss
    main.o(i.assert_nrf_callback) refers to app_error.o(i.app_error_handler) for app_error_handler
    main.o(i.ble_evt_handler) refers to ble_conn_state.o(i.ble_conn_state_role) for ble_conn_state_role
    main.o(i.ble_evt_handler) refers to ble_hrs_c.o(i.ble_hrs_c_on_ble_evt) for ble_hrs_c_on_ble_evt
    main.o(i.ble_evt_handler) refers to ble_rscs_c.o(i.ble_rscs_c_on_ble_evt) for ble_rscs_c_on_ble_evt
    main.o(i.ble_evt_handler) refers to main.o(i.on_ble_central_evt) for on_ble_central_evt
    main.o(i.ble_evt_handler) refers to ble_hrs.o(i.ble_hrs_on_ble_evt) for ble_hrs_on_ble_evt
    main.o(i.ble_evt_handler) refers to ble_rscs.o(i.ble_rscs_on_ble_evt) for ble_rscs_on_ble_evt
    main.o(i.ble_evt_handler) refers to main.o(i.on_ble_peripheral_evt) for on_ble_peripheral_evt
    main.o(i.ble_evt_handler) refers to main.o(.bss) for .bss
    main.o(i.conn_params_error_handler) refers to app_error.o(i.app_error_handler_bare) for app_error_handler_bare
    main.o(i.db_disc_handler) refers to ble_hrs_c.o(i.ble_hrs_on_db_disc_evt) for ble_hrs_on_db_disc_evt
    main.o(i.db_disc_handler) refers to ble_rscs_c.o(i.ble_rscs_on_db_disc_evt) for ble_rscs_on_db_disc_evt
    main.o(i.db_disc_handler) refers to main.o(.bss) for .bss
    main.o(i.find_adv_uuid) refers to main.o(i.adv_report_parse) for adv_report_parse
    main.o(i.hrs_c_evt_handler) refers to nrf_log_frontend.o(i.nrf_log_frontend_std_1) for nrf_log_frontend_std_1
    main.o(i.hrs_c_evt_handler) refers to ble_hrs.o(i.ble_hrs_heart_rate_measurement_send) for ble_hrs_heart_rate_measurement_send
    main.o(i.hrs_c_evt_handler) refers to app_error.o(i.app_error_handler_bare) for app_error_handler_bare
    main.o(i.hrs_c_evt_handler) refers to ble_hrs_c.o(i.ble_hrs_c_handles_assign) for ble_hrs_c_handles_assign
    main.o(i.hrs_c_evt_handler) refers to peer_manager.o(i.pm_conn_secure) for pm_conn_secure
    main.o(i.hrs_c_evt_handler) refers to ble_hrs_c.o(i.ble_hrs_c_hrm_notif_enable) for ble_hrs_c_hrm_notif_enable
    main.o(i.hrs_c_evt_handler) refers to nrf_log_frontend.o(log_dynamic_data) for m_nrf_log_app_logs_data_dynamic
    main.o(i.hrs_c_evt_handler) refers to main.o(.bss) for .bss
    main.o(i.hrs_c_evt_handler) refers to main.o(.data) for .data
    main.o(i.main) refers to uart_k50.o(i.uart_init) for uart_init
    main.o(i.main) refers to nrf_log_frontend.o(i.nrf_log_init) for nrf_log_init
    main.o(i.main) refers to app_error.o(i.app_error_handler_bare) for app_error_handler_bare
    main.o(i.main) refers to nrf_log_default_backends.o(i.nrf_log_default_backends_init) for nrf_log_default_backends_init
    main.o(i.main) refers to app_timer.o(i.app_timer_init) for app_timer_init
    main.o(i.main) refers to app_timer.o(i.app_timer_create) for app_timer_create
    main.o(i.main) refers to bsp.o(i.bsp_init) for bsp_init
    main.o(i.main) refers to bsp_btn_ble.o(i.bsp_btn_ble_init) for bsp_btn_ble_init
    main.o(i.main) refers to nrf_sdh.o(i.nrf_sdh_enable_request) for nrf_sdh_enable_request
    main.o(i.main) refers to nrf_sdh_ble.o(i.nrf_sdh_ble_default_cfg_set) for nrf_sdh_ble_default_cfg_set
    main.o(i.main) refers to nrf_sdh_ble.o(i.nrf_sdh_ble_enable) for nrf_sdh_ble_enable
    main.o(i.main) refers to nrf_ble_gatt.o(i.nrf_ble_gatt_init) for nrf_ble_gatt_init
    main.o(i.main) refers to memseta.o(.text) for __aeabi_memclr4
    main.o(i.main) refers to ble_conn_params.o(i.ble_conn_params_init) for ble_conn_params_init
    main.o(i.main) refers to ble_db_discovery.o(i.ble_db_discovery_init) for ble_db_discovery_init
    main.o(i.main) refers to main.o(i.peer_manager_init) for peer_manager_init
    main.o(i.main) refers to ble_hrs_c.o(i.ble_hrs_c_init) for ble_hrs_c_init
    main.o(i.main) refers to ble_rscs_c.o(i.ble_rscs_c_init) for ble_rscs_c_init
    main.o(i.main) refers to main.o(i.services_init) for services_init
    main.o(i.main) refers to ble_advertising.o(i.ble_advertising_init) for ble_advertising_init
    main.o(i.main) refers to ble_advertising.o(i.ble_advertising_conn_cfg_tag_set) for ble_advertising_conn_cfg_tag_set
    main.o(i.main) refers to nrf_log_frontend.o(i.nrf_log_frontend_std_0) for nrf_log_frontend_std_0
    main.o(i.main) refers to peer_manager.o(i.pm_peers_delete) for pm_peers_delete
[...]
    nrf_sdh_is_enabled                       0x00029991   Thumb Code     6  nrf_sdh.o(i.nrf_sdh_is_enabled)
    nrf_sdh_request_continue                 0x0002999d   Thumb Code    22  nrf_sdh.o(i.nrf_sdh_request_continue)
    nrf_section_iter_init                    0x000299f5   Thumb Code    10  nrf_section_iter.o(i.nrf_section_iter_init)
    nrf_section_iter_next                    0x00029a23   Thumb Code    32  nrf_section_iter.o(i.nrf_section_iter_next)
    nrf_strerror_find                        0x00029a45   Thumb Code    52  nrf_strerror.o(i.nrf_strerror_find)
    nrf_strerror_get                         0x00029a7d   Thumb Code    14  nrf_strerror.o(i.nrf_strerror_get)
    pdb_init                                 0x0002a695   Thumb Code    64  peer_database.o(i.pdb_init)
    pdb_next_deleted_peer_id_get             0x0002a6dd   Thumb Code     4  peer_database.o(i.pdb_next_deleted_peer_id_get)
    pdb_next_peer_id_get                     0x0002a6e1   Thumb Code     4  peer_database.o(i.pdb_next_peer_id_get)
    pdb_pds_evt_handler                      0x0002a6e5   Thumb Code   110  peer_database.o(i.pdb_pds_evt_handler)
    pdb_peer_allocate                        0x0002a75d   Thumb Code     4  peer_database.o(i.pdb_peer_allocate)
    pdb_peer_data_load                       0x0002a761   Thumb Code    16  peer_database.o(i.pdb_peer_data_load)
    pdb_peer_data_ptr_get                    0x0002a771   Thumb Code     6  peer_database.o(i.pdb_peer_data_ptr_get)
    pdb_peer_free                            0x0002a777   Thumb Code    68  peer_database.o(i.pdb_peer_free)
    pdb_raw_store                            0x0002a7bb   Thumb Code     8  peer_database.o(i.pdb_raw_store)
    pdb_write_buf_get                        0x0002a7c5   Thumb Code   256  peer_database.o(i.pdb_write_buf_get)
    pdb_write_buf_release                    0x0002a8c9   Thumb Code    40  peer_database.o(i.pdb_write_buf_release)
    pdb_write_buf_store                      0x0002a8f1   Thumb Code    40  peer_database.o(i.pdb_write_buf_store)
    pdb_write_buf_store_prepare              0x0002a919   Thumb Code    98  peer_database.o(i.pdb_write_buf_store_prepare)
    pds_init                                 0x0002a991   Thumb Code    98  peer_data_storage.o(i.pds_init)
    pds_next_deleted_peer_id_get             0x0002a9fd   Thumb Code     4  peer_data_storage.o(i.pds_next_deleted_peer_id_get)
    pds_next_peer_id_get                     0x0002aa01   Thumb Code     4  peer_data_storage.o(i.pds_next_peer_id_get)
    pds_peer_data_iterate                    0x0002aa05   Thumb Code    84  peer_data_storage.o(i.pds_peer_data_iterate)
    pds_peer_data_iterate_prepare            0x0002aa5d   Thumb Code    10  peer_data_storage.o(i.pds_peer_data_iterate_prepare)
    pds_peer_data_read                       0x0002aa6d   Thumb Code   104  peer_data_storage.o(i.pds_peer_data_read)
    pds_peer_data_store                      0x0002aad5   Thumb Code   150  peer_data_storage.o(i.pds_peer_data_store)
    pds_peer_id_allocate                     0x0002ab6b   Thumb Code     8  peer_data_storage.o(i.pds_peer_id_allocate)
    pds_peer_id_free                         0x0002ab73   Thumb Code    22  peer_data_storage.o(i.pds_peer_id_free)
    pds_peer_id_is_allocated                 0x0002ab89   Thumb Code     4  peer_data_storage.o(i.pds_peer_id_is_allocated)
    pds_space_reserve                        0x0002ab8d   Thumb Code    46  peer_data_storage.o(i.pds_space_reserve)
    pds_space_reserve_cancel                 0x0002abbb   Thumb Code    16  peer_data_storage.o(i.pds_space_reserve_cancel)
    peer_id_allocate                         0x0002acd1   Thumb Code     6  peer_id.o(i.peer_id_allocate)
    peer_id_delete                           0x0002acdd   Thumb Code    32  peer_id.o(i.peer_id_delete)
    peer_id_free                             0x0002ad01   Thumb Code    24  peer_id.o(i.peer_id_free)
    peer_id_get_next_deleted                 0x0002ad1d   Thumb Code     6  peer_id.o(i.peer_id_get_next_deleted)
    peer_id_get_next_used                    0x0002ad29   Thumb Code    42  peer_id.o(i.peer_id_get_next_used)
    peer_id_init                             0x0002ad59   Thumb Code    36  peer_id.o(i.peer_id_init)
    peer_id_is_allocated                     0x0002ad81   Thumb Code    16  peer_id.o(i.peer_id_is_allocated)
    peer_id_is_deleted                       0x0002ad95   Thumb Code    16  peer_id.o(i.peer_id_is_deleted)
    pm_buffer_block_acquire                  0x0002af39   Thumb Code    92  pm_buffer.o(i.pm_buffer_block_acquire)
    pm_buffer_init                           0x0002af95   Thumb Code    64  pm_buffer.o(i.pm_buffer_init)
    pm_buffer_ptr_get                        0x0002afd5   Thumb Code    40  pm_buffer.o(i.pm_buffer_ptr_get)
    pm_buffer_release                        0x0002affd   Thumb Code    46  pm_buffer.o(i.pm_buffer_release)
    pm_conn_sec_config_reply                 0x0002b02b   Thumb Code    10  peer_manager.o(i.pm_conn_sec_config_reply)
    pm_conn_secure                           0x0002b035   Thumb Code    14  peer_manager.o(i.pm_conn_secure)
    pm_gcm_evt_handler                       0x0002b145   Thumb Code     4  peer_manager.o(i.pm_gcm_evt_handler)
    pm_im_evt_handler                        0x0002b149   Thumb Code    30  peer_manager.o(i.pm_im_evt_handler)
    pm_init                                  0x0002b16d   Thumb Code    84  peer_manager.o(i.pm_init)
    pm_local_database_has_changed            0x0002b1c5   Thumb Code    14  peer_manager.o(i.pm_local_database_has_changed)
    pm_mutex_init                            0x0002b1d9   Thumb Code    14  pm_mutex.o(i.pm_mutex_init)
    pm_mutex_lock                            0x0002b1e7   Thumb Code    26  pm_mutex.o(i.pm_mutex_lock)
    pm_mutex_lock_first_available            0x0002b201   Thumb Code    54  pm_mutex.o(i.pm_mutex_lock_first_available)
    pm_mutex_lock_status_get                 0x0002b237   Thumb Code    24  pm_mutex.o(i.pm_mutex_lock_status_get)
    pm_mutex_unlock                          0x0002b24f   Thumb Code    58  pm_mutex.o(i.pm_mutex_unlock)
    pm_pdb_evt_handler                       0x0002b289   Thumb Code   276  peer_manager.o(i.pm_pdb_evt_handler)
    pm_peer_delete                           0x0002b3a1   Thumb Code    14  peer_manager.o(i.pm_peer_delete)
    pm_peer_ranks_get                        0x0002b3b5   Thumb Code   176  peer_manager.o(i.pm_peer_ranks_get)
    pm_peers_delete                          0x0002b46d   Thumb Code    98  peer_manager.o(i.pm_peers_delete)
    pm_register                              0x0002b4d5   Thumb Code    34  peer_manager.o(i.pm_register)
    pm_sec_params_set                        0x0002b501   Thumb Code    14  peer_manager.o(i.pm_sec_params_set)
    pm_sm_evt_handler                        0x0002b515   Thumb Code    46  peer_manager.o(i.pm_sm_evt_handler)
    sdk_mapped_flags_bulk_update_by_key      0x0002be7d   Thumb Code    68  sdk_mapped_flags.o(i.sdk_mapped_flags_bulk_update_by_key)
    sdk_mapped_flags_first_key_index_get     0x0002bec1   Thumb Code    34  sdk_mapped_flags.o(i.sdk_mapped_flags_first_key_index_get)
    sdk_mapped_flags_get_by_key              0x0002bef3   Thumb Code    38  sdk_mapped_flags.o(i.sdk_mapped_flags_get_by_key)
    sdk_mapped_flags_key_list_get            0x0002bf19   Thumb Code    74  sdk_mapped_flags.o(i.sdk_mapped_flags_key_list_get)
    sdk_mapped_flags_n_flags_set             0x0002bf63   Thumb Code    30  sdk_mapped_flags.o(i.sdk_mapped_flags_n_flags_set)
    sdk_mapped_flags_update_by_key           0x0002bf81   Thumb Code    14  sdk_mapped_flags.o(i.sdk_mapped_flags_update_by_key)
    sm_ble_evt_handler                       0x0002c4ad   Thumb Code    18  security_manager.o(i.sm_ble_evt_handler)
    sm_conn_sec_config_reply                 0x0002c4c5   Thumb Code     4  security_manager.o(i.sm_conn_sec_config_reply)
    sm_init                                  0x0002c4c9   Thumb Code    70  security_manager.o(i.sm_init)
    sm_link_secure                           0x0002c515   Thumb Code    10  security_manager.o(i.sm_link_secure)
    sm_pdb_evt_handler                       0x0002c521   Thumb Code    60  security_manager.o(i.sm_pdb_evt_handler)
    sm_sec_params_set                        0x0002c561   Thumb Code    46  security_manager.o(i.sm_sec_params_set)
    sm_smd_evt_handler                       0x0002c595   Thumb Code    92  security_manager.o(i.sm_smd_evt_handler)
    smd_ble_evt_handler                      0x0002c5f5   Thumb Code   272  security_dispatcher.o(i.smd_ble_evt_handler)
    smd_conn_sec_config_reply                0x0002c70d   Thumb Code    10  security_dispatcher.o(i.smd_conn_sec_config_reply)
    smd_init                                 0x0002c71d   Thumb Code    84  security_dispatcher.o(i.smd_init)
    smd_link_secure                          0x0002c775   Thumb Code   102  security_dispatcher.o(i.smd_link_secure)
    smd_params_reply                         0x0002c7e1   Thumb Code   242  security_dispatcher.o(i.smd_params_reply)
    uart_error_handle                        0x0002cce5   Thumb Code    18  uart_k50.o(i.uart_error_handle)
    uart_init                                0x0002cd99   Thumb Code    54  uart_k50.o(i.uart_init)
    uart_read                                0x0002ceff   Thumb Code    36  uart_k50.o(i.uart_read)
    uart_timeout_handler                     0x0002cf25   Thumb Code   106  uart_k50.o(i.uart_timeout_handler)
    uart_write                               0x0002cfb1   Thumb Code    30  uart_k50.o(i.uart_write)
    write_buf_store                          0x0002d395   Thumb Code   146  peer_database.o(i.write_buf_store)
    nrf_fstorage_sd                          0x0002d978   Data          32  nrf_fstorage_sd.o(.constdata)
    nrf_log_backend_rtt_api                  0x0002dabc   Data          12  nrf_log_backend_rtt.o(.constdata)
    m_ram_start                              0x0002db54   Data           4  nrf_sdh_ble.o(.constdata)
    __ctype_table                            0x0002db80   Data         129  ctype_o.o(.constdata)
    Region$$Table$$Base                      0x0002e2f4   Number         0  anon$$obj.o(Region$$Table)
    Region$$Table$$Limit                     0x0002e314   Number         0  anon$$obj.o(Region$$Table)
    log_const_data$$Base                     0x0002e314   Number         0  ble_db_discovery.o(log_const_data)
    m_nrf_log_ble_db_disc_logs_data_const    0x0002e314   Data           8  ble_db_discovery.o(log_const_data)
    m_nrf_log_ble_gatt_logs_data_const       0x0002e31c   Data           8  nrf_ble_gatt.o(log_const_data)
    m_nrf_log_ble_hrs_c_logs_data_const      0x0002e324   Data           8  ble_hrs_c.o(log_const_data)
    m_nrf_log_ble_rscs_c_logs_data_const     0x0002e32c   Data           8  ble_rscs_c.o(log_const_data)
    m_nrf_log_clock_logs_data_const          0x0002e334   Data           8  nrf_drv_clock.o(log_const_data)
    m_nrf_log_gpiote_logs_data_const         0x0002e33c   Data           8  nrf_drv_gpiote.o(log_const_data)
    m_nrf_log_uart_logs_data_const           0x0002e344   Data           8  nrf_drv_uart.o(log_const_data)
    m_nrf_log_balloc_logs_data_const         0x0002e34c   Data           8  nrf_balloc.o(log_const_data)
    m_nrf_log_pwr_mgmt_logs_data_const       0x0002e354   Data           8  nrf_pwr_mgmt.o(log_const_data)
    m_nrf_log_app_logs_data_const            0x0002e35c   Data           8  nrf_log_frontend.o(log_const_data)
    m_nrf_log_nrf_sdh_logs_data_const        0x0002e364   Data           8  nrf_sdh.o(log_const_data)
    m_nrf_log_nrf_sdh_ble_logs_data_const    0x0002e36c   Data           8  nrf_sdh_ble.o(log_const_data)
    m_nrf_log_nrf_sdh_soc_logs_data_const    0x0002e374   Data           8  nrf_sdh_soc.o(log_const_data)
    log_const_data$$Limit                    0x0002e37c   Number         0  nrf_sdh_soc.o(log_const_data)
    sdh_ble_observers0$$Base                 0x0002e37c   Number         0  ble_conn_state.o(sdh_ble_observers0)
    sdh_ble_observers0$$Limit                0x0002e384   Number         0  ble_conn_state.o(sdh_ble_observers0)
    sdh_ble_observers1$$Base                 0x0002e384   Number         0  main.o(sdh_ble_observers1)
    sdh_ble_observers1$$Limit                0x0002e3bc   Number         0  peer_manager.o(sdh_ble_observers1)
    sdh_ble_observers3$$Base                 0x0002e3bc   Number         0  main.o(sdh_ble_observers3)
    m_req_obs                                0x0002e3c4   Data           8  nrf_fstorage_sd.o(sdh_req_observers0)
    sdh_ble_observers3$$Limit                0x0002e3c4   Number         0  main.o(sdh_ble_observers3)
    sdh_req_observers0$$Base                 0x0002e3c4   Number         0  nrf_fstorage_sd.o(sdh_req_observers0)
    sdh_req_observers0$$Limit                0x0002e3cc   Number         0  nrf_fstorage_sd.o(sdh_req_observers0)
    sdh_soc_observers0$$Base                 0x0002e3cc   Number         0  nrf_drv_clock.o(sdh_soc_observers0)
    sdh_soc_observers0$$Limit                0x0002e3dc   Number         0  nrf_fstorage_sd.o(sdh_soc_observers0)
    sdh_soc_observers1$$Base                 0x0002e3dc   Number         0  main.o(sdh_soc_observers1)
    sdh_soc_observers1$$Limit                0x0002e3e4   Number         0  main.o(sdh_soc_observers1)
    sdh_stack_observers0$$Base               0x0002e3e4   Number         0  nrf_sdh_ble.o(sdh_stack_observers0)
    sdh_stack_observers0$$Limit              0x0002e3f4   Number         0  nrf_sdh_soc.o(sdh_stack_observers0)
    sdh_state_observers0$$Base               0x0002e3f4   Number         0  nrf_drv_clock.o(sdh_state_observers0)
    sdh_state_observers0$$Limit              0x0002e404   Number         0  nrf_fstorage_sd.o(sdh_state_observers0)
    Image$$RW_IRAM1$$Base                    0x20002c50   Number         0  anon$$obj.o ABSOLUTE
    SystemCoreClock                          0x20003358   Data           4  system_nrf52.o(.data)
    fs_data$$Base                            0x2000335c   Number         0  fds.o(fs_data)
    m_fs                                     0x2000335c   Data          20  fds.o(fs_data)
    fs_data$$Limit                           0x20003370   Number         0  fds.o(fs_data)
    log_dynamic_data$$Base                   0x20003370   Number         0  ble_db_discovery.o(log_dynamic_data)
    m_nrf_log_ble_db_disc_logs_data_dynamic  0x20003370   Data          12  ble_db_discovery.o(log_dynamic_data)
    m_nrf_log_ble_gatt_logs_data_dynamic     0x2000337c   Data          12  nrf_ble_gatt.o(log_dynamic_data)
    m_nrf_log_ble_hrs_c_logs_data_dynamic    0x20003388   Data          12  ble_hrs_c.o(log_dynamic_data)
    m_nrf_log_ble_rscs_c_logs_data_dynamic   0x20003394   Data          12  ble_rscs_c.o(log_dynamic_data)
    m_nrf_log_clock_logs_data_dynamic        0x200033a0   Data          12  nrf_drv_clock.o(log_dynamic_data)
    m_nrf_log_gpiote_logs_data_dynamic       0x200033ac   Data          12  nrf_drv_gpiote.o(log_dynamic_data)
    m_nrf_log_uart_logs_data_dynamic         0x200033b8   Data          12  nrf_drv_uart.o(log_dynamic_data)
    m_nrf_log_balloc_logs_data_dynamic       0x200033c4   Data          12  nrf_balloc.o(log_dynamic_data)
    m_nrf_log_pwr_mgmt_logs_data_dynamic     0x200033d0   Data          12  nrf_pwr_mgmt.o(log_dynamic_data)
    m_nrf_log_app_logs_data_dynamic          0x200033dc   Data          12  nrf_log_frontend.o(log_dynamic_data)
    m_nrf_log_nrf_sdh_logs_data_dynamic      0x200033e8   Data          12  nrf_sdh.o(log_dynamic_data)
    m_nrf_log_nrf_sdh_ble_logs_data_dynamic  0x200033f4   Data          12  nrf_sdh_ble.o(log_dynamic_data)
    m_nrf_log_nrf_sdh_soc_logs_data_dynamic  0x20003400   Data          12  nrf_sdh_soc.o(log_dynamic_data)
    nrf_nvic_state                           0x2000418c   Data          12  app_util_platform.o(.bss)
    _SEGGER_RTT                              0x20004878   Data         120  segger_rtt.o(.bss)
    __initial_sp                             0x20006b00   Data           0  arm_startup_nrf52.o(STACK)



==============================================================================

Memory Map of the image

  Image Entry point : 0x00023201

  Load Region LR_IROM1 (Base: 0x00023000, Size: 0x0000bbc0, Max: 0x0005d000, ABSOLUTE, COMPRESSED[0x0000b468])

    Execution Region ER_IROM1 (Base: 0x00023000, Size: 0x0000b404, Max: 0x0005d000, ABSOLUTE)

    Base Addr    Size         Type   Attr      Idx    E Section Name        Object

    0x00023000   0x00000200   Data   RO         6560    RESET               arm_startup_nrf52.o
    0x00023200   0x00000000   Code   RO         6601  * .ARM.Collect$$$$00000000  mc_w.l(entry.o)
    0x00023200   0x00000004   Code   RO         6657    .ARM.Collect$$$$00000001  mc_w.l(entry2.o)
    0x00023204   0x00000004   Code   RO         6660    .ARM.Collect$$$$00000004  mc_w.l(entry5.o)
    0x00023208   0x00000000   Code   RO         6662    .ARM.Collect$$$$00000008  mc_w.l(entry7b.o)
    0x00023208   0x00000000   Code   RO         6664    .ARM.Collect$$$$0000000A  mc_w.l(entry8b.o)
    0x00023208   0x00000008   Code   RO         6665    .ARM.Collect$$$$0000000B  mc_w.l(entry9a.o)
    0x00023210   0x00000000   Code   RO         6667    .ARM.Collect$$$$0000000D  mc_w.l(entry10a.o)
    0x00023210   0x00000000   Code   RO         6669    .ARM.Collect$$$$0000000F  mc_w.l(entry11a.o)
    0x00023210   0x00000004   Code   RO         6658    .ARM.Collect$$$$00002712  mc_w.l(entry2.o)
    0x00023214   0x0000009a   Code   RO         4425    .emb_text           fds.o
    0x000232ae   0x00000002   PAD
    0x000232b0   0x000000c8   Code   RO         4799    .emb_text           nrf_atfifo.o
    0x00023378   0x0000009a   Code   RO         5058    .emb_text           nrf_fstorage_sd.o
    0x00023412   0x00000002   PAD
    0x00023414   0x0000009a   Code   RO         5172    .emb_text           nrf_memobj.o
    0x000234ae   0x00000002   PAD
    0x000234b0   0x0000009a   Code   RO         5761    .emb_text           nrf_log_frontend.o
    0x0002354a   0x00000002   PAD
    0x0002354c   0x00000024   Code   RO         6561    .text               arm_startup_nrf52.o
    0x00023570   0x00000062   Code   RO         6609    .text               mc_w.l(uldiv.o)
    0x000235d2   0x00000002   PAD
    0x000235d4   0x00000008   Code   RO         6611    .text               mc_w.l(ctype_o.o)
    0x000235dc   0x00000040   Code   RO         6641    .text               mc_w.l(memmovea.o)
    0x0002361c   0x00000024   Code   RO         6643    .text               mc_w.l(memseta.o)
    0x00023640   0x0000000e   Code   RO         6645    .text               mc_w.l(strlen.o)
    0x0002364e   0x0000001a   Code   RO         6649    .text               mc_w.l(memcmp.o)
    0x00023668   0x00000012   Code   RO         6651    .text               mc_w.l(strcpy.o)
    0x0002367a   0x0000001e   Code   RO         6672    .text               mc_w.l(llshl.o)
    0x00023698   0x00000020   Code   RO         6674    .text               mc_w.l(llushr.o)
    0x000236b8   0x00000024   Code   RO         6677    .text               mc_w.l(init.o)
    0x000236dc   0x00000056   Code   RO         6687    .text               mc_w.l(__dczerorl2.o)
    0x00023732   0x00000002   PAD
    0x00023734   0x00000174   Code   RO         3496    i.GPIOTE_IRQHandler  nrf_drv_gpiote.o
    0x000238a8   0x00000016   Code   RO         4161    i.NVIC_ClearPendingIRQ  app_timer.o
    0x000238be   0x00000016   Code   RO         4162    i.NVIC_EnableIRQ    app_timer.o
    0x000238d4   0x00000016   Code   RO         4163    i.NVIC_SetPendingIRQ  app_timer.o
    0x000238ea   0x00000020   Code   RO         4164    i.NVIC_SetPriority  app_timer.o
    0x0002390a   0x00000002   PAD
    0x0002390c   0x00000058   Code   RO         3287    i.POWER_CLOCK_IRQHandler  nrf_drv_clock.o
    0x00023964   0x00000024   Code   RO         4165    i.RTC1_IRQHandler   app_timer.o
    0x00023988   0x00000004   Code   RO         6006    i.SEGGER_RTT_Init   segger_rtt.o
    0x0002398c   0x0000005c   Code   RO         6020    i.SEGGER_RTT_WriteNoLock  segger_rtt.o
    0x000239e8   0x00000004   Code   RO         4166    i.SWI0_EGU0_IRQHandler  app_timer.o
    0x000239ec   0x00000004   Code   RO         6348    i.SWI2_EGU2_IRQHandler  nrf_sdh.o
    0x000239f0   0x0000031c   Code   RO         6569    i.SystemInit        system_nrf52.o
    0x00023d0c   0x0000001c   Code   RO         3743    i.UARTE0_UART0_IRQHandler  nrf_drv_uart.o
    0x00023d28   0x00000068   Code   RO         6024    i._DoInit           segger_rtt.o
    0x00023d90   0x00000016   Code   RO         6025    i._GetAvailWriteSpace  segger_rtt.o
    0x00023da6   0x0000005a   Code   RO         6027    i._WriteBlocking    segger_rtt.o
    0x00023e00   0x00000042   Code   RO         6028    i._WriteNoCheck     segger_rtt.o
    0x00023e42   0x0000000e   Code   RO         6681    i.__scatterload_copy  mc_w.l(handlers.o)
    0x00023e50   0x00000002   Code   RO         6682    i.__scatterload_null  mc_w.l(handlers.o)
    0x00023e52   0x0000000e   Code   RO         6683    i.__scatterload_zeroinit  mc_w.l(handlers.o)
    0x00023e60   0x00000024   Code   RO         6349    i.__sd_nvic_app_accessible_irq  nrf_sdh.o
    0x00023e84   0x00000016   Code   RO         6350    i.__sd_nvic_is_app_accessible_priority  nrf_sdh.o
    0x00023e9a   0x00000026   Code   RO         1640    i.addr_compare      id_manager.o
    0x00023ec0   0x0000000c   Code   RO         4990    i.addr_is_aligned32  nrf_fstorage.o
    0x00023ecc   0x00000018   Code   RO         4991    i.addr_within_bounds  nrf_fstorage.o
    0x00023ee4   0x0000002e   Code   RO            4    i.adv_report_parse  main.o
    0x00023f12   0x00000002   PAD
    0x00023f14   0x00000030   Code   RO            5    i.adv_scan_start    main.o
    0x00023f44   0x00000036   Code   RO          732    i.advertising_buttons_configure  bsp_btn_ble.o
    0x00023f7a   0x00000052   Code   RO         1641    i.ah                id_manager.o
    0x00023fcc   0x00000006   Code   RO          605    i.alert_timer_handler  bsp.o
    0x00023fd2   0x00000002   PAD
    0x00023fd4   0x0000000c   Code   RO         2701    i.allow_repairing   security_dispatcher.o
    0x00023fe0   0x00000024   Code   RO         3975    i.app_button_enable  app_button.o
    0x00024004   0x00000070   Code   RO         3976    i.app_button_init   app_button.o
    0x00024074   0x00000078   Code   RO         4076    i.app_error_fault_handler  app_error_weak.o
    0x000240ec   0x00000016   Code   RO         4037    i.app_error_handler_bare  app_error.o
    0x00024102   0x00000016   Code   RO         5543    i.app_fifo_get      app_fifo.o
    0x00024118   0x00000020   Code   RO         5544    i.app_fifo_init     app_fifo.o
    0x00024138   0x0000001a   Code   RO         5546    i.app_fifo_put      app_fifo.o
    0x00024152   0x00000002   PAD
    0x00024154   0x00000024   Code   RO         4169    i.app_timer_create  app_timer.o
    0x00024178   0x00000054   Code   RO         4170    i.app_timer_init    app_timer.o
    0x000241cc   0x00000088   Code   RO         4173    i.app_timer_start   app_timer.o
    0x00024254   0x00000020   Code   RO         4174    i.app_timer_stop    app_timer.o
    0x00024274   0x00000034   Code   RO         5472    i.app_uart_get      app_uart_fifo.o
    0x000242a8   0x000000b4   Code   RO         5473    i.app_uart_init     app_uart_fifo.o
    0x0002435c   0x0000003c   Code   RO         5474    i.app_uart_put      app_uart_fifo.o
    0x00024398   0x00000048   Code   RO         4330    i.app_util_critical_region_enter  app_util_platform.o
    0x000243e0   0x00000034   Code   RO         4331    i.app_util_critical_region_exit  app_util_platform.o
    0x00024414   0x000000b8   Code   RO         3744    i.apply_config      nrf_drv_uart.o
    0x000244cc   0x000000dc   Code   RO         2702    i.auth_status_success_process  security_dispatcher.o
    0x000245a8   0x00000182   Code   RO          860    i.ble_advdata_encode  ble_advdata.o
    0x0002472a   0x00000068   Code   RO          861    i.ble_advdata_set   ble_advdata.o
    0x00024792   0x00000006   Code   RO          946    i.ble_advertising_conn_cfg_tag_set  ble_advertising.o
    0x00024798   0x00000136   Code   RO          947    i.ble_advertising_init  ble_advertising.o
    0x000248ce   0x00000068   Code   RO          949    i.ble_advertising_on_ble_evt  ble_advertising.o
    0x00024936   0x00000032   Code   RO          950    i.ble_advertising_on_sys_evt  ble_advertising.o
    0x00024968   0x000001ca   Code   RO          953    i.ble_advertising_start  ble_advertising.o
    0x00024b32   0x00000002   PAD
    0x00024b34   0x00000068   Code   RO         1038    i.ble_conn_params_init  ble_conn_params.o
    0x00024b9c   0x00000010   Code   RO         1121    i.ble_conn_state_conn_handles  ble_conn_state.o
    0x00024bac   0x00000010   Code   RO         1123    i.ble_conn_state_encrypted  ble_conn_state.o
    0x00024bbc   0x00000010   Code   RO         1126    i.ble_conn_state_n_centrals  ble_conn_state.o
    0x00024bcc   0x00000030   Code   RO         1130    i.ble_conn_state_role  ble_conn_state.o
    0x00024bfc   0x0000002c   Code   RO         1132    i.ble_conn_state_user_flag_acquire  ble_conn_state.o
    0x00024c28   0x0000001c   Code   RO         1133    i.ble_conn_state_user_flag_collection  ble_conn_state.o
    0x00024c44   0x0000002c   Code   RO         1134    i.ble_conn_state_user_flag_get  ble_conn_state.o
    0x00024c70   0x00000030   Code   RO         1135    i.ble_conn_state_user_flag_set  ble_conn_state.o
    0x00024ca0   0x00000040   Code   RO         1272    i.ble_db_discovery_evt_register  ble_db_discovery.o
    0x00024ce0   0x0000001c   Code   RO         1273    i.ble_db_discovery_init  ble_db_discovery.o
    0x00024cfc   0x00000090   Code   RO         1274    i.ble_db_discovery_on_ble_evt  ble_db_discovery.o
    0x00024d8c   0x00000028   Code   RO         1275    i.ble_db_discovery_start  ble_db_discovery.o
    0x00024db4   0x00000060   Code   RO          862    i.ble_device_addr_encode  ble_advdata.o
    0x00024e14   0x00000060   Code   RO            7    i.ble_evt_handler   main.o
    0x00024e74   0x00000070   Code   RO          733    i.ble_evt_handler   bsp_btn_ble.o
    0x00024ee4   0x000000fc   Code   RO         1040    i.ble_evt_handler   ble_conn_params.o
    0x00024fe0   0x0000010c   Code   RO         1137    i.ble_evt_handler   ble_conn_state.o
    0x000250ec   0x00000028   Code   RO         2322    i.ble_evt_handler   peer_manager.o
    0x00025114   0x00000014   Code   RO         3082    i.ble_hrs_c_handles_assign  ble_hrs_c.o
    0x00025128   0x0000004c   Code   RO         3083    i.ble_hrs_c_hrm_notif_enable  ble_hrs_c.o
    0x00025174   0x00000030   Code   RO         3084    i.ble_hrs_c_init    ble_hrs_c.o
    0x000251a4   0x00000040   Code   RO         3085    i.ble_hrs_c_on_ble_evt  ble_hrs_c.o
    0x000251e4   0x0000005c   Code   RO         2990    i.ble_hrs_heart_rate_measurement_send  ble_hrs.o
    0x00025240   0x0000005e   Code   RO         2991    i.ble_hrs_init      ble_hrs.o
    0x0002529e   0x00000050   Code   RO         2992    i.ble_hrs_on_ble_evt  ble_hrs.o
    0x000252ee   0x00000002   PAD
    0x000252f0   0x0000007c   Code   RO         3086    i.ble_hrs_on_db_disc_evt  ble_hrs_c.o
    0x0002536c   0x00000014   Code   RO         3215    i.ble_rscs_c_handles_assign  ble_rscs_c.o
    0x00025380   0x00000030   Code   RO         3216    i.ble_rscs_c_init   ble_rscs_c.o
    0x000253b0   0x00000040   Code   RO         3217    i.ble_rscs_c_on_ble_evt  ble_rscs_c.o
    0x000253f0   0x00000058   Code   RO         3218    i.ble_rscs_c_rsc_notif_enable  ble_rscs_c.o
    0x00025448   0x0000004c   Code   RO         3157    i.ble_rscs_init     ble_rscs.o
    0x00025494   0x00000064   Code   RO         3158    i.ble_rscs_measurement_send  ble_rscs.o
    0x000254f8   0x00000058   Code   RO         3159    i.ble_rscs_on_ble_evt  ble_rscs.o
    0x00025550   0x0000007e   Code   RO         3219    i.ble_rscs_on_db_disc_evt  ble_rscs_c.o
    0x000255ce   0x00000008   Code   RO         1393    i.ble_srv_is_notification_enabled  ble_srv_common.o
    0x000255d6   0x00000086   Code   RO         2998    i.body_sensor_location_char_add  ble_hrs.o
    0x0002565c   0x00000020   Code   RO          491    i.bsp_board_button_state_get  boards.o
    0x0002567c   0x00000024   Code   RO          494    i.bsp_board_led_invert  boards.o
    0x000256a0   0x00000010   Code   RO          495    i.bsp_board_led_off  boards.o
    0x000256b0   0x00000010   Code   RO          496    i.bsp_board_led_on  boards.o
    0x000256c0   0x00000020   Code   RO          497    i.bsp_board_led_state_get  boards.o
    0x000256e0   0x0000002c   Code   RO          498    i.bsp_board_leds_init  boards.o
    0x0002570c   0x00000012   Code   RO          499    i.bsp_board_leds_off  boards.o
    0x0002571e   0x00000012   Code   RO          500    i.bsp_board_leds_on  boards.o
    0x00025730   0x00000024   Code   RO          501    i.bsp_board_pin_to_button_idx  boards.o
    0x00025754   0x00000038   Code   RO          734    i.bsp_btn_ble_init  bsp_btn_ble.o
    0x0002578c   0x00000090   Code   RO          606    i.bsp_button_event_handler  bsp.o
    0x0002581c   0x00000004   Code   RO          607    i.bsp_button_is_pressed  bsp.o
    0x00025820   0x00000044   Code   RO          610    i.bsp_event_to_button_action_assign  bsp.o
    0x00025864   0x00000094   Code   RO          612    i.bsp_init          bsp.o
    0x000258f8   0x000001b8   Code   RO          613    i.bsp_led_indication  bsp.o
    0x00025ab0   0x00000064   Code   RO         5762    i.buf_prealloc      nrf_log_frontend.o
    0x00025b14   0x0000001e   Code   RO         4953    i.buffer_add        nrf_fprintf_format.o
    0x00025b32   0x00000002   PAD
    0x00025b34   0x00000014   Code   RO         5763    i.buffer_is_empty   nrf_log_frontend.o
    0x00025b48   0x00000008   Code   RO          616    i.button_timer_handler  bsp.o
    0x00025b50   0x0000001c   Code   RO         3497    i.channel_free      nrf_drv_gpiote.o
    0x00025b6c   0x00000048   Code   RO         3498    i.channel_port_alloc  nrf_drv_gpiote.o
    0x00025bb4   0x00000010   Code   RO         3499    i.channel_port_get  nrf_drv_gpiote.o
    0x00025bc4   0x00000042   Code   RO         1276    i.characteristics_discover  ble_db_discovery.o
    0x00025c06   0x00000038   Code   RO         2232    i.claim             peer_id.o
    0x00025c3e   0x00000002   PAD
    0x00025c40   0x00000028   Code   RO         3288    i.clock_clk_started_notify  nrf_drv_clock.o
    0x00025c68   0x000000ac   Code   RO         4176    i.compare_reg_update  app_timer.o
    0x00025d14   0x00000088   Code   RO          863    i.conn_int_encode   ble_advdata.o
    0x00025d9c   0x00000004   Code   RO            8    i.conn_params_error_handler  main.o
    0x00025da0   0x00000048   Code   RO         1041    i.conn_params_negotiation  ble_conn_params.o
    0x00025de8   0x00000044   Code   RO         2703    i.conn_sec_failure  security_dispatcher.o
    0x00025e2c   0x00000020   Code   RO            9    i.db_disc_handler   main.o
    0x00025e4c   0x00000080   Code   RO         4426    i.delete_execute    fds.o
    0x00025ecc   0x0000008c   Code   RO         1277    i.descriptors_discover  ble_db_discovery.o
    0x00025f58   0x00000060   Code   RO         3978    i.detection_delay_timeout_handler  app_button.o
    0x00025fb8   0x00000090   Code   RO         1278    i.discovery_complete_evt_trigger  ble_db_discovery.o
    0x00026048   0x0000003c   Code   RO         1279    i.discovery_error_evt_trigger  ble_db_discovery.o
    0x00026084   0x0000005c   Code   RO         1280    i.discovery_start   ble_db_discovery.o
    0x000260e0   0x00000040   Code   RO         4177    i.elapsed_ticks_acquire  app_timer.o
    0x00026120   0x0000000a   Code   RO         2704    i.encryption_failure  security_dispatcher.o
    0x0002612a   0x00000002   PAD
    0x0002612c   0x0000004c   Code   RO         5059    i.erase             nrf_fstorage_sd.o
    0x00026178   0x00000074   Code   RO         4427    i.event_prepare     fds.o
    0x000261ec   0x00000020   Code   RO         4428    i.event_send        fds.o
    0x0002620c   0x0000004e   Code   RO         5060    i.event_send        nrf_fstorage_sd.o
    0x0002625a   0x00000074   Code   RO         2844    i.events_send_from_err_code  security_manager.o
    0x000262ce   0x00000002   PAD
    0x000262d0   0x0000001c   Code   RO         1450    i.evt_send          gatt_cache_manager.o
    0x000262ec   0x0000002c   Code   RO         2323    i.evt_send          peer_manager.o
    0x00026318   0x0000001c   Code   RO         2705    i.evt_send          security_dispatcher.o
    0x00026334   0x0000000c   Code   RO         2845    i.evt_send          security_manager.o
    0x00026340   0x000000d8   Code   RO         1922    i.fds_evt_handler   peer_data_storage.o
    0x00026418   0x00000044   Code   RO         4430    i.fds_file_delete   fds.o
    0x0002645c   0x0000003c   Code   RO         4431    i.fds_gc            fds.o
    0x00026498   0x000000d4   Code   RO         4432    i.fds_init          fds.o
    0x0002656c   0x00000040   Code   RO         4433    i.fds_record_close  fds.o
    0x000265ac   0x0000000e   Code   RO         4435    i.fds_record_find   fds.o
    0x000265ba   0x00000010   Code   RO         4436    i.fds_record_find_by_key  fds.o
    0x000265ca   0x00000010   Code   RO         4437    i.fds_record_find_in_file  fds.o
    0x000265da   0x00000010   Code   RO         4438    i.fds_record_id_from_desc  fds.o
    0x000265ea   0x00000002   PAD
    0x000265ec   0x00000048   Code   RO         4440    i.fds_record_open   fds.o
    0x00026634   0x0000000e   Code   RO         4441    i.fds_record_update  fds.o
    0x00026642   0x00000008   Code   RO         4442    i.fds_record_write  fds.o
    0x0002664a   0x0000000c   Code   RO         4443    i.fds_record_write_reserved  fds.o
    0x00026656   0x00000002   PAD
    0x00026658   0x00000030   Code   RO         4444    i.fds_register      fds.o
    0x00026688   0x00000030   Code   RO         4445    i.fds_reserve       fds.o
    0x000266b8   0x00000048   Code   RO         4446    i.fds_reserve_cancel  fds.o
    0x00026700   0x00000014   Code   RO         5549    i.fifo_get          app_fifo.o
    0x00026714   0x00000012   Code   RO         5550    i.fifo_put          app_fifo.o
    0x00026726   0x00000014   Code   RO         1923    i.file_id_within_pm_range  peer_data_storage.o
    0x0002673a   0x00000062   Code   RO           10    i.find_adv_uuid     main.o
    0x0002679c   0x00000012   Code   RO         2706    i.flag_id_init      security_dispatcher.o
    0x000267ae   0x00000012   Code   RO         2846    i.flag_id_init      security_manager.o
    0x000267c0   0x00000054   Code   RO         2847    i.flags_set_from_err_code  security_manager.o
    0x00026814   0x00000006   Code   RO         4448    i.fs_event_handler  fds.o
    0x0002681a   0x00000002   PAD
    0x0002681c   0x00000074   Code   RO         4449    i.gc_execute        fds.o
    0x00026890   0x0000004c   Code   RO         4450    i.gc_next_page      fds.o
    0x000268dc   0x00000040   Code   RO         4451    i.gc_page_erase     fds.o
    0x0002691c   0x00000034   Code   RO         4452    i.gc_record_copy    fds.o
    0x00026950   0x00000024   Code   RO         4453    i.gc_record_find_next  fds.o
    0x00026974   0x00000088   Code   RO         4454    i.gc_state_advance  fds.o
    0x000269fc   0x00000098   Code   RO         1451    i.gcm_ble_evt_handler  gatt_cache_manager.o
    0x00026a94   0x00000030   Code   RO         1452    i.gcm_im_evt_handler  gatt_cache_manager.o
    0x00026ac4   0x00000050   Code   RO         1453    i.gcm_init          gatt_cache_manager.o
    0x00026b14   0x00000050   Code   RO         1454    i.gcm_local_database_has_changed  gatt_cache_manager.o
    0x00026b64   0x0000007c   Code   RO         1456    i.gcm_pdb_evt_handler  gatt_cache_manager.o
    0x00026be0   0x00000038   Code   RO         1642    i.get_connection_by_conn_handle  id_manager.o
    0x00026c18   0x00000030   Code   RO         1643    i.get_free_connection  id_manager.o
    0x00026c48   0x00000058   Code   RO         3979    i.gpiote_event_handler  app_button.o
    0x00026ca0   0x0000001c   Code   RO         1558    i.gscm_db_change_notification_done  gatts_cache_manager.o
    0x00026cbc   0x00000014   Code   RO         1559    i.gscm_init         gatts_cache_manager.o
    0x00026cd0   0x0000001c   Code   RO         1560    i.gscm_local_database_has_changed  gatts_cache_manager.o
    0x00026cec   0x0000006a   Code   RO         1561    i.gscm_local_db_cache_apply  gatts_cache_manager.o
    0x00026d56   0x00000082   Code   RO         1562    i.gscm_local_db_cache_update  gatts_cache_manager.o
    0x00026dd8   0x00000018   Code   RO         1563    i.gscm_pdb_evt_handler  gatts_cache_manager.o
    0x00026df0   0x0000001e   Code   RO         1564    i.gscm_service_changed_ind_needed  gatts_cache_manager.o
    0x00026e0e   0x00000002   PAD
    0x00026e10   0x00000038   Code   RO         1565    i.gscm_service_changed_ind_send  gatts_cache_manager.o
    0x00026e48   0x00000026   Code   RO         4455    i.header_check      fds.o
    0x00026e6e   0x00000012   Code   RO         4456    i.header_has_next   fds.o
    0x00026e80   0x000000c2   Code   RO         2999    i.heart_rate_measurement_char_add  ble_hrs.o
    0x00026f42   0x00000002   PAD
    0x00026f44   0x00000098   Code   RO         3000    i.hrm_encode        ble_hrs.o
    0x00026fdc   0x000000cc   Code   RO           11    i.hrs_c_evt_handler  main.o
    0x000270a8   0x00000046   Code   RO         1644    i.im_address_resolve  id_manager.o
    0x000270ee   0x00000002   PAD
    0x000270f0   0x00000030   Code   RO         1645    i.im_ble_addr_get   id_manager.o
    0x00027120   0x000000c8   Code   RO         1646    i.im_ble_evt_handler  id_manager.o
    0x000271e8   0x0000002c   Code   RO         1647    i.im_conn_handle_get  id_manager.o
    0x00027214   0x00000038   Code   RO         1649    i.im_find_duplicate_bonding_data  id_manager.o
    0x0002724c   0x00000040   Code   RO         1652    i.im_init           id_manager.o
    0x0002728c   0x00000072   Code   RO         1653    i.im_is_duplicate_bonding_data  id_manager.o
    0x000272fe   0x00000018   Code   RO         1654    i.im_master_id_is_valid  id_manager.o
    0x00027316   0x0000002a   Code   RO         1655    i.im_master_ids_compare  id_manager.o
    0x00027340   0x00000004   Code   RO         1656    i.im_new_peer_id    id_manager.o
    0x00027344   0x00000026   Code   RO         1657    i.im_peer_free      id_manager.o
    0x0002736a   0x00000002   PAD
    0x0002736c   0x00000020   Code   RO         1658    i.im_peer_id_get_by_conn_handle  id_manager.o
    0x0002738c   0x0000003c   Code   RO         1659    i.im_peer_id_get_by_master_id  id_manager.o
    0x000273c8   0x00000038   Code   RO         5061    i.init              nrf_fstorage_sd.o
    0x00027400   0x000000c8   Code   RO         4457    i.init_execute      fds.o
    0x000274c8   0x00000014   Code   RO         1042    i.instance_get      ble_conn_params.o
    0x000274dc   0x000000a6   Code   RO         4954    i.int_print         nrf_fprintf_format.o
    0x00027582   0x00000002   PAD
    0x00027584   0x00000078   Code   RO         3745    i.interrupts_enable  nrf_drv_uart.o
    0x000275fc   0x00000010   Code   RO         5062    i.is_busy           nrf_fstorage_sd.o
    0x0002760c   0x00000044   Code   RO         1043    i.is_conn_params_ok  ble_conn_params.o
    0x00027650   0x0000004c   Code   RO         1281    i.is_desc_discovery_reqd  ble_db_discovery.o
    0x0002769c   0x00000014   Code   RO         1664    i.is_valid_irk      id_manager.o
    0x000276b0   0x0000000c   Code   RO         4458    i.is_word_aligned   fds.o
    0x000276bc   0x00000030   Code   RO          617    i.leds_off          bsp.o
    0x000276ec   0x00000014   Code   RO          618    i.leds_timer_handler  bsp.o
    0x00027700   0x00000028   Code   RO         3291    i.lfclk_stop        nrf_drv_clock.o
    0x00027728   0x00000014   Code   RO         1828    i.link_init         nrf_ble_gatt.o
    0x0002773c   0x000000b4   Code   RO         2848    i.link_secure       security_manager.o
    0x000277f0   0x0000007c   Code   RO         2707    i.link_secure_central_encryption  security_dispatcher.o
    0x0002786c   0x000000a8   Code   RO         2708    i.link_secure_central_pairing  security_dispatcher.o
    0x00027914   0x0000008c   Code   RO         2709    i.link_secure_failure  security_dispatcher.o
    0x000279a0   0x0000005c   Code   RO         2849    i.link_secure_pending_process  security_manager.o
    0x000279fc   0x000000f8   Code   RO         4178    i.list_insertions_handler  app_timer.o
    0x00027af4   0x00000068   Code   RO         1457    i.local_db_apply_in_evt  gatt_cache_manager.o
    0x00027b5c   0x00000010   Code   RO         1458    i.local_db_update   gatt_cache_manager.o
    0x00027b6c   0x00000032   Code   RO         2648    i.lock_by_mask      pm_mutex.o
    0x00027b9e   0x00000002   PAD
    0x00027ba0   0x00000094   Code   RO         5765    i.log_skip          nrf_log_frontend.o
    0x00027c34   0x0000024c   Code   RO           12    i.main              main.o
    0x00027e80   0x00000064   Code   RO          864    i.manuf_specific_data_encode  ble_advdata.o
    0x00027ee4   0x00000076   Code   RO         5173    i.memobj_op         nrf_memobj.o
    0x00027f5a   0x00000002   PAD
    0x00027f5c   0x00000034   Code   RO         5766    i.module_idx_get    nrf_log_frontend.o
    0x00027f90   0x0000009c   Code   RO          865    i.name_encode       ble_advdata.o
    0x0002802c   0x00000058   Code   RO         1665    i.new_connection    id_manager.o
    0x00028084   0x00000014   Code   RO         2850    i.new_context_get   security_manager.o
    0x00028098   0x00000030   Code   RO         2233    i.next_id_get       peer_id.o
    0x000280c8   0x00000010   Code   RO         4801    i.nrf_atfifo_clear  nrf_atfifo.o
    0x000280d8   0x00000026   Code   RO         4803    i.nrf_atfifo_init   nrf_atfifo.o
    0x000280fe   0x00000016   Code   RO         4804    i.nrf_atfifo_item_alloc  nrf_atfifo.o
    0x00028114   0x00000016   Code   RO         4805    i.nrf_atfifo_item_free  nrf_atfifo.o
    0x0002812a   0x00000016   Code   RO         4806    i.nrf_atfifo_item_get  nrf_atfifo.o
    0x00028140   0x00000016   Code   RO         4807    i.nrf_atfifo_item_put  nrf_atfifo.o
    0x00028156   0x0000000e   Code   RO         5767    i.nrf_atomic_flag_set  nrf_log_frontend.o
    0x00028164   0x0000000c   Code   RO         4459    i.nrf_atomic_u32_add  fds.o
    0x00028170   0x00000044   Code   RO         4869    i.nrf_balloc_alloc  nrf_balloc.o
    0x000281b4   0x00000030   Code   RO         4870    i.nrf_balloc_free   nrf_balloc.o
    0x000281e4   0x00000030   Code   RO         4871    i.nrf_balloc_init   nrf_balloc.o
    0x00028214   0x00000010   Code   RO         3500    i.nrf_bitmask_bit_is_set  nrf_drv_gpiote.o
    0x00028224   0x0000002c   Code   RO         1834    i.nrf_ble_gatt_init  nrf_ble_gatt.o
    0x00028250   0x00000160   Code   RO         1835    i.nrf_ble_gatt_on_ble_evt  nrf_ble_gatt.o
    0x000283b0   0x0000000e   Code   RO         3292    i.nrf_clock_event_check  nrf_drv_clock.o
    0x000283be   0x00000010   Code   RO         3293    i.nrf_clock_event_clear  nrf_drv_clock.o
    0x000283ce   0x00000002   PAD
    0x000283d0   0x0000008c   Code   RO         4179    i.nrf_delay_us      app_timer.o
    0x0002845c   0x00000048   Code   RO         3300    i.nrf_drv_clock_init  nrf_drv_clock.o
    0x000284a4   0x0000002c   Code   RO         3304    i.nrf_drv_clock_lfclk_release  nrf_drv_clock.o
    0x000284d0   0x00000038   Code   RO         3460    i.nrf_drv_common_irq_enable  nrf_drv_common.o
    0x00028508   0x00000006   Code   RO         3747    i.nrf_drv_get_IRQn  nrf_drv_uart.o
    0x0002850e   0x00000002   PAD
    0x00028510   0x000000a4   Code   RO         3505    i.nrf_drv_gpiote_in_event_enable  nrf_drv_gpiote.o
    0x000285b4   0x000000b8   Code   RO         3506    i.nrf_drv_gpiote_in_init  nrf_drv_gpiote.o
    0x0002866c   0x00000014   Code   RO         3507    i.nrf_drv_gpiote_in_is_set  nrf_drv_gpiote.o
    0x00028680   0x0000005c   Code   RO         3509    i.nrf_drv_gpiote_init  nrf_drv_gpiote.o
    0x000286dc   0x00000014   Code   RO         3510    i.nrf_drv_gpiote_is_init  nrf_drv_gpiote.o
    0x000286f0   0x00000010   Code   RO         3748    i.nrf_drv_is_in_RAM  nrf_drv_uart.o
    0x00028700   0x00000068   Code   RO         3750    i.nrf_drv_uart_init  nrf_drv_uart.o
    0x00028768   0x000000b0   Code   RO         3751    i.nrf_drv_uart_rx   nrf_drv_uart.o
    0x00028818   0x00000030   Code   RO         3754    i.nrf_drv_uart_rx_enable  nrf_drv_uart.o
    0x00028848   0x000000a8   Code   RO         3755    i.nrf_drv_uart_rx_for_uart  nrf_drv_uart.o
    0x000288f0   0x000000b0   Code   RO         3756    i.nrf_drv_uart_rx_for_uarte  nrf_drv_uart.o
    0x000289a0   0x0000010c   Code   RO         3758    i.nrf_drv_uart_tx   nrf_drv_uart.o
    0x00028aac   0x00000018   Code   RO         3760    i.nrf_drv_uart_tx_in_progress  nrf_drv_uart.o
    0x00028ac4   0x0000001a   Code   RO         4910    i.nrf_fprintf       nrf_fprintf.o
    0x00028ade   0x00000018   Code   RO         4911    i.nrf_fprintf_buffer_flush  nrf_fprintf.o
    0x00028af6   0x000001da   Code   RO         4955    i.nrf_fprintf_fmt   nrf_fprintf_format.o
    0x00028cd0   0x0000004e   Code   RO         4992    i.nrf_fstorage_erase  nrf_fstorage.o
    0x00028d1e   0x00000010   Code   RO         4993    i.nrf_fstorage_init  nrf_fstorage.o
    0x00028d2e   0x00000002   PAD
    0x00028d30   0x00000050   Code   RO         4994    i.nrf_fstorage_is_busy  nrf_fstorage.o
    0x00028d80   0x00000018   Code   RO         5063    i.nrf_fstorage_sdh_req_handler  nrf_fstorage_sd.o
    0x00028d98   0x00000020   Code   RO         5064    i.nrf_fstorage_sdh_state_handler  nrf_fstorage_sd.o
    0x00028db8   0x000000a4   Code   RO         5065    i.nrf_fstorage_sys_evt_handler  nrf_fstorage_sd.o
    0x00028e5c   0x00000066   Code   RO         4999    i.nrf_fstorage_write  nrf_fstorage.o
    0x00028ec2   0x00000024   Code   RO          503    i.nrf_gpio_cfg      boards.o
    0x00028ee6   0x00000024   Code   RO         3524    i.nrf_gpio_cfg      nrf_drv_gpiote.o
    0x00028f0a   0x00000024   Code   RO         3762    i.nrf_gpio_cfg      nrf_drv_uart.o
    0x00028f2e   0x00000012   Code   RO         3764    i.nrf_gpio_cfg_input  nrf_drv_uart.o
    0x00028f40   0x00000014   Code   RO         3765    i.nrf_gpio_cfg_output  nrf_drv_uart.o
    0x00028f54   0x00000022   Code   RO         3526    i.nrf_gpio_cfg_sense_set  nrf_drv_gpiote.o
    0x00028f76   0x00000016   Code   RO          504    i.nrf_gpio_pin_write  boards.o
    0x00028f8c   0x00000028   Code   RO         3527    i.nrf_gpio_ports_read  nrf_drv_gpiote.o
    0x00028fb4   0x00000014   Code   RO         3528    i.nrf_gpiote_event_clear  nrf_drv_gpiote.o
    0x00028fc8   0x00000010   Code   RO         3529    i.nrf_gpiote_event_is_set  nrf_drv_gpiote.o
    0x00028fd8   0x00000050   Code   RO         5768    i.nrf_log_backend_add  nrf_log_frontend.o
    0x00029028   0x00000002   Code   RO         5612    i.nrf_log_backend_rtt_flush  nrf_log_backend_rtt.o
    0x0002902a   0x00000004   Code   RO         5613    i.nrf_log_backend_rtt_init  nrf_log_backend_rtt.o
    0x0002902e   0x00000002   Code   RO         5614    i.nrf_log_backend_rtt_panic_set  nrf_log_backend_rtt.o
    0x00029030   0x00000018   Code   RO         5615    i.nrf_log_backend_rtt_put  nrf_log_backend_rtt.o
    0x00029048   0x000000d2   Code   RO         5676    i.nrf_log_backend_serial_put  nrf_log_backend_serial.o
    0x0002911a   0x00000002   PAD
    0x0002911c   0x00000030   Code   RO         5770    i.nrf_log_color_id_get  nrf_log_frontend.o
    0x0002914c   0x0000001c   Code   RO         5728    i.nrf_log_default_backends_init  nrf_log_default_backends.o
    0x00029168   0x000001f0   Code   RO         5771    i.nrf_log_frontend_dequeue  nrf_log_frontend.o
    0x00029358   0x00000008   Code   RO         5773    i.nrf_log_frontend_std_0  nrf_log_frontend.o
    0x00029360   0x0000000e   Code   RO         5774    i.nrf_log_frontend_std_1  nrf_log_frontend.o
    0x0002936e   0x00000010   Code   RO         5775    i.nrf_log_frontend_std_2  nrf_log_frontend.o
    0x0002937e   0x00000012   Code   RO         5776    i.nrf_log_frontend_std_3  nrf_log_frontend.o
    0x00029390   0x000000ac   Code   RO         5953    i.nrf_log_hexdump_entry_process  nrf_log_str_formatter.o
    0x0002943c   0x0000005c   Code   RO         5780    i.nrf_log_init      nrf_log_frontend.o
    0x00029498   0x00000014   Code   RO         5781    i.nrf_log_module_cnt_get  nrf_log_frontend.o
    0x000294ac   0x0000001c   Code   RO         5784    i.nrf_log_module_name_get  nrf_log_frontend.o
    0x000294c8   0x00000028   Code   RO         5785    i.nrf_log_panic     nrf_log_frontend.o
    0x000294f0   0x000000b6   Code   RO         5954    i.nrf_log_std_entry_process  nrf_log_str_formatter.o
    0x000295a6   0x00000060   Code   RO         5174    i.nrf_memobj_alloc  nrf_memobj.o
    0x00029606   0x00000032   Code   RO         5175    i.nrf_memobj_free   nrf_memobj.o
    0x00029638   0x0000000e   Code   RO         5176    i.nrf_memobj_get    nrf_memobj.o
    0x00029646   0x00000004   Code   RO         5177    i.nrf_memobj_pool_init  nrf_memobj.o
    0x0002964a   0x00000022   Code   RO         5178    i.nrf_memobj_put    nrf_memobj.o
    0x0002966c   0x0000000c   Code   RO         5179    i.nrf_memobj_read   nrf_memobj.o
    0x00029678   0x0000000c   Code   RO         5180    i.nrf_memobj_write  nrf_memobj.o
    0x00029684   0x00000014   Code   RO         6479    i.nrf_sdh_ble_app_ram_start_get  nrf_sdh_ble.o
    0x00029698   0x00000104   Code   RO         6480    i.nrf_sdh_ble_default_cfg_set  nrf_sdh_ble.o
    0x0002979c   0x000000d8   Code   RO         6481    i.nrf_sdh_ble_enable  nrf_sdh_ble.o
    0x00029874   0x00000050   Code   RO         6482    i.nrf_sdh_ble_evts_poll  nrf_sdh_ble.o
    0x000298c4   0x0000003c   Code   RO         6351    i.nrf_sdh_disable_request  nrf_sdh.o
    0x00029900   0x0000006c   Code   RO         6352    i.nrf_sdh_enable_request  nrf_sdh.o
    0x0002996c   0x00000024   Code   RO         6353    i.nrf_sdh_evts_poll  nrf_sdh.o
    0x00029990   0x0000000c   Code   RO         6354    i.nrf_sdh_is_enabled  nrf_sdh.o
    0x0002999c   0x0000001c   Code   RO         6356    i.nrf_sdh_request_continue  nrf_sdh.o
    0x000299b8   0x0000003c   Code   RO         6529    i.nrf_sdh_soc_evts_poll  nrf_sdh_soc.o
    0x000299f4   0x0000000a   Code   RO         5337    i.nrf_section_iter_init  nrf_section_iter.o
    0x000299fe   0x00000024   Code   RO         5338    i.nrf_section_iter_item_set  nrf_section_iter.o
    0x00029a22   0x00000020   Code   RO         5339    i.nrf_section_iter_next  nrf_section_iter.o
    0x00029a42   0x00000002   PAD
    0x00029a44   0x00000038   Code   RO         5372    i.nrf_strerror_find  nrf_strerror.o
    0x00029a7c   0x00000014   Code   RO         5373    i.nrf_strerror_get  nrf_strerror.o
    0x00029a90   0x0000000a   Code   RO         3766    i.nrf_uart_event_check  nrf_drv_uart.o
    0x00029a9a   0x0000000c   Code   RO         3767    i.nrf_uart_event_clear  nrf_drv_uart.o
    0x00029aa6   0x0000000c   Code   RO         3768    i.nrf_uart_int_enable_check  nrf_drv_uart.o
    0x00029ab2   0x0000000a   Code   RO         3769    i.nrf_uarte_event_check  nrf_drv_uart.o
    0x00029abc   0x0000000c   Code   RO         3770    i.nrf_uarte_event_clear  nrf_drv_uart.o
    0x00029ac8   0x00000054   Code   RO           13    i.on_adv_evt        main.o
    0x00029b1c   0x000002f4   Code   RO           14    i.on_ble_central_evt  main.o
    0x00029e10   0x0000010c   Code   RO           15    i.on_ble_peripheral_evt  main.o
    0x00029f1c   0x00000114   Code   RO         1282    i.on_characteristic_discovery_rsp  ble_db_discovery.o
    0x0002a030   0x0000009c   Code   RO         1836    i.on_connected_evt  nrf_ble_gatt.o
    0x0002a0cc   0x000000f0   Code   RO         1283    i.on_descriptor_discovery_rsp  ble_db_discovery.o
    0x0002a1bc   0x00000074   Code   RO         1837    i.on_exchange_mtu_request_evt  nrf_ble_gatt.o
    0x0002a230   0x00000072   Code   RO         3087    i.on_hvx            ble_hrs_c.o
    0x0002a2a2   0x00000078   Code   RO         3220    i.on_hvx            ble_rscs_c.o
    0x0002a31a   0x00000002   PAD
    0x0002a31c   0x0000006c   Code   RO         1284    i.on_primary_srv_discovery_rsp  ble_db_discovery.o
    0x0002a388   0x0000007c   Code   RO         1285    i.on_srv_disc_completion  ble_db_discovery.o
    0x0002a404   0x00000024   Code   RO         4460    i.page_identify     fds.o
    0x0002a428   0x00000012   Code   RO         4461    i.page_offsets_update  fds.o
    0x0002a43a   0x00000002   PAD
    0x0002a43c   0x0000006c   Code   RO         4462    i.page_scan         fds.o
    0x0002a4a8   0x0000001c   Code   RO         4463    i.page_tag_write_data  fds.o
    0x0002a4c4   0x00000024   Code   RO         4464    i.page_tag_write_swap  fds.o
    0x0002a4e8   0x0000011c   Code   RO         4465    i.pages_init        fds.o
    0x0002a604   0x0000000c   Code   RO         2710    i.pairing           security_dispatcher.o
    0x0002a610   0x0000003e   Code   RO         2851    i.params_reply_pending_process  security_manager.o
    0x0002a64e   0x00000028   Code   RO         2852    i.params_req_send   security_manager.o
    0x0002a676   0x00000002   PAD
    0x0002a678   0x0000001c   Code   RO         2064    i.pdb_evt_send      peer_database.o
    0x0002a694   0x00000048   Code   RO         2065    i.pdb_init          peer_database.o
    0x0002a6dc   0x00000004   Code   RO         2067    i.pdb_next_deleted_peer_id_get  peer_database.o
    0x0002a6e0   0x00000004   Code   RO         2068    i.pdb_next_peer_id_get  peer_database.o
    0x0002a6e4   0x00000078   Code   RO         2069    i.pdb_pds_evt_handler  peer_database.o
    0x0002a75c   0x00000004   Code   RO         2070    i.pdb_peer_allocate  peer_database.o
    0x0002a760   0x00000010   Code   RO         2071    i.pdb_peer_data_load  peer_database.o
    0x0002a770   0x00000006   Code   RO         2072    i.pdb_peer_data_ptr_get  peer_database.o
    0x0002a776   0x00000044   Code   RO         2073    i.pdb_peer_free     peer_database.o
    0x0002a7ba   0x00000008   Code   RO         2074    i.pdb_raw_store     peer_database.o
    0x0002a7c2   0x00000002   PAD
    0x0002a7c4   0x00000104   Code   RO         2075    i.pdb_write_buf_get  peer_database.o
    0x0002a8c8   0x00000028   Code   RO         2076    i.pdb_write_buf_release  peer_database.o
    0x0002a8f0   0x00000028   Code   RO         2077    i.pdb_write_buf_store  peer_database.o
    0x0002a918   0x00000068   Code   RO         2078    i.pdb_write_buf_store_prepare  peer_database.o
    0x0002a980   0x00000010   Code   RO         1924    i.pds_evt_send      peer_data_storage.o
    0x0002a990   0x0000006c   Code   RO         1925    i.pds_init          peer_data_storage.o
    0x0002a9fc   0x00000004   Code   RO         1926    i.pds_next_deleted_peer_id_get  peer_data_storage.o
    0x0002aa00   0x00000004   Code   RO         1927    i.pds_next_peer_id_get  peer_data_storage.o
    0x0002aa04   0x00000058   Code   RO         1930    i.pds_peer_data_iterate  peer_data_storage.o
    0x0002aa5c   0x00000010   Code   RO         1931    i.pds_peer_data_iterate_prepare  peer_data_storage.o
    0x0002aa6c   0x00000068   Code   RO         1932    i.pds_peer_data_read  peer_data_storage.o
    0x0002aad4   0x00000096   Code   RO         1933    i.pds_peer_data_store  peer_data_storage.o
    0x0002ab6a   0x00000008   Code   RO         1934    i.pds_peer_id_allocate  peer_data_storage.o
    0x0002ab72   0x00000016   Code   RO         1935    i.pds_peer_id_free  peer_data_storage.o
    0x0002ab88   0x00000004   Code   RO         1936    i.pds_peer_id_is_allocated  peer_data_storage.o
    0x0002ab8c   0x0000002e   Code   RO         1937    i.pds_space_reserve  peer_data_storage.o
    0x0002abba   0x00000010   Code   RO         1938    i.pds_space_reserve_cancel  peer_data_storage.o
    0x0002abca   0x00000002   PAD
    0x0002abcc   0x0000000c   Code   RO         2711    i.peer_created      security_dispatcher.o
    0x0002abd8   0x00000006   Code   RO         2079    i.peer_data_const_point_to_buffer  peer_database.o
    0x0002abde   0x00000002   PAD
    0x0002abe0   0x00000084   Code   RO         1939    i.peer_data_delete  peer_data_storage.o
    0x0002ac64   0x00000030   Code   RO         1940    i.peer_data_find    peer_data_storage.o
    0x0002ac94   0x00000020   Code   RO         1941    i.peer_data_id_is_valid  peer_data_storage.o
    0x0002acb4   0x0000001a   Code   RO         2080    i.peer_data_point_to_buffer  peer_database.o
    0x0002acce   0x00000002   PAD
    0x0002acd0   0x0000000c   Code   RO         2234    i.peer_id_allocate  peer_id.o
    0x0002acdc   0x00000024   Code   RO         2235    i.peer_id_delete    peer_id.o
    0x0002ad00   0x0000001c   Code   RO         2236    i.peer_id_free      peer_id.o
    0x0002ad1c   0x0000000c   Code   RO         2237    i.peer_id_get_next_deleted  peer_id.o
    0x0002ad28   0x00000030   Code   RO         2238    i.peer_id_get_next_used  peer_id.o
    0x0002ad58   0x00000028   Code   RO         2239    i.peer_id_init      peer_id.o
    0x0002ad80   0x00000014   Code   RO         2240    i.peer_id_is_allocated  peer_id.o
    0x0002ad94   0x00000014   Code   RO         2241    i.peer_id_is_deleted  peer_id.o
    0x0002ada8   0x0000001c   Code   RO         1666    i.peer_id_set       id_manager.o
    0x0002adc4   0x0000006c   Code   RO           16    i.peer_manager_init  main.o
    0x0002ae30   0x000000d8   Code   RO         1459    i.pending_flags_check  gatt_cache_manager.o
    0x0002af08   0x00000018   Code   RO         3530    i.pin_in_use_by_port  nrf_drv_gpiote.o
    0x0002af20   0x00000018   Code   RO         3531    i.pin_in_use_by_te  nrf_drv_gpiote.o
    0x0002af38   0x0000005c   Code   RO         2606    i.pm_buffer_block_acquire  pm_buffer.o
    0x0002af94   0x00000040   Code   RO         2607    i.pm_buffer_init    pm_buffer.o
    0x0002afd4   0x00000028   Code   RO         2608    i.pm_buffer_ptr_get  pm_buffer.o
    0x0002affc   0x0000002e   Code   RO         2609    i.pm_buffer_release  pm_buffer.o
    0x0002b02a   0x0000000a   Code   RO         2326    i.pm_conn_sec_config_reply  peer_manager.o
    0x0002b034   0x00000014   Code   RO         2329    i.pm_conn_secure    peer_manager.o
    0x0002b048   0x000000fc   Code   RO           17    i.pm_evt_handler    main.o
    0x0002b144   0x00000004   Code   RO         2331    i.pm_gcm_evt_handler  peer_manager.o
    0x0002b148   0x00000024   Code   RO         2334    i.pm_im_evt_handler  peer_manager.o
    0x0002b16c   0x00000058   Code   RO         2335    i.pm_init           peer_manager.o
    0x0002b1c4   0x00000014   Code   RO         2337    i.pm_local_database_has_changed  peer_manager.o
    0x0002b1d8   0x0000000e   Code   RO         2649    i.pm_mutex_init     pm_mutex.o
    0x0002b1e6   0x0000001a   Code   RO         2650    i.pm_mutex_lock     pm_mutex.o
    0x0002b200   0x00000036   Code   RO         2651    i.pm_mutex_lock_first_available  pm_mutex.o
    0x0002b236   0x00000018   Code   RO         2652    i.pm_mutex_lock_status_get  pm_mutex.o
    0x0002b24e   0x0000003a   Code   RO         2653    i.pm_mutex_unlock   pm_mutex.o
    0x0002b288   0x00000118   Code   RO         2339    i.pm_pdb_evt_handler  peer_manager.o
    0x0002b3a0   0x00000014   Code   RO         2350    i.pm_peer_delete    peer_manager.o
    0x0002b3b4   0x000000b8   Code   RO         2354    i.pm_peer_ranks_get  peer_manager.o
    0x0002b46c   0x00000068   Code   RO         2355    i.pm_peers_delete   peer_manager.o
    0x0002b4d4   0x0000002c   Code   RO         2358    i.pm_register       peer_manager.o
    0x0002b500   0x00000014   Code   RO         2359    i.pm_sec_params_set  peer_manager.o
    0x0002b514   0x00000034   Code   RO         2360    i.pm_sm_evt_handler  peer_manager.o
    0x0002b548   0x0000003c   Code   RO         5955    i.postfix_process   nrf_log_str_formatter.o
    0x0002b584   0x0000005c   Code   RO         5956    i.prefix_process    nrf_log_str_formatter.o
    0x0002b5e0   0x0000001c   Code   RO         4466    i.queue_buf_get     fds.o
    0x0002b5fc   0x00000010   Code   RO         4467    i.queue_buf_store   fds.o
    0x0002b60c   0x000000a8   Code   RO         4468    i.queue_process     fds.o
    0x0002b6b4   0x00000098   Code   RO         5066    i.queue_process     nrf_fstorage_sd.o
    0x0002b74c   0x00000020   Code   RO         4469    i.queue_start       fds.o
    0x0002b76c   0x00000028   Code   RO         5067    i.queue_start       nrf_fstorage_sd.o
    0x0002b794   0x00000028   Code   RO         2363    i.rank_vars_update  peer_manager.o
    0x0002b7bc   0x0000000e   Code   RO         5068    i.read              nrf_fstorage_sd.o
    0x0002b7ca   0x00000002   PAD
    0x0002b7cc   0x00000068   Code   RO         2081    i.reattempt_previous_operations  peer_database.o
    0x0002b834   0x00000088   Code   RO         4470    i.record_find       fds.o
    0x0002b8bc   0x000000a0   Code   RO         4471    i.record_find_by_desc  fds.o
    0x0002b95c   0x0000005c   Code   RO         4472    i.record_find_next  fds.o
    0x0002b9b8   0x00000038   Code   RO         4473    i.record_header_flag_dirty  fds.o
    0x0002b9f0   0x00000038   Code   RO         1286    i.registered_handler_get  ble_db_discovery.o
    0x0002ba28   0x00000010   Code   RO         2243    i.release           peer_id.o
    0x0002ba38   0x00000004   Code   RO         5069    i.rmap              nrf_fstorage_sd.o
    0x0002ba3c   0x00000094   Code   RO         3160    i.rsc_feature_char_add  ble_rscs.o
    0x0002bad0   0x000000c2   Code   RO         3161    i.rsc_measurement_char_add  ble_rscs.o
    0x0002bb92   0x0000005e   Code   RO         3162    i.rsc_measurement_encode  ble_rscs.o
    0x0002bbf0   0x000000d8   Code   RO           18    i.rscs_c_evt_handler  main.o
    0x0002bcc8   0x0000003c   Code   RO         4180    i.rtc1_stop         app_timer.o
    0x0002bd04   0x00000032   Code   RO         3772    i.rx_byte           nrf_drv_uart.o
    0x0002bd36   0x00000018   Code   RO         3773    i.rx_done_event     nrf_drv_uart.o
    0x0002bd4e   0x00000020   Code   RO         3774    i.rx_enable         nrf_drv_uart.o
    0x0002bd6e   0x00000002   PAD
    0x0002bd70   0x00000018   Code   RO           19    i.scan_start        main.o
    0x0002bd88   0x00000042   Code   RO         6359    i.sd_nvic_SetPriority  nrf_sdh.o
    0x0002bdca   0x00000002   PAD
    0x0002bdcc   0x00000054   Code   RO         3307    i.sd_state_evt_handler  nrf_drv_clock.o
    0x0002be20   0x00000030   Code   RO         6360    i.sdh_request_observer_notify  nrf_sdh.o
    0x0002be50   0x0000002c   Code   RO         6361    i.sdh_state_observer_notify  nrf_sdh.o
    0x0002be7c   0x00000044   Code   RO         5405    i.sdk_mapped_flags_bulk_update_by_key  sdk_mapped_flags.o
    0x0002bec0   0x00000022   Code   RO         5406    i.sdk_mapped_flags_first_key_index_get  sdk_mapped_flags.o
    0x0002bee2   0x00000010   Code   RO         5407    i.sdk_mapped_flags_get_by_index  sdk_mapped_flags.o
    0x0002bef2   0x00000026   Code   RO         5408    i.sdk_mapped_flags_get_by_key  sdk_mapped_flags.o
    0x0002bf18   0x0000004a   Code   RO         5410    i.sdk_mapped_flags_key_list_get  sdk_mapped_flags.o
    0x0002bf62   0x0000001e   Code   RO         5411    i.sdk_mapped_flags_n_flags_set  sdk_mapped_flags.o
    0x0002bf80   0x0000000e   Code   RO         5412    i.sdk_mapped_flags_update_by_key  sdk_mapped_flags.o
    0x0002bf8e   0x000000a2   Code   RO         2712    i.sec_info_request_process  security_dispatcher.o
    0x0002c030   0x0000006c   Code   RO         2713    i.sec_keyset_fill   security_dispatcher.o
    0x0002c09c   0x00000076   Code   RO         2853    i.sec_params_verify  security_manager.o
    0x0002c112   0x00000002   PAD
    0x0002c114   0x00000038   Code   RO         2714    i.sec_proc_housekeeping  security_dispatcher.o
    0x0002c14c   0x00000068   Code   RO         2715    i.sec_proc_start    security_dispatcher.o
    0x0002c1b4   0x00000022   Code   RO         2716    i.send_config_req   security_dispatcher.o
    0x0002c1d6   0x00000002   PAD
    0x0002c1d8   0x00000010   Code   RO         1044    i.send_error_evt    ble_conn_params.o
    0x0002c1e8   0x00000028   Code   RO         1460    i.send_unexpected_error  gatt_cache_manager.o
    0x0002c210   0x00000028   Code   RO         2717    i.send_unexpected_error  security_dispatcher.o
    0x0002c238   0x0000002a   Code   RO         5616    i.serial_tx         nrf_log_backend_rtt.o
    0x0002c262   0x00000002   PAD
    0x0002c264   0x00000044   Code   RO         1566    i.service_changed_pending_set  gatts_cache_manager.o
    0x0002c2a8   0x0000008c   Code   RO         1461    i.service_changed_send_in_evt  gatt_cache_manager.o
    0x0002c334   0x00000088   Code   RO          866    i.service_data_encode  ble_advdata.o
    0x0002c3bc   0x000000f0   Code   RO           20    i.services_init     main.o
    0x0002c4ac   0x00000018   Code   RO         2854    i.sm_ble_evt_handler  security_manager.o
    0x0002c4c4   0x00000004   Code   RO         2855    i.sm_conn_sec_config_reply  security_manager.o
    0x0002c4c8   0x0000004c   Code   RO         2856    i.sm_init           security_manager.o
    0x0002c514   0x0000000a   Code   RO         2858    i.sm_link_secure    security_manager.o
    0x0002c51e   0x00000002   PAD
    0x0002c520   0x00000040   Code   RO         2859    i.sm_pdb_evt_handler  security_manager.o
    0x0002c560   0x00000034   Code   RO         2861    i.sm_sec_params_set  security_manager.o
    0x0002c594   0x00000060   Code   RO         2862    i.sm_smd_evt_handler  security_manager.o
    0x0002c5f4   0x00000118   Code   RO         2718    i.smd_ble_evt_handler  security_dispatcher.o
    0x0002c70c   0x00000010   Code   RO         2719    i.smd_conn_sec_config_reply  security_dispatcher.o
    0x0002c71c   0x00000058   Code   RO         2720    i.smd_init          security_dispatcher.o
    0x0002c774   0x0000006c   Code   RO         2721    i.smd_link_secure   security_dispatcher.o
    0x0002c7e0   0x000000fc   Code   RO         2722    i.smd_params_reply  security_dispatcher.o
    0x0002c8dc   0x00000040   Code   RO         2863    i.smd_params_reply_perform  security_manager.o
    0x0002c91c   0x0000000a   Code   RO         3308    i.soc_evt_handler   nrf_drv_clock.o
    0x0002c926   0x00000002   PAD
    0x0002c928   0x00000038   Code   RO         6362    i.softdevice_evt_irq_disable  nrf_sdh.o
    0x0002c960   0x00000050   Code   RO         6363    i.softdevices_evt_irq_enable  nrf_sdh.o
    0x0002c9b0   0x00000090   Code   RO         5787    i.std_n             nrf_log_frontend.o
    0x0002ca40   0x00000080   Code   RO         4181    i.timer_list_handler  app_timer.o
    0x0002cac0   0x0000003c   Code   RO         4182    i.timer_list_insert  app_timer.o
    0x0002cafc   0x00000060   Code   RO         4183    i.timer_list_remove  app_timer.o
    0x0002cb5c   0x00000048   Code   RO         4184    i.timer_stop_op_schedule  app_timer.o
    0x0002cba4   0x00000074   Code   RO         4185    i.timer_timeouts_check  app_timer.o
    0x0002cc18   0x00000048   Code   RO         3088    i.tx_buffer_process  ble_hrs_c.o
    0x0002cc60   0x00000048   Code   RO         3221    i.tx_buffer_process  ble_rscs_c.o
    0x0002cca8   0x00000020   Code   RO         3775    i.tx_byte           nrf_drv_uart.o
    0x0002ccc8   0x0000001c   Code   RO         3776    i.tx_done_event     nrf_drv_uart.o
    0x0002cce4   0x00000012   Code   RO          388    i.uart_error_handle  uart_k50.o
    0x0002ccf6   0x00000002   PAD
    0x0002ccf8   0x000000a0   Code   RO         5475    i.uart_event_handler  app_uart_fifo.o
    0x0002cd98   0x00000048   Code   RO          389    i.uart_init         uart_k50.o
    0x0002cde0   0x0000011e   Code   RO         3777    i.uart_irq_handler  nrf_drv_uart.o
    0x0002cefe   0x00000024   Code   RO          390    i.uart_read         uart_k50.o
    0x0002cf22   0x00000002   PAD
    0x0002cf24   0x0000008c   Code   RO          391    i.uart_timeout_handler  uart_k50.o
    0x0002cfb0   0x0000001e   Code   RO          392    i.uart_write        uart_k50.o
    0x0002cfce   0x000000f0   Code   RO         3778    i.uarte_irq_handler  nrf_drv_uart.o
    0x0002d0be   0x0000000a   Code   RO          867    i.uint16_encode     ble_advdata.o
    0x0002d0c8   0x00000020   Code   RO         5070    i.uninit            nrf_fstorage_sd.o
    0x0002d0e8   0x000000b4   Code   RO         4956    i.unsigned_print    nrf_fprintf_format.o
    0x0002d19c   0x00000068   Code   RO         1045    i.update_timeout_handler  ble_conn_params.o
    0x0002d204   0x00000018   Code   RO         1138    i.user_flag_is_acquired  ble_conn_state.o
    0x0002d21c   0x00000030   Code   RO         4186    i.user_op_alloc     app_timer.o
    0x0002d24c   0x00000030   Code   RO          868    i.uuid_list_encode  ble_advdata.o
    0x0002d27c   0x0000009e   Code   RO          869    i.uuid_list_sized_encode  ble_advdata.o
    0x0002d31a   0x00000004   Code   RO         5071    i.wmap              nrf_fstorage_sd.o
    0x0002d31e   0x00000002   PAD
    0x0002d320   0x00000050   Code   RO         5072    i.write             nrf_fstorage_sd.o
    0x0002d370   0x00000024   Code   RO         2082    i.write_buf_length_words_set  peer_database.o
    0x0002d394   0x0000009c   Code   RO         2083    i.write_buf_store   peer_database.o
    0x0002d430   0x00000034   Code   RO         2084    i.write_buffer_record_find  peer_database.o
    0x0002d464   0x00000028   Code   RO         2085    i.write_buffer_record_find_next  peer_database.o
    0x0002d48c   0x0000001e   Code   RO         2086    i.write_buffer_record_invalidate  peer_database.o
    0x0002d4aa   0x00000002   PAD
    0x0002d4ac   0x0000002c   Code   RO         2087    i.write_buffer_record_release  peer_database.o
    0x0002d4d8   0x000000e8   Code   RO         4475    i.write_enqueue     fds.o
    0x0002d5c0   0x000000f4   Code   RO         4476    i.write_execute     fds.o
    0x0002d6b4   0x00000018   Code   RO         4477    i.write_space_free  fds.o
    0x0002d6cc   0x0000005c   Code   RO         4478    i.write_space_reserve  fds.o
    0x0002d728   0x00000018   Data   RO           23    .constdata          main.o
    0x0002d740   0x00000018   Data   RO          394    .constdata          uart_k50.o
    0x0002d758   0x00000008   Data   RO          505    .constdata          boards.o
    0x0002d760   0x0000002c   Data   RO          624    .constdata          bsp.o
    0x0002d78c   0x0000007c   Data   RO         1288    .constdata          ble_db_discovery.o
    0x0002d808   0x00000050   Data   RO         1462    .constdata          gatt_cache_manager.o
    0x0002d858   0x00000004   Data   RO         1567    .constdata          gatts_cache_manager.o
    0x0002d85c   0x00000010   Data   RO         1568    .constdata          gatts_cache_manager.o
    0x0002d86c   0x00000004   Data   RO         1569    .constdata          gatts_cache_manager.o
    0x0002d870   0x00000008   Data   RO         1669    .constdata          id_manager.o
    0x0002d878   0x00000016   Data   RO         1838    .constdata          nrf_ble_gatt.o
    0x0002d88e   0x00000002   PAD
    0x0002d890   0x00000018   Data   RO         1942    .constdata          peer_data_storage.o
    0x0002d8a8   0x00000010   Data   RO         2089    .constdata          peer_database.o
    0x0002d8b8   0x00000010   Data   RO         2365    .constdata          peer_manager.o
    0x0002d8c8   0x00000068   Data   RO         2724    .constdata          security_dispatcher.o
    0x0002d930   0x00000004   Data   RO         2864    .constdata          security_manager.o
    0x0002d934   0x00000004   Data   RO         3533    .constdata          nrf_drv_gpiote.o
    0x0002d938   0x00000008   Data   RO         3981    .constdata          app_button.o
    0x0002d940   0x00000018   Data   RO         4481    .constdata          fds.o
    0x0002d958   0x00000010   Data   RO         4957    .constdata          nrf_fprintf_format.o
    0x0002d968   0x00000010   Data   RO         5075    .constdata          nrf_fstorage_sd.o
    0x0002d978   0x00000020   Data   RO         5076    .constdata          nrf_fstorage_sd.o
    0x0002d998   0x00000104   Data   RO         5374    .constdata          nrf_strerror.o
    0x0002da9c   0x00000020   Data   RO         5477    .constdata          app_uart_fifo.o
    0x0002dabc   0x0000000c   Data   RO         5618    .constdata          nrf_log_backend_rtt.o
    0x0002dac8   0x00000014   Data   RO         5790    .constdata          nrf_log_frontend.o
    0x0002dadc   0x00000010   Data   RO         6364    .constdata          nrf_sdh.o
    0x0002daec   0x00000028   Data   RO         6365    .constdata          nrf_sdh.o
    0x0002db14   0x00000010   Data   RO         6366    .constdata          nrf_sdh.o
    0x0002db24   0x00000010   Data   RO         6367    .constdata          nrf_sdh.o
    0x0002db34   0x00000020   Data   RO         6483    .constdata          nrf_sdh_ble.o
    0x0002db54   0x00000010   Data   RO         6484    .constdata          nrf_sdh_ble.o
    0x0002db64   0x00000010   Data   RO         6530    .constdata          nrf_sdh_soc.o
    0x0002db74   0x0000000c   Data   RO         6531    .constdata          nrf_sdh_soc.o
    0x0002db80   0x00000081   Data   RO         6612    .constdata          mc_w.l(ctype_o.o)
    0x0002dc01   0x00000003   PAD
    0x0002dc04   0x00000004   Data   RO         6613    .constdata          mc_w.l(ctype_o.o)
    0x0002dc08   0x00000041   Data   RO           24    .conststring        main.o
    0x0002dc49   0x00000003   PAD
    0x0002dc4c   0x0000012d   Data   RO         1839    .conststring        nrf_ble_gatt.o
    0x0002dd79   0x00000003   PAD
    0x0002dd7c   0x00000307   Data   RO         5375    .conststring        nrf_strerror.o
    0x0002e083   0x00000001   PAD
    0x0002e084   0x00000066   Data   RO         5957    .conststring        nrf_log_str_formatter.o
    0x0002e0ea   0x00000002   PAD
    0x0002e0ec   0x00000188   Data   RO         6485    .conststring        nrf_sdh_ble.o
    0x0002e274   0x0000000c   Data   RO         1289    .conststrlit        ble_db_discovery.o
    0x0002e280   0x00000009   Data   RO         1840    .conststrlit        nrf_ble_gatt.o
    0x0002e289   0x00000003   PAD
    0x0002e28c   0x0000000a   Data   RO         3090    .conststrlit        ble_hrs_c.o
    0x0002e296   0x00000002   PAD
    0x0002e298   0x0000000b   Data   RO         3223    .conststrlit        ble_rscs_c.o
    0x0002e2a3   0x00000001   PAD
    0x0002e2a4   0x00000006   Data   RO         3314    .conststrlit        nrf_drv_clock.o
    0x0002e2aa   0x00000002   PAD
    0x0002e2ac   0x00000007   Data   RO         3537    .conststrlit        nrf_drv_gpiote.o
    0x0002e2b3   0x00000001   PAD
    0x0002e2b4   0x00000005   Data   RO         3780    .conststrlit        nrf_drv_uart.o
    0x0002e2b9   0x00000003   PAD
    0x0002e2bc   0x00000007   Data   RO         4872    .conststrlit        nrf_balloc.o
    0x0002e2c3   0x00000001   PAD
    0x0002e2c4   0x00000009   Data   RO         5266    .conststrlit        nrf_pwr_mgmt.o
    0x0002e2cd   0x00000003   PAD
    0x0002e2d0   0x00000004   Data   RO         5792    .conststrlit        nrf_log_frontend.o
    0x0002e2d4   0x00000008   Data   RO         6368    .conststrlit        nrf_sdh.o
    0x0002e2dc   0x0000000c   Data   RO         6486    .conststrlit        nrf_sdh_ble.o
    0x0002e2e8   0x0000000c   Data   RO         6532    .conststrlit        nrf_sdh_soc.o
    0x0002e2f4   0x00000020   Data   RO         6679    Region$$Table       anon$$obj.o
    0x0002e314   0x00000008   Data   RO         1291    log_const_data      ble_db_discovery.o
    0x0002e31c   0x00000008   Data   RO         1841    log_const_data      nrf_ble_gatt.o
    0x0002e324   0x00000008   Data   RO         3092    log_const_data      ble_hrs_c.o
    0x0002e32c   0x00000008   Data   RO         3225    log_const_data      ble_rscs_c.o
    0x0002e334   0x00000008   Data   RO         3315    log_const_data      nrf_drv_clock.o
    0x0002e33c   0x00000008   Data   RO         3538    log_const_data      nrf_drv_gpiote.o
    0x0002e344   0x00000008   Data   RO         3781    log_const_data      nrf_drv_uart.o
    0x0002e34c   0x00000008   Data   RO         4873    log_const_data      nrf_balloc.o
    0x0002e354   0x00000008   Data   RO         5268    log_const_data      nrf_pwr_mgmt.o
    0x0002e35c   0x00000008   Data   RO         5796    log_const_data      nrf_log_frontend.o
    0x0002e364   0x00000008   Data   RO         6370    log_const_data      nrf_sdh.o
    0x0002e36c   0x00000008   Data   RO         6487    log_const_data      nrf_sdh_ble.o
    0x0002e374   0x00000008   Data   RO         6533    log_const_data      nrf_sdh_soc.o
    0x0002e37c   0x00000008   Data   RO         1140    sdh_ble_observers0  ble_conn_state.o
    0x0002e384   0x00000020   Data   RO           26    sdh_ble_observers1  main.o
    0x0002e3a4   0x00000008   Data   RO          737    sdh_ble_observers1  bsp_btn_ble.o
    0x0002e3ac   0x00000008   Data   RO         1048    sdh_ble_observers1  ble_conn_params.o
    0x0002e3b4   0x00000008   Data   RO         2367    sdh_ble_observers1  peer_manager.o
    0x0002e3bc   0x00000008   Data   RO           27    sdh_ble_observers3  main.o
    0x0002e3c4   0x00000008   Data   RO         5078    sdh_req_observers0  nrf_fstorage_sd.o
    0x0002e3cc   0x00000008   Data   RO         3317    sdh_soc_observers0  nrf_drv_clock.o
    0x0002e3d4   0x00000008   Data   RO         5079    sdh_soc_observers0  nrf_fstorage_sd.o
    0x0002e3dc   0x00000008   Data   RO           28    sdh_soc_observers1  main.o
    0x0002e3e4   0x00000008   Data   RO         6489    sdh_stack_observers0  nrf_sdh_ble.o
    0x0002e3ec   0x00000008   Data   RO         6535    sdh_stack_observers0  nrf_sdh_soc.o
    0x0002e3f4   0x00000008   Data   RO         3318    sdh_state_observers0  nrf_drv_clock.o
    0x0002e3fc   0x00000008   Data   RO         5080    sdh_state_observers0  nrf_fstorage_sd.o


    Execution Region RW_IRAM1 (Base: 0x20002c50, Size: 0x00003eb0, Max: 0x0000d3b0, ABSOLUTE, COMPRESSED[0x00000064])

    Base Addr    Size         Type   Attr      Idx    E Section Name        Object

    0x20002c50   0x000005a4   Data   RW           25    .data               main.o
    0x200031f4   0x00000010   Data   RW          625    .data               bsp.o
    0x20003204   0x00000008   Data   RW          736    .data               bsp_btn_ble.o
    0x2000320c   0x00000008   Data   RW         1047    .data               ble_conn_params.o
    0x20003214   0x00000010   Data   RW         1290    .data               ble_db_discovery.o
    0x20003224   0x0000000c   Data   RW         1463    .data               gatt_cache_manager.o
    0x20003230   0x00000006   Data   RW         1570    .data               gatts_cache_manager.o
    0x20003236   0x00000003   Data   RW         1670    .data               id_manager.o
    0x20003239   0x00000003   PAD
    0x2000323c   0x0000000c   Data   RW         1943    .data               peer_data_storage.o
    0x20003248   0x00000008   Data   RW         2090    .data               peer_database.o
    0x20003250   0x00000010   Data   RW         2366    .data               peer_manager.o
    0x20003260   0x00000006   Data   RW         2725    .data               security_dispatcher.o
    0x20003266   0x00000002   PAD
    0x20003268   0x00000015   Data   RW         2865    .data               security_manager.o
    0x2000327d   0x00000003   PAD
    0x20003280   0x00000008   Data   RW         3091    .data               ble_hrs_c.o
    0x20003288   0x00000008   Data   RW         3224    .data               ble_rscs_c.o
    0x20003290   0x00000014   Data   RW         3982    .data               app_button.o
    0x200032a4   0x00000014   Data   RW         4188    .data               app_timer.o
    0x200032b8   0x00000030   Data   RW         4482    .data               fds.o
    0x200032e8   0x00000008   Data   RW         5077    .data               nrf_fstorage_sd.o
    0x200032f0   0x00000010   Data   RW         5478    .data               app_uart_fifo.o
    0x20003300   0x0000000c   Data   RW         5729    .data               nrf_log_default_backends.o
    0x2000330c   0x00000008   Data   RW         5794    .data               nrf_log_frontend.o
    0x20003314   0x00000008   Data   RW         5795    .data               nrf_log_frontend.o
    0x2000331c   0x00000038   Data   RW         5958    .data               nrf_log_str_formatter.o
    0x20003354   0x00000003   Data   RW         6369    .data               nrf_sdh.o
    0x20003357   0x00000001   PAD
    0x20003358   0x00000004   Data   RW         6570    .data               system_nrf52.o
    0x2000335c   0x00000014   Data   RW         4483    fs_data             fds.o
    0x20003370   0x0000000c   Data   RW         1292    log_dynamic_data    ble_db_discovery.o
    0x2000337c   0x0000000c   Data   RW         1842    log_dynamic_data    nrf_ble_gatt.o
    0x20003388   0x0000000c   Data   RW         3093    log_dynamic_data    ble_hrs_c.o
    0x20003394   0x0000000c   Data   RW         3226    log_dynamic_data    ble_rscs_c.o
    0x200033a0   0x0000000c   Data   RW         3316    log_dynamic_data    nrf_drv_clock.o
    0x200033ac   0x0000000c   Data   RW         3539    log_dynamic_data    nrf_drv_gpiote.o
    0x200033b8   0x0000000c   Data   RW         3782    log_dynamic_data    nrf_drv_uart.o
    0x200033c4   0x0000000c   Data   RW         4874    log_dynamic_data    nrf_balloc.o
    0x200033d0   0x0000000c   Data   RW         5269    log_dynamic_data    nrf_pwr_mgmt.o
    0x200033dc   0x0000000c   Data   RW         5797    log_dynamic_data    nrf_log_frontend.o
    0x200033e8   0x0000000c   Data   RW         6371    log_dynamic_data    nrf_sdh.o
    0x200033f4   0x0000000c   Data   RW         6488    log_dynamic_data    nrf_sdh_ble.o
    0x20003400   0x0000000c   Data   RW         6534    log_dynamic_data    nrf_sdh_soc.o
    0x2000340c   0x00000020   Zero   RW           21    .bss                main.o
    0x2000342c   0x00000180   Zero   RW           22    .bss                main.o
    0x200035ac   0x00000200   Zero   RW          393    .bss                uart_k50.o
    0x200037ac   0x00000020   Zero   RW          620    .bss                bsp.o
    0x200037cc   0x00000020   Zero   RW          621    .bss                bsp.o
    0x200037ec   0x0000000c   Zero   RW          622    .bss                bsp.o
    0x200037f8   0x00000020   Zero   RW          623    .bss                bsp.o
    0x20003818   0x00000050   Zero   RW         1046    .bss                ble_conn_params.o
    0x20003868   0x000000b8   Zero   RW         1139    .bss                ble_conn_state.o
    0x20003920   0x00000318   Zero   RW         1287    .bss                ble_db_discovery.o
    0x20003c38   0x00000100   Zero   RW         1668    .bss                id_manager.o
    0x20003d38   0x000000d0   Zero   RW         2088    .bss                peer_database.o
    0x20003e08   0x00000040   Zero   RW         2244    .bss                peer_id.o
    0x20003e48   0x0000000c   Zero   RW         2364    .bss                peer_manager.o
    0x20003e54   0x00000040   Zero   RW         2723    .bss                security_dispatcher.o
    0x20003e94   0x000000a0   Zero   RW         3089    .bss                ble_hrs_c.o
    0x20003f34   0x000000a0   Zero   RW         3222    .bss                ble_rscs_c.o
    0x20003fd4   0x00000014   Zero   RW         3309    .bss                nrf_drv_clock.o
    0x20003fe8   0x00000058   Zero   RW         3532    .bss                nrf_drv_gpiote.o
    0x20004040   0x00000020   Zero   RW         3779    .bss                nrf_drv_uart.o
    0x20004060   0x00000020   Zero   RW         3980    .bss                app_button.o
    0x20004080   0x0000010c   Zero   RW         4187    .bss                app_timer.o
    0x2000418c   0x0000000c   Zero   RW         4336    .bss                app_util_platform.o
    0x20004198   0x000000e0   Zero   RW         4479    .bss                fds.o
    0x20004278   0x00000010   Zero   RW         4480    .bss                fds.o
    0x20004288   0x000000a0   Zero   RW         5073    .bss                nrf_fstorage_sd.o
    0x20004328   0x00000010   Zero   RW         5074    .bss                nrf_fstorage_sd.o
    0x20004338   0x00000020   Zero   RW         5476    .bss                app_uart_fifo.o
    0x20004358   0x00000040   Zero   RW         5617    .bss                nrf_log_backend_rtt.o
    0x20004398   0x000000c0   Zero   RW         5788    .bss                nrf_log_frontend.o
    0x20004458   0x00000420   Zero   RW         5789    .bss                nrf_log_frontend.o
    0x20004878   0x00000288   Zero   RW         6029    .bss                segger_rtt.o
    0x20004b00   0x00002000   Zero   RW         6558    STACK               arm_startup_nrf52.o


==============================================================================

Image component sizes


      Code (inc. data)   RO Data    RW Data    ZI Data      Debug   Object Name

       332         34          8         20         32      10042   app_button.o
        22          0          0          0          0       2125   app_error.o
       120         40          0          0          0      30541   app_error_weak.o
       118          0          0          0          0       4298   app_fifo.o
         0          0          0          0          0      21044   app_scheduler.o
      1630        122          0         20        268      46491   app_timer.o
       452         42         32         16         32      13162   app_uart_fifo.o
       124         14          0          0         12       9022   app_util_platform.o
        36          8        512          0       8192        940   arm_startup_nrf52.o
      1330          0          0          0          0      43007   ble_advdata.o
       928          6          0          0          0      17644   ble_advertising.o
       636         44          8          8         80      12175   ble_conn_params.o
       552         52          8          0        184       9777   ble_conn_state.o
      1658         78        144         28        792      25491   ble_db_discovery.o
       746          0          0          0          0       9106   ble_hrs.o
       518         18         18         20        160      32585   ble_hrs_c.o
       700          0          0          0          0      30126   ble_rscs.o
       538         18         19         20        160      30900   ble_rscs_c.o
         8          0          0          0          0       1474   ble_srv_common.o
       306         36          8          0          0      14614   boards.o
       886         80         44         16        108      38527   bsp.o
       222         10          8          8          0      49771   bsp_btn_ble.o
         0          0          0          0          0       7212   bsp_nfc.o
      3726        332         24         68        240      49986   fds.o
      1028         74         80         12          0      18589   gatt_cache_manager.o
       490         38         24          6          0      15187   gatts_cache_manager.o
      1156         58          8          3        256      17925   id_manager.o
      3064        656        137       1444        416     153695   main.o
       342          0          0          0          0       6338   nrf_atfifo.o
       164          0         15         12          0       3921   nrf_balloc.o
       688         46        340         12          0      31756   nrf_ble_gatt.o
       408         40         30         12         20      43423   nrf_drv_clock.o
        56          0          0          0          0      27487   nrf_drv_common.o
      1178         84         19         12         88      29446   nrf_drv_gpiote.o
      2140         66         13         12         32      40923   nrf_drv_uart.o
        50          0          0          0          0       3549   nrf_fprintf.o
       850          4         16          0          0       4774   nrf_fprintf_format.o
       312         10          0          0          0       5740   nrf_fstorage.o
       926         72         72          8        176      18671   nrf_fstorage_sd.o
        74          8         12          0         64       5501   nrf_log_backend_rtt.o
       210          0          0          0          0      10331   nrf_log_backend_serial.o
        28          6          0         12          0       3258   nrf_log_default_backends.o
      1492         88         32         28       1248      30984   nrf_log_frontend.o
       506         66        102         56          0       5064   nrf_log_str_formatter.o
       494          0          0          0          0      12495   nrf_memobj.o
         0          0         17         12          0       7377   nrf_pwr_mgmt.o
       600         60        104         15          0      50316   nrf_sdh.o
       576        154        468         12          0       5753   nrf_sdh_ble.o
        60          4         56         12          0       2616   nrf_sdh_soc.o
        78          0          0          0          0       2756   nrf_section_iter.o
        76         10       1035          0          0       2639   nrf_strerror.o
      1034         46         24         12          0      18892   peer_data_storage.o
      1268         62         16          8        208      23570   peer_database.o
       336         38          0          0         64       8931   peer_id.o
      1006         86         24         16         12      17269   peer_manager.o
       242          0          0          0          0       4135   pm_buffer.o
       226          0          0          0          0       5113   pm_mutex.o
       274          0          0          0          0       6647   sdk_mapped_flags.o
      2060         92        104          6         64      28122   security_dispatcher.o
      1132         56          4         21          0      46201   security_manager.o
       378         34          0          0        648       8537   segger_rtt.o
       796         70          0          4          0       3067   system_nrf52.o
       296         52         24          0        512      17110   uart_k50.o

    ----------------------------------------------------------------------
     41778       3014       3668       1980      14068    1258168   Object Totals
         0          0         32          0          0          0   (incl. Generated)
        96          0         27          9          0          0   (incl. Padding)

    ----------------------------------------------------------------------

      Code (inc. data)   RO Data    RW Data    ZI Data      Debug   Library Member Name

        86          0          0          0          0          0   __dczerorl2.o
         8          4        133          0          0         68   ctype_o.o
         0          0          0          0          0          0   entry.o
         0          0          0          0          0          0   entry10a.o
         0          0          0          0          0          0   entry11a.o
         8          4          0          0          0          0   entry2.o
         4          0          0          0          0          0   entry5.o
         0          0          0          0          0          0   entry7b.o
         0          0          0          0          0          0   entry8b.o
         8          4          0          0          0          0   entry9a.o
        30          0          0          0          0          0   handlers.o
        36          8          0          0          0         68   init.o
        30          0          0          0          0         68   llshl.o
        32          0          0          0          0         68   llushr.o
        26          0          0          0          0         80   memcmp.o
        64          0          0          0          0         76   memmovea.o
        36          0          0          0          0        108   memseta.o
        18          0          0          0          0         68   strcpy.o
        14          0          0          0          0         68   strlen.o
        98          0          0          0          0         92   uldiv.o

    ----------------------------------------------------------------------
       502         20        136          0          0        764   Library Totals
         4          0          3          0          0          0   (incl. Padding)

    ----------------------------------------------------------------------

      Code (inc. data)   RO Data    RW Data    ZI Data      Debug   Library Name

       498         20        133          0          0        764   mc_w.l

    ----------------------------------------------------------------------
       502         20        136          0          0        764   Library Totals

    ----------------------------------------------------------------------

==============================================================================


      Code (inc. data)   RO Data    RW Data    ZI Data      Debug   

     42280       3034       3804       1980      14068    1206156   Grand Totals
     42280       3034       3804        100      14068    1206156   ELF Image Totals (compressed)
     42280       3034       3804        100          0          0   ROM Totals

==============================================================================

    Total RO  Size (Code + RO Data)                46084 (  45.00kB)
    Total RW  Size (RW Data + ZI Data)             16048 (  15.67kB)
    Total ROM Size (Code + RO Data + RW Data)      46184 (  45.10kB)

==============================================================================

